Component: ARM Compiler 5.06 update 4 (build 422) Tool: armlink [4d35d2]

==============================================================================

Section Cross References

    system_stm32l4xx.o(i.SystemCoreClockUpdate) refers to system_stm32l4xx.o(.constdata) for MSIRangeTable
    system_stm32l4xx.o(i.SystemCoreClockUpdate) refers to system_stm32l4xx.o(.data) for SystemCoreClock
    stm32l4xx_hal_pwr.o(i.HAL_PWR_EnterSLEEPMode) refers to stm32l4xx_hal_pwr_ex.o(i.HAL_PWREx_DisableLowPowerRunMode) for HAL_PWREx_DisableLowPowerRunMode
    stm32l4xx_hal_pwr.o(i.HAL_PWR_EnterSLEEPMode) refers to stm32l4xx_hal_pwr_ex.o(i.HAL_PWREx_EnableLowPowerRunMode) for HAL_PWREx_EnableLowPowerRunMode
    stm32l4xx_hal_pwr.o(i.HAL_PWR_EnterSTOPMode) refers to stm32l4xx_hal_pwr_ex.o(i.HAL_PWREx_EnterSTOP1Mode) for HAL_PWREx_EnterSTOP1Mode
    stm32l4xx_hal_pwr.o(i.HAL_PWR_EnterSTOPMode) refers to stm32l4xx_hal_pwr_ex.o(i.HAL_PWREx_EnterSTOP0Mode) for HAL_PWREx_EnterSTOP0Mode
    stm32l4xx_hal.o(i.HAL_DeInit) refers to stm32l4xx_hal.o(i.HAL_MspDeInit) for HAL_MspDeInit
    stm32l4xx_hal.o(i.HAL_Delay) refers to stm32l4xx_hal.o(i.HAL_GetTick) for HAL_GetTick
    stm32l4xx_hal.o(i.HAL_GetTick) refers to stm32l4xx_hal.o(.data) for uwTick
    stm32l4xx_hal.o(i.HAL_IncTick) refers to stm32l4xx_hal.o(.data) for uwTick
    stm32l4xx_hal.o(i.HAL_Init) refers to stm32l4xx_hal_cortex.o(i.HAL_NVIC_SetPriorityGrouping) for HAL_NVIC_SetPriorityGrouping
    stm32l4xx_hal.o(i.HAL_Init) refers to stm32l4xx_hal_timebase_tim.o(i.HAL_InitTick) for HAL_InitTick
    stm32l4xx_hal.o(i.HAL_Init) refers to stm32l4xx_hal_msp.o(i.HAL_MspInit) for HAL_MspInit
    stm32l4xx_hal.o(i.HAL_InitTick) refers to stm32l4xx_hal_cortex.o(i.HAL_SYSTICK_Config) for HAL_SYSTICK_Config
    stm32l4xx_hal.o(i.HAL_InitTick) refers to stm32l4xx_hal_cortex.o(i.HAL_NVIC_SetPriority) for HAL_NVIC_SetPriority
    stm32l4xx_hal.o(i.HAL_InitTick) refers to system_stm32l4xx.o(.data) for SystemCoreClock
    stm32l4xx_hal.o(i.HAL_SYSCFG_EnableVREFBUF) refers to stm32l4xx_hal.o(i.HAL_GetTick) for HAL_GetTick
    stm32l4xx_hal_dma.o(i.HAL_DMA_PollForTransfer) refers to stm32l4xx_hal.o(i.HAL_GetTick) for HAL_GetTick
    stm32l4xx_hal_dma.o(i.HAL_DMA_Start) refers to stm32l4xx_hal_dma.o(i.DMA_SetConfig) for DMA_SetConfig
    stm32l4xx_hal_dma.o(i.HAL_DMA_Start_IT) refers to stm32l4xx_hal_dma.o(i.DMA_SetConfig) for DMA_SetConfig
    stm32l4xx_hal_pwr_ex.o(i.HAL_PWREx_ControlVoltageScaling) refers to system_stm32l4xx.o(.data) for SystemCoreClock
    stm32l4xx_hal_pwr_ex.o(i.HAL_PWREx_DisableLowPowerRunMode) refers to system_stm32l4xx.o(.data) for SystemCoreClock
    stm32l4xx_hal_pwr_ex.o(i.HAL_PWREx_PVD_PVM_IRQHandler) refers to stm32l4xx_hal_pwr.o(i.HAL_PWR_PVDCallback) for HAL_PWR_PVDCallback
    stm32l4xx_hal_pwr_ex.o(i.HAL_PWREx_PVD_PVM_IRQHandler) refers to stm32l4xx_hal_pwr_ex.o(i.HAL_PWREx_PVM2Callback) for HAL_PWREx_PVM2Callback
    stm32l4xx_hal_pwr_ex.o(i.HAL_PWREx_PVD_PVM_IRQHandler) refers to stm32l4xx_hal_pwr_ex.o(i.HAL_PWREx_PVM3Callback) for HAL_PWREx_PVM3Callback
    stm32l4xx_hal_pwr_ex.o(i.HAL_PWREx_PVD_PVM_IRQHandler) refers to stm32l4xx_hal_pwr_ex.o(i.HAL_PWREx_PVM4Callback) for HAL_PWREx_PVM4Callback
    stm32l4xx_hal_adc.o(i.ADC_ConversionStop) refers to stm32l4xx_hal.o(i.HAL_GetTick) for HAL_GetTick
    stm32l4xx_hal_adc.o(i.ADC_DMAConvCplt) refers to stm32l4xx_hal_adc.o(i.HAL_ADC_ConvCpltCallback) for HAL_ADC_ConvCpltCallback
    stm32l4xx_hal_adc.o(i.ADC_DMAConvCplt) refers to stm32l4xx_hal_adc.o(i.HAL_ADC_ErrorCallback) for HAL_ADC_ErrorCallback
    stm32l4xx_hal_adc.o(i.ADC_DMAError) refers to stm32l4xx_hal_adc.o(i.HAL_ADC_ErrorCallback) for HAL_ADC_ErrorCallback
    stm32l4xx_hal_adc.o(i.ADC_DMAHalfConvCplt) refers to stm32l4xx_hal_adc.o(i.HAL_ADC_ConvHalfCpltCallback) for HAL_ADC_ConvHalfCpltCallback
    stm32l4xx_hal_adc.o(i.ADC_Disable) refers to stm32l4xx_hal.o(i.HAL_GetTick) for HAL_GetTick
    stm32l4xx_hal_adc.o(i.ADC_Enable) refers to stm32l4xx_hal.o(i.HAL_GetTick) for HAL_GetTick
    stm32l4xx_hal_adc.o(i.HAL_ADC_ConfigChannel) refers to system_stm32l4xx.o(.data) for SystemCoreClock
    stm32l4xx_hal_adc.o(i.HAL_ADC_DeInit) refers to stm32l4xx_hal_adc.o(i.ADC_ConversionStop) for ADC_ConversionStop
    stm32l4xx_hal_adc.o(i.HAL_ADC_DeInit) refers to stm32l4xx_hal_adc.o(i.ADC_Disable) for ADC_Disable
    stm32l4xx_hal_adc.o(i.HAL_ADC_DeInit) refers to adc.o(i.HAL_ADC_MspDeInit) for HAL_ADC_MspDeInit
    stm32l4xx_hal_adc.o(i.HAL_ADC_IRQHandler) refers to stm32l4xx_hal_adc_ex.o(i.HAL_ADCEx_EndOfSamplingCallback) for HAL_ADCEx_EndOfSamplingCallback
    stm32l4xx_hal_adc.o(i.HAL_ADC_IRQHandler) refers to stm32l4xx_hal_adc.o(i.HAL_ADC_ConvCpltCallback) for HAL_ADC_ConvCpltCallback
    stm32l4xx_hal_adc.o(i.HAL_ADC_IRQHandler) refers to stm32l4xx_hal_adc_ex.o(i.HAL_ADCEx_InjectedConvCpltCallback) for HAL_ADCEx_InjectedConvCpltCallback
[...]
    HAL_RCC_OscConfig                        0x08003fd1   Thumb Code  1598  stm32l4xx_hal_rcc.o(i.HAL_RCC_OscConfig)
    HAL_RTC_GetDate                          0x0800461d   Thumb Code    72  stm32l4xx_hal_rtc.o(i.HAL_RTC_GetDate)
    HAL_RTC_GetTime                          0x08004669   Thumb Code    92  stm32l4xx_hal_rtc.o(i.HAL_RTC_GetTime)
    HAL_RTC_Init                             0x080046c9   Thumb Code   228  stm32l4xx_hal_rtc.o(i.HAL_RTC_Init)
    HAL_RTC_MspInit                          0x080047b1   Thumb Code    26  rtc.o(i.HAL_RTC_MspInit)
    HAL_RTC_SetDate                          0x080047d5   Thumb Code   288  stm32l4xx_hal_rtc.o(i.HAL_RTC_SetDate)
    HAL_RTC_SetTime                          0x080048f9   Thumb Code   322  stm32l4xx_hal_rtc.o(i.HAL_RTC_SetTime)
    HAL_RTC_WaitForSynchro                   0x08004a41   Thumb Code    58  stm32l4xx_hal_rtc.o(i.HAL_RTC_WaitForSynchro)
    HAL_SPI_GetState                         0x08004a7b   Thumb Code     8  stm32l4xx_hal_spi.o(i.HAL_SPI_GetState)
    HAL_SPI_Init                             0x08004a83   Thumb Code   192  stm32l4xx_hal_spi.o(i.HAL_SPI_Init)
    HAL_SPI_MspInit                          0x08004b45   Thumb Code    76  spi.o(i.HAL_SPI_MspInit)
    HAL_SPI_TransmitReceive                  0x08004b9d   Thumb Code   648  stm32l4xx_hal_spi.o(i.HAL_SPI_TransmitReceive)
    HAL_SYSTICK_CLKSourceConfig              0x08004e2b   Thumb Code    40  stm32l4xx_hal_cortex.o(i.HAL_SYSTICK_CLKSourceConfig)
    HAL_SYSTICK_Config                       0x08004e53   Thumb Code    52  stm32l4xx_hal_cortex.o(i.HAL_SYSTICK_Config)
    HAL_TIMEx_BreakCallback                  0x08004e87   Thumb Code     2  stm32l4xx_hal_tim_ex.o(i.HAL_TIMEx_BreakCallback)
    HAL_TIMEx_CommutationCallback            0x08004e89   Thumb Code     2  stm32l4xx_hal_tim_ex.o(i.HAL_TIMEx_CommutationCallback)
    HAL_TIMEx_MasterConfigSynchronization    0x08004e8d   Thumb Code    98  stm32l4xx_hal_tim_ex.o(i.HAL_TIMEx_MasterConfigSynchronization)
    HAL_TIM_Base_Init                        0x08004ef9   Thumb Code    52  stm32l4xx_hal_tim.o(i.HAL_TIM_Base_Init)
    HAL_TIM_Base_MspInit                     0x08004f2d   Thumb Code   112  tim.o(i.HAL_TIM_Base_MspInit)
    HAL_TIM_Base_Start_IT                    0x08004fa9   Thumb Code    30  stm32l4xx_hal_tim.o(i.HAL_TIM_Base_Start_IT)
    HAL_TIM_IC_CaptureCallback               0x08004fc7   Thumb Code     2  stm32l4xx_hal_tim.o(i.HAL_TIM_IC_CaptureCallback)
    HAL_TIM_IRQHandler                       0x08004fc9   Thumb Code   406  stm32l4xx_hal_tim.o(i.HAL_TIM_IRQHandler)
    HAL_TIM_OC_DelayElapsedCallback          0x0800515f   Thumb Code     2  stm32l4xx_hal_tim.o(i.HAL_TIM_OC_DelayElapsedCallback)
    HAL_TIM_PWM_PulseFinishedCallback        0x08005161   Thumb Code     2  stm32l4xx_hal_tim.o(i.HAL_TIM_PWM_PulseFinishedCallback)
    HAL_TIM_PeriodElapsedCallback            0x08005165   Thumb Code    24  main.o(i.HAL_TIM_PeriodElapsedCallback)
    HAL_TIM_PeriodElapsedCallback2           0x08005181   Thumb Code  1312  my_time.o(i.HAL_TIM_PeriodElapsedCallback2)
    HAL_TIM_TriggerCallback                  0x080056b1   Thumb Code     2  stm32l4xx_hal_tim.o(i.HAL_TIM_TriggerCallback)
    HAL_UARTEx_WakeupCallback                0x080056b3   Thumb Code     2  stm32l4xx_hal_uart_ex.o(i.HAL_UARTEx_WakeupCallback)
    HAL_UART_ErrorCallback                   0x080056b5   Thumb Code     2  stm32l4xx_hal_uart.o(i.HAL_UART_ErrorCallback)
    HAL_UART_IRQHandler                      0x080056b9   Thumb Code   394  stm32l4xx_hal_uart.o(i.HAL_UART_IRQHandler)
    HAL_UART_Init                            0x08005849   Thumb Code   120  stm32l4xx_hal_uart.o(i.HAL_UART_Init)
    HAL_UART_MspInit                         0x080058c1   Thumb Code    92  usart.o(i.HAL_UART_MspInit)
    HAL_UART_Receive_IT                      0x08005925   Thumb Code   188  stm32l4xx_hal_uart.o(i.HAL_UART_Receive_IT)
    HAL_UART_RxCpltCallback                  0x080059e1   Thumb Code   156  my_usart_change.o(i.HAL_UART_RxCpltCallback)
    HAL_UART_Transmit                        0x08005a99   Thumb Code   198  stm32l4xx_hal_uart.o(i.HAL_UART_Transmit)
    HAL_UART_TxCpltCallback                  0x08005b5f   Thumb Code     2  stm32l4xx_hal_uart.o(i.HAL_UART_TxCpltCallback)
    HardFault_Handler                        0x08005b61   Thumb Code    14  stm32l4xx_it.o(i.HardFault_Handler)
    IAP_Write_App_Bin                        0x08005b8d   Thumb Code   144  bsp_iap.o(i.IAP_Write_App_Bin)
    MX_ADC1_Init                             0x08005c29   Thumb Code   330  adc.o(i.MX_ADC1_Init)
    MX_ADC2_Init                             0x08005d8d   Thumb Code   170  adc.o(i.MX_ADC2_Init)
    MX_DAC1_Init                             0x08005e51   Thumb Code    86  dac.o(i.MX_DAC1_Init)
    MX_DMA_Init                              0x08005ec1   Thumb Code    90  dma.o(i.MX_DMA_Init)
    MX_FREERTOS_Init                         0x08005f21   Thumb Code   234  freertos.o(i.MX_FREERTOS_Init)
    MX_GPIO_Init                             0x0800603d   Thumb Code   516  gpio.o(i.MX_GPIO_Init)
    MX_RTC_Init                              0x0800625d   Thumb Code    48  rtc.o(i.MX_RTC_Init)
    MX_SPI3_Init                             0x080062a5   Thumb Code    78  spi.o(i.MX_SPI3_Init)
    MX_TIM6_Init                             0x0800630d   Thumb Code    66  tim.o(i.MX_TIM6_Init)
    MX_TIM7_Init                             0x08006369   Thumb Code    62  tim.o(i.MX_TIM7_Init)
    MX_USART2_UART_Init                      0x080063c1   Thumb Code    60  usart.o(i.MX_USART2_UART_Init)
    MemManage_Handler                        0x08006415   Thumb Code    14  stm32l4xx_it.o(i.MemManage_Handler)
    NMI_Handler                              0x08006441   Thumb Code    14  stm32l4xx_it.o(i.NMI_Handler)
    PostSleepProcessing                      0x080064a1   Thumb Code     2  freertos.o(i.PostSleepProcessing)
    PreSleepProcessing                       0x080064a3   Thumb Code     2  freertos.o(i.PreSleepProcessing)
    RF_RecvHandler_intrrupt_get_data_to_buf  0x080068dd   Thumb Code   192  my_cc1101.o(i.RF_RecvHandler_intrrupt_get_data_to_buf)
    RTC_Bcd2ToByte                           0x080069f9   Thumb Code    22  stm32l4xx_hal_rtc.o(i.RTC_Bcd2ToByte)
    RTC_ByteToBcd2                           0x08006a0f   Thumb Code    26  stm32l4xx_hal_rtc.o(i.RTC_ByteToBcd2)
    RTC_EnterInitMode                        0x08006a29   Thumb Code    62  stm32l4xx_hal_rtc.o(i.RTC_EnterInitMode)
    SPI_ExchangeByte                         0x08006acd   Thumb Code    44  my_cc1101.o(i.SPI_ExchangeByte)
    STMFLASH_Read                            0x08006c55   Thumb Code    36  bsp_stm_flash.o(i.STMFLASH_Read)
    STMFLASH_ReadDoubleWord                  0x08006c79   Thumb Code     8  bsp_stm_flash.o(i.STMFLASH_ReadDoubleWord)
    STMFLASH_Write                           0x08006c81   Thumb Code   272  bsp_stm_flash.o(i.STMFLASH_Write)
    STMFLASH_Write_NoCheck_64bit             0x08006da3   Thumb Code    46  bsp_stm_flash.o(i.STMFLASH_Write_NoCheck_64bit)
    StartDefaultTask                         0x08006dd1   Thumb Code    62  freertos.o(i.StartDefaultTask)
    StartTask02                              0x08006e21   Thumb Code   488  freertos.o(i.StartTask02)
    StartTask03                              0x08007071   Thumb Code   636  freertos.o(i.StartTask03)
    StartTask04                              0x0800732d   Thumb Code   334  freertos.o(i.StartTask04)
    StartTask08                              0x080074b9   Thumb Code   490  freertos.o(i.StartTask08)
    SysTick_Handler                          0x08007715   Thumb Code     8  stm32l4xx_it.o(i.SysTick_Handler)
    SystemClock_Config                       0x0800771d   Thumb Code   178  main.o(i.SystemClock_Config)
    SystemInit                               0x080077e5   Thumb Code    68  system_stm32l4xx.o(i.SystemInit)
    TIM1_TRG_COM_TIM17_IRQHandler            0x08007835   Thumb Code    10  stm32l4xx_it.o(i.TIM1_TRG_COM_TIM17_IRQHandler)
    TIM6_DAC_IRQHandler                      0x08007845   Thumb Code    16  stm32l4xx_it.o(i.TIM6_DAC_IRQHandler)
    TIM7_IRQHandler                          0x0800785d   Thumb Code    10  stm32l4xx_it.o(i.TIM7_IRQHandler)
    TIM_Base_SetConfig                       0x0800786d   Thumb Code   160  stm32l4xx_hal_tim.o(i.TIM_Base_SetConfig)
    UART_AdvFeatureConfig                    0x0800792d   Thumb Code   248  stm32l4xx_hal_uart.o(i.UART_AdvFeatureConfig)
    UART_CheckIdleState                      0x08007a25   Thumb Code   116  stm32l4xx_hal_uart.o(i.UART_CheckIdleState)
    UART_SetConfig                           0x08007b7d   Thumb Code  1156  stm32l4xx_hal_uart.o(i.UART_SetConfig)
    UART_WaitOnFlagUntilTimeout              0x08008075   Thumb Code   108  stm32l4xx_hal_uart.o(i.UART_WaitOnFlagUntilTimeout)
    USART2_IRQHandler                        0x080080e1   Thumb Code    10  stm32l4xx_it.o(i.USART2_IRQHandler)
    USART_printf                             0x080080f1   Thumb Code   402  my_usart.o(i.USART_printf)
    UsageFault_Handler                       0x08008285   Thumb Code    14  stm32l4xx_it.o(i.UsageFault_Handler)
    _Error_Handler                           0x080082b5   Thumb Code     4  main.o(i._Error_Handler)
    __0printf                                0x080082b9   Thumb Code    22  printfa.o(i.__0printf)
    __1printf                                0x080082b9   Thumb Code     0  printfa.o(i.__0printf)
    __2printf                                0x080082b9   Thumb Code     0  printfa.o(i.__0printf)
    __c89printf                              0x080082b9   Thumb Code     0  printfa.o(i.__0printf)
    printf                                   0x080082b9   Thumb Code     0  printfa.o(i.__0printf)
    __hardfp_fabs                            0x080082d9   Thumb Code    20  fabs.o(i.__hardfp_fabs)
    __hardfp_sqrt                            0x080082ed   Thumb Code   122  sqrt.o(i.__hardfp_sqrt)
    __scatterload_copy                       0x08008367   Thumb Code    14  handlers.o(i.__scatterload_copy)
    __scatterload_null                       0x08008375   Thumb Code     2  handlers.o(i.__scatterload_null)
    __scatterload_zeroinit                   0x08008377   Thumb Code    14  handlers.o(i.__scatterload_zeroinit)
    __set_errno                              0x08008385   Thumb Code     6  errno.o(i.__set_errno)
    eTaskConfirmSleepModeStatus              0x08008c51   Thumb Code    42  tasks.o(i.eTaskConfirmSleepModeStatus)
    filter_1                                 0x08008c8d   Thumb Code    60  my_adc.o(i.filter_1)
    fputc                                    0x08008cd1   Thumb Code    22  my_usart.o(i.fputc)
    fun_Judege_It_cache2                     0x08008ced   Thumb Code   716  my_wave_rec.o(i.fun_Judege_It_cache2)
    fun_Judege_It_cache3                     0x08009005   Thumb Code  1398  my_wave_rec.o(i.fun_Judege_It_cache3)
    fun_Judege_It_end                        0x08009639   Thumb Code   704  my_wave_rec.o(i.fun_Judege_It_end)
    fun_my_wave1_to_wave2                    0x08009945   Thumb Code   792  my_wave_rec.o(i.fun_my_wave1_to_wave2)
    fun_real_all_Current                     0x08009c91   Thumb Code  1168  my_wave_rec.o(i.fun_real_all_Current)
    fun_real_all_dianchang                   0x0800a135   Thumb Code   624  my_wave_rec.o(i.fun_real_all_dianchang)
    fun_real_half_Current                    0x0800a3dd   Thumb Code   692  my_wave_rec.o(i.fun_real_half_Current)
    fun_wave2_to_wave3                       0x0800a6c5   Thumb Code   254  my_wave_rec.o(i.fun_wave2_to_wave3)
    itoa                                     0x0800a7fd   Thumb Code    98  my_usart.o(i.itoa)
    main                                     0x0800a861   Thumb Code  1616  main.o(i.main)
    my_101frame_analyse                      0x0800af21   Thumb Code  1520  my_cc1101.o(i.my_101frame_analyse)
    my_adc2_convert2                         0x0800b519   Thumb Code  1256  my_wave_rec.o(i.my_adc2_convert2)
    my_adc_1_convert                         0x0800ba0d   Thumb Code   602  my_adc.o(i.my_adc_1_convert)
    my_adc_1_convert_dis                     0x0800bcb9   Thumb Code   126  my_adc.o(i.my_adc_1_convert_dis)
    my_fun_101_send_long_data                0x0800bd75   Thumb Code   138  my_101.o(i.my_fun_101_send_long_data)
    my_fun_101_send_short_data               0x0800be15   Thumb Code    74  my_101.o(i.my_fun_101_send_short_data)
    my_fun_101check_generate                 0x0800be6d   Thumb Code   178  my_cc1101.o(i.my_fun_101check_generate)
    my_fun_101check_verify                   0x0800bf1f   Thumb Code   238  my_cc1101.o(i.my_fun_101check_verify)
    my_fun_101send_AC12T_Cyc_data            0x0800c00d   Thumb Code   524  my_101.o(i.my_fun_101send_AC12T_Cyc_data)
    my_fun_101send_AC_Rec_data               0x0800c23d   Thumb Code   462  my_101.o(i.my_fun_101send_AC_Rec_data)
    my_fun_101send_AC_data                   0x0800c469   Thumb Code   216  my_101.o(i.my_fun_101send_AC_data)
    my_fun_101send_Alarm_status_data         0x0800c555   Thumb Code    94  my_101.o(i.my_fun_101send_Alarm_status_data)
    my_fun_101send_DC_data                   0x0800c5c9   Thumb Code   150  my_101.o(i.my_fun_101send_DC_data)
    my_fun_CC1101_init_resume                0x0800c675   Thumb Code    82  my_os.o(i.my_fun_CC1101_init_resume)
    my_fun_CC1101_init_reum                  0x0800c72d   Thumb Code   148  my_cc1101.o(i.my_fun_CC1101_init_reum)
    my_fun_CC1101_re_CCA_status              0x0800c7e5   Thumb Code    24  my_cc1101.o(i.my_fun_CC1101_re_CCA_status)
    my_fun_CC1101_send_long_data             0x0800c801   Thumb Code   128  my_cc1101.o(i.my_fun_CC1101_send_long_data)
    my_fun_CC1101_test1                      0x0800c8c5   Thumb Code    80  my_os.o(i.my_fun_CC1101_test1)
    my_fun_CC1101_time_dialog_rx2            0x0800c91d   Thumb Code   156  my_os.o(i.my_fun_CC1101_time_dialog_rx2)
    my_fun_CC1101_time_dialog_tx2            0x0800c9f1   Thumb Code   220  my_os.o(i.my_fun_CC1101_time_dialog_tx2)
    my_fun_DAC_evref_auto_ajust              0x0800cafd   Thumb Code  2086  my_dac.o(i.my_fun_DAC_evref_auto_ajust)
    my_fun_RX_CC1101_text0_RX_OK             0x0800d381   Thumb Code   528  my_os.o(i.my_fun_RX_CC1101_text0_RX_OK)
    my_fun_Set_DAC_I_ref                     0x0800d6d5   Thumb Code   934  my_dac.o(i.my_fun_Set_DAC_I_ref)
    my_fun_TX_CC1101_config                  0x0800db6d   Thumb Code    24  my_os.o(i.my_fun_TX_CC1101_config)
    my_fun_TX_CC1101_config2                 0x0800db91   Thumb Code    30  my_os.o(i.my_fun_TX_CC1101_config2)
    my_fun_TX_CC1101_heart                   0x0800dbe1   Thumb Code    24  my_os.o(i.my_fun_TX_CC1101_heart)
    my_fun_TX_CC1101_test0                   0x0800dc05   Thumb Code    46  my_os.o(i.my_fun_TX_CC1101_test0)
    my_fun_TX_CC1101_test1                   0x0800dc41   Thumb Code    52  my_os.o(i.my_fun_TX_CC1101_test1)
    my_fun_TX_CC1101_test2                   0x0800dc81   Thumb Code   180  my_os.o(i.my_fun_TX_CC1101_test2)
    my_fun_TX_CC1101_test3                   0x0800dde1   Thumb Code    46  my_os.o(i.my_fun_TX_CC1101_test3)
    my_fun_TX_CC1101_test4                   0x0800de1d   Thumb Code    90  my_os.o(i.my_fun_TX_CC1101_test4)
    my_fun_TX_CC1101_test5                   0x0800de89   Thumb Code    46  my_os.o(i.my_fun_TX_CC1101_test5)
    my_fun_current_exit_just                 0x0800dec5   Thumb Code   170  my_wave_rec.o(i.my_fun_current_exit_just)
    my_fun_display_buf_16                    0x0800df91   Thumb Code    54  my_cc1101.o(i.my_fun_display_buf_16)
    my_fun_get_Line_stop_Efild               0x0800dfe1   Thumb Code  1474  my_wave_rec.o(i.my_fun_get_Line_stop_Efild)
    my_fun_give_Queue                        0x0800e611   Thumb Code    66  my_os.o(i.my_fun_give_Queue)
    my_fun_usart_init_resume                 0x0800e681   Thumb Code    38  my_os.o(i.my_fun_usart_init_resume)
    my_fun_wave1_to_wave2_old_data           0x0800e6b9   Thumb Code   140  my_wave_rec.o(i.my_fun_wave1_to_wave2_old_data)
    my_fun_wave_rec                          0x0800e765   Thumb Code    30  my_wave_rec.o(i.my_fun_wave_rec)
    my_fun_write_update_data_to_FLASH        0x0800e785   Thumb Code   370  bsp_iap.o(i.my_fun_write_update_data_to_FLASH)
    my_read_all_reg                          0x0800eaf9   Thumb Code    76  my_cc1101.o(i.my_read_all_reg)
    osDelay                                  0x0800eb71   Thumb Code    24  cmsis_os.o(i.osDelay)
    osKernelStart                            0x0800eb89   Thumb Code    10  cmsis_os.o(i.osKernelStart)
    osMessageCreate                          0x0800eb93   Thumb Code    18  cmsis_os.o(i.osMessageCreate)
    osMutexCreate                            0x0800eba5   Thumb Code    12  cmsis_os.o(i.osMutexCreate)
    osSystickHandler                         0x0800ebb1   Thumb Code    16  cmsis_os.o(i.osSystickHandler)
    osThreadCreate                           0x0800ebc1   Thumb Code    48  cmsis_os.o(i.osThreadCreate)
    osTimerCreate                            0x0800ebf1   Thumb Code    36  cmsis_os.o(i.osTimerCreate)
    osTimerStart                             0x0800ec19   Thumb Code   100  cmsis_os.o(i.osTimerStart)
    pvPortMalloc                             0x0800f751   Thumb Code   296  heap_4.o(i.pvPortMalloc)
    pvTaskIncrementMutexHeldCount            0x0800f88d   Thumb Code    26  tasks.o(i.pvTaskIncrementMutexHeldCount)
    pxPortInitialiseStack                    0x0800f8ad   Thumb Code    38  port.o(i.pxPortInitialiseStack)
    uxListRemove                             0x0800f8d9   Thumb Code    40  list.o(i.uxListRemove)
    uxTaskResetEventItemValue                0x0800f901   Thumb Code    24  tasks.o(i.uxTaskResetEventItemValue)
    vEventGroupSetBitsCallback               0x0800f91d   Thumb Code    16  event_groups.o(i.vEventGroupSetBitsCallback)
    vListInitialise                          0x0800f92d   Thumb Code    26  list.o(i.vListInitialise)
    vListInitialiseItem                      0x0800f947   Thumb Code     6  list.o(i.vListInitialiseItem)
    vListInsert                              0x0800f94d   Thumb Code    52  list.o(i.vListInsert)
    vListInsertEnd                           0x0800f981   Thumb Code    24  list.o(i.vListInsertEnd)
    vPortEnterCritical                       0x0800f999   Thumb Code    76  port.o(i.vPortEnterCritical)
    vPortExitCritical                        0x0800f9ed   Thumb Code    56  port.o(i.vPortExitCritical)
    vPortFree                                0x0800fa29   Thumb Code   140  heap_4.o(i.vPortFree)
    vPortSetupTimerInterrupt                 0x0800fabd   Thumb Code    76  port.o(i.vPortSetupTimerInterrupt)
    vPortSuppressTicksAndSleep               0x0800fb19   Thumb Code   336  port.o(i.vPortSuppressTicksAndSleep)
    vPortValidateInterruptPriority           0x0800fc75   Thumb Code   106  port.o(i.vPortValidateInterruptPriority)
    vQueueAddToRegistry                      0x0800fced   Thumb Code    38  queue.o(i.vQueueAddToRegistry)
    vQueueWaitForMessageRestricted           0x0800fd19   Thumb Code    74  queue.o(i.vQueueWaitForMessageRestricted)
    vTaskDelay                               0x0800fd65   Thumb Code    82  tasks.o(i.vTaskDelay)
    vTaskMissedYield                         0x0800fdc1   Thumb Code     8  tasks.o(i.vTaskMissedYield)
    vTaskPlaceOnEventList                    0x0800fdcd   Thumb Code    52  tasks.o(i.vTaskPlaceOnEventList)
    vTaskPlaceOnEventListRestricted          0x0800fe05   Thumb Code    60  tasks.o(i.vTaskPlaceOnEventListRestricted)
    vTaskPlaceOnUnorderedEventList           0x0800fe45   Thumb Code   100  tasks.o(i.vTaskPlaceOnUnorderedEventList)
    vTaskPriorityInherit                     0x0800feb1   Thumb Code   164  tasks.o(i.vTaskPriorityInherit)
    vTaskSetTimeOutState                     0x0800ff61   Thumb Code    38  tasks.o(i.vTaskSetTimeOutState)
    vTaskStartScheduler                      0x0800ff91   Thumb Code   118  tasks.o(i.vTaskStartScheduler)
    vTaskStepTick                            0x08010025   Thumb Code    56  tasks.o(i.vTaskStepTick)
    vTaskSuspendAll                          0x08010065   Thumb Code    12  tasks.o(i.vTaskSuspendAll)
    vTaskSwitchContext                       0x08010075   Thumb Code   118  tasks.o(i.vTaskSwitchContext)
    xEventGroupCreate                        0x08010101   Thumb Code    26  event_groups.o(i.xEventGroupCreate)
    xEventGroupSetBits                       0x0801011b   Thumb Code   206  event_groups.o(i.xEventGroupSetBits)
    xEventGroupWaitBits                      0x080101f1   Thumb Code   334  event_groups.o(i.xEventGroupWaitBits)
    xPortStartScheduler                      0x0801034d   Thumb Code   288  port.o(i.xPortStartScheduler)
    xPortSysTickHandler                      0x08010489   Thumb Code    46  port.o(i.xPortSysTickHandler)
    xQueueCreateMutex                        0x080104bd   Thumb Code    34  queue.o(i.xQueueCreateMutex)
    xQueueGenericCreate                      0x080104df   Thumb Code    88  queue.o(i.xQueueGenericCreate)
    xQueueGenericReceive                     0x08010539   Thumb Code   446  queue.o(i.xQueueGenericReceive)
    xQueueGenericReset                       0x080106fd   Thumb Code   146  queue.o(i.xQueueGenericReset)
    xQueueGenericSend                        0x08010795   Thumb Code   420  queue.o(i.xQueueGenericSend)
    xQueueGenericSendFromISR                 0x0801093d   Thumb Code   248  queue.o(i.xQueueGenericSendFromISR)
    xTaskCheckForTimeOut                     0x08010a3d   Thumb Code   132  tasks.o(i.xTaskCheckForTimeOut)
    xTaskCreate                              0x08010ac9   Thumb Code    96  tasks.o(i.xTaskCreate)
    xTaskGetSchedulerState                   0x08010b31   Thumb Code    24  tasks.o(i.xTaskGetSchedulerState)
    xTaskGetTickCount                        0x08010b51   Thumb Code     6  tasks.o(i.xTaskGetTickCount)
    xTaskIncrementTick                       0x08010b5d   Thumb Code   282  tasks.o(i.xTaskIncrementTick)
    xTaskPriorityDisinherit                  0x08010ca5   Thumb Code   188  tasks.o(i.xTaskPriorityDisinherit)
    xTaskRemoveFromEventList                 0x08010d6d   Thumb Code   132  tasks.o(i.xTaskRemoveFromEventList)
    xTaskRemoveFromUnorderedEventList        0x08010e09   Thumb Code   154  tasks.o(i.xTaskRemoveFromUnorderedEventList)
    xTaskResumeAll                           0x08010eb9   Thumb Code   224  tasks.o(i.xTaskResumeAll)
    xTimerCreate                             0x08010fbd   Thumb Code    48  timers.o(i.xTimerCreate)
    xTimerCreateTimerTask                    0x08010ff5   Thumb Code    66  timers.o(i.xTimerCreateTimerTask)
    xTimerGenericCommand                     0x0801104d   Thumb Code   128  timers.o(i.xTimerGenericCommand)
    xTimerPendFunctionCallFromISR            0x080110d1   Thumb Code    48  timers.o(i.xTimerPendFunctionCallFromISR)
    AHBPrescTable                            0x08011104   Data          16  system_stm32l4xx.o(.constdata)
    APBPrescTable                            0x08011114   Data           8  system_stm32l4xx.o(.constdata)
    MSIRangeTable                            0x0801111c   Data          48  system_stm32l4xx.o(.constdata)
    Region$$Table$$Base                      0x08011538   Number         0  anon$$obj.o(Region$$Table)
    Region$$Table$$Limit                     0x08011558   Number         0  anon$$obj.o(Region$$Table)
    SystemCoreClock                          0x20000000   Data           4  system_stm32l4xx.o(.data)
    uwTick                                   0x20000004   Data           4  stm32l4xx_hal.o(.data)
    my_sys_start_status                      0x20000008   Data           1  main.o(.data)
    USART2_FRAME_status                      0x20000010   Data           1  my_gloabal_val.o(.data)
    rsbuf2pt_write                           0x20000012   Data           2  my_gloabal_val.o(.data)
    rsbuf2pt_read                            0x20000014   Data           2  my_gloabal_val.o(.data)
    my_wave_write_add                        0x20000016   Data           2  my_gloabal_val.o(.data)
    my_wave_re_status                        0x20000018   Data           1  my_gloabal_val.o(.data)
    my_PA01_count                            0x2000001a   Data           2  my_gloabal_val.o(.data)
    my_PA00_count                            0x2000001c   Data           2  my_gloabal_val.o(.data)
    my_PC06_count                            0x2000001e   Data           2  my_gloabal_val.o(.data)
    my_dianliu_exit_add                      0x20000020   Data           2  my_gloabal_val.o(.data)
    my_Wave_It_add                           0x20000022   Data           2  my_gloabal_val.o(.data)
    my_Current_exit_Status                   0x20000024   Data           1  my_gloabal_val.o(.data)
    my_E_Field_exit_Status                   0x20000025   Data           1  my_gloabal_val.o(.data)
    my_E_Field_exit_add                      0x20000026   Data           2  my_gloabal_val.o(.data)
    my_Time_Cyc_exit_Status                  0x20000028   Data           1  my_gloabal_val.o(.data)
    my_Time_Cyc_exit_add                     0x2000002a   Data           2  my_gloabal_val.o(.data)
    my_send_3S_count                         0x2000002c   Data           2  my_gloabal_val.o(.data)
    my_send_ALL_A_960_data_status            0x2000002e   Data           1  my_gloabal_val.o(.data)
    my_send_ALL_E_960_data_status            0x2000002f   Data           1  my_gloabal_val.o(.data)
    my_send_HALF_A_960_data_status           0x20000030   Data           1  my_gloabal_val.o(.data)
    my_usart3_error_status                   0x20000031   Data           1  my_gloabal_val.o(.data)
    my_CC1101_Sleep_status                   0x20000032   Data           1  my_gloabal_val.o(.data)
    my_tim6_count                            0x20000034   Data           2  my_gloabal_val.o(.data)
    my_cyc_time_count                        0x20000036   Data           2  my_gloabal_val.o(.data)
    my_cyc_delay                             0x20000038   Data           2  my_gloabal_val.o(.data)
    my_cc_Efied_count                        0x2000003a   Data           1  my_gloabal_val.o(.data)
    my_CC1101_all_step                       0x2000003c   Data           2  my_gloabal_val.o(.data)
    my_DTU_status                            0x2000003e   Data           1  my_gloabal_val.o(.data)
    my_DTU_send_faile_count                  0x20000040   Data           2  my_gloabal_val.o(.data)
    my_DAC_cyc_time                          0x20000042   Data           1  my_gloabal_val.o(.data)
    my_zsq_ALarm_send_status                 0x20000043   Data           1  my_gloabal_val.o(.data)
    my_cyc_alarm_status                      0x20000044   Data           1  my_gloabal_val.o(.data)
    my_RTC_date                              0x20000045   Data           4  my_gloabal_val.o(.data)
    my_ADC_Count                             0x2000004a   Data           2  my_gloabal_val.o(.data)
    my_ADC_Count_old                         0x2000004c   Data           2  my_gloabal_val.o(.data)
    my_Line_short_status                     0x2000004e   Data           1  my_gloabal_val.o(.data)
    my_Line_short_count                      0x20000050   Data           2  my_gloabal_val.o(.data)
    my_use_Jiedi_exit_status                 0x20000052   Data           1  my_gloabal_val.o(.data)
    my_UART2_Status                          0x20000053   Data           1  my_usart_change.o(.data)
    my_IT_status                             0x20000054   Data           1  my_time.o(.data)
    my_IT_Count                              0x20000055   Data           1  my_time.o(.data)
    my_reset_count                           0x20000056   Data           1  my_time.o(.data)
    my_LED_ON_Count_gate                     0x20000058   Data           2  my_time.o(.data)
    my_LED_ON_Count                          0x2000005a   Data           2  my_time.o(.data)
    my_CC1101_RSSI_count                     0x2000005c   Data           2  my_time.o(.data)
    VREFINT_CAL                              0x20000060   Data           2  my_adc.o(.data)
    MY_TS_CAL1                               0x20000062   Data           2  my_adc.o(.data)
    MY_TS_CAL2                               0x20000064   Data           2  my_adc.o(.data)
    MY_VDD                                   0x20000068   Data           8  my_adc.o(.data)
    my_dac1_channel2_data_e                  0x20000070   Data           2  my_dac.o(.data)
    my_dac1_channel1_data_i                  0x20000072   Data           2  my_dac.o(.data)
    my_150A_ref_int                          0x20000074   Data           4  my_dac.o(.data)
    my_5A_ref_int                            0x20000078   Data           4  my_dac.o(.data)
    my_100E_ref_int                          0x2000007c   Data           2  my_dac.o(.data)
    my_100E_real_int                         0x2000007e   Data           2  my_dac.o(.data)
    my_DAC_Line_I                            0x20000080   Data           8  my_dac.o(.data)
    my_DAC_Line_Efild                        0x20000088   Data           8  my_dac.o(.data)
    my_adjust_value_V                        0x20000090   Data           8  my_dac.o(.data)
    my_counst_value                          0x20000098   Data           8  my_dac.o(.data)
    my_get_count                             0x200000a0   Data           1  my_exit.o(.data)
    my_Fault_Current_End_Status              0x200000a8   Data           1  my_wave_rec.o(.data)
    my_Fault_E_Fild_End_Status               0x200000a9   Data           1  my_wave_rec.o(.data)
    my_befor_500ms_normal_count              0x200000aa   Data           1  my_wave_rec.o(.data)
    my_befor_short_stop_count                0x200000ab   Data           1  my_wave_rec.o(.data)
    my_short_circuit_count                   0x200000ac   Data           1  my_wave_rec.o(.data)
    my_short_circuit_count2                  0x200000ad   Data           1  my_wave_rec.o(.data)
    my_after_short_stop_count1               0x200000ae   Data           1  my_wave_rec.o(.data)
    my_after_short_stop_count2               0x200000af   Data           1  my_wave_rec.o(.data)
    my_after_stop1_normal_count              0x200000b0   Data           1  my_wave_rec.o(.data)
    my_E_fild_change_count                   0x200000b1   Data           1  my_wave_rec.o(.data)
    my_E_fild_min_count                      0x200000b2   Data           1  my_wave_rec.o(.data)
    my_Line_Current_stop_status              0x200000b3   Data           1  my_wave_rec.o(.data)
    my_Line_Current_stop_last_status         0x200000b4   Data           1  my_wave_rec.o(.data)
    my_Line_Efild_valu                       0x200000b6   Data           2  my_wave_rec.o(.data)
    my_line_Current_value                    0x200000b8   Data           2  my_wave_rec.o(.data)
    MY_Efile_Zero_data                       0x200000ba   Data           2  my_wave_rec.o(.data)
    MY_Efile_floor_data                      0x200000bc   Data           2  my_wave_rec.o(.data)
    my_HA_Zero_data                          0x200000c0   Data           4  my_wave_rec.o(.data)
    my_A_Zero_data                           0x200000c8   Data           8  my_wave_rec.o(.data)
    Current_D_value                          0x200000d0   Data           2  my_wave_rec.o(.data)
    E_fild_D_value                           0x200000d2   Data           2  my_wave_rec.o(.data)
    E_fild_threshold_value                   0x200000d4   Data           2  my_wave_rec.o(.data)
    my_all_a_adjust                          0x200000d8   Data           8  my_wave_rec.o(.data)
    my_adjust_300_a                          0x200000e0   Data           8  my_wave_rec.o(.data)
    my_adjust_300_b                          0x200000e8   Data           8  my_wave_rec.o(.data)
    my_adjust_50_a                           0x200000f0   Data           8  my_wave_rec.o(.data)
    my_adjust_50_b                           0x200000f8   Data           8  my_wave_rec.o(.data)
    my_adjust_5_a                            0x20000100   Data           8  my_wave_rec.o(.data)
    my_adjust_5_b                            0x20000108   Data           8  my_wave_rec.o(.data)
    my_I_100A_Radio                          0x20000110   Data           8  my_wave_rec.o(.data)
    my_i_ratio_value                         0x20000118   Data           8  my_wave_rec.o(.data)
    my_value_daya                            0x20000120   Data           8  my_wave_rec.o(.data)
    my_E_ratio_value                         0x20000128   Data           8  my_wave_rec.o(.data)
    my_all_i_up_value                        0x20000130   Data           2  my_wave_rec.o(.data)
    my_E_fild_time_add                       0x20000132   Data           2  my_wave_rec.o(.data)
    temp_double                              0x20000138   Data           8  my_wave_rec.o(.data)
    number_before_pp                         0x20000140   Data           2  my_wave_rec.o(.data)
    my_all_current_aver0                     0x20000148   Data           8  my_wave_rec.o(.data)
    my_E_Fild_old                            0x20000150   Data           8  my_wave_rec.o(.data)
    my_point                                 0x20000158   Data           1  my_101.o(.data)
    my_PWR_heart_count                       0x2000015a   Data           2  my_101.o(.data)
    my_101_send_buf                          0x2000015c   Data        1935  my_101.o(.data)
    my_DC_AC_status                          0x200008eb   Data           1  my_101.o(.data)
    my_pro_step                              0x200008ec   Data           2  my_101.o(.data)
    my_step_send_count                       0x200008ee   Data           1  my_101.o(.data)
    my_step_3S_start_count                   0x200008f0   Data           2  my_101.o(.data)
    my_step_3S_end_count                     0x200008f2   Data           2  my_101.o(.data)
    my_test_value                            0x200008f4   Data           1  my_101.o(.data)
    defaultTaskHandle                        0x200008f8   Data           4  freertos.o(.data)
    myTask02Handle                           0x200008fc   Data           4  freertos.o(.data)
    myTask03Handle                           0x20000900   Data           4  freertos.o(.data)
    myTask04Handle                           0x20000904   Data           4  freertos.o(.data)
    myTask08Handle                           0x20000908   Data           4  freertos.o(.data)
    myQueue01Handle                          0x2000090c   Data           4  freertos.o(.data)
    myQueue02Handle                          0x20000910   Data           4  freertos.o(.data)
    myTimer01Handle                          0x20000914   Data           4  freertos.o(.data)
    myMutex01Handle                          0x20000918   Data           4  freertos.o(.data)
    my_os_count1                             0x2000091c   Data           2  freertos.o(.data)
    my_exit_status_count                     0x2000091e   Data           1  freertos.o(.data)
    xCreatedEventGroup                       0x20000920   Data           4  freertos.o(.data)
    xCreatedEventGroup2                      0x20000924   Data           4  freertos.o(.data)
    my_use_cyc_rec_data_status               0x20000928   Data           1  freertos.o(.data)
    my_use_alarm_rec_data_status             0x20000929   Data           1  freertos.o(.data)
    my_use_alarm_rec_data_status_Efild       0x2000092a   Data           1  freertos.o(.data)
    my_que1_wait_time                        0x2000092c   Data           2  freertos.o(.data)
    my_CC1101_sync_word                      0x20000930   Data           2  my_cc1101.o(.data)
    my_CC1101_chip_address                   0x20000932   Data           1  my_cc1101.o(.data)
    my_CC1101_change_channer                 0x20000933   Data           1  my_cc1101.o(.data)
    my_CC1101_dest_address                   0x20000934   Data           1  my_cc1101.o(.data)
    PaTabel                                  0x20000935   Data           8  my_cc1101.o(.data)
    MY_CC1101_STATUS                         0x2000093d   Data           1  my_cc1101.o(.data)
    MY_TX_RX_STEP                            0x2000093e   Data           1  my_cc1101.o(.data)
    my_get_client_add                        0x2000093f   Data           1  my_cc1101.o(.data)
    my_CC1101_re_buf_pt_write                0x20000940   Data           2  my_cc1101.o(.data)
    my_CC1101_re_buf_pt_read                 0x20000942   Data           2  my_cc1101.o(.data)
    my_CC1101_Frame_status                   0x20000944   Data           1  my_cc1101.o(.data)
    RS_buf_status                            0x20000945   Data           2  my_cc1101.o(.data)
    my_cc1101_tx_buf                         0x20000947   Data          64  my_cc1101.o(.data)
    my_CC1101_RSSI                           0x20000988   Data           4  my_cc1101.o(.data)
    my_GPRS_all_step                         0x2000098c   Data           2  my_os.o(.data)
    my_GPRS_all_count                        0x2000098e   Data           1  my_os.o(.data)
    my_CC1101_all_count                      0x2000098f   Data           1  my_os.o(.data)
    my_PWR_all_step                          0x20000990   Data           2  my_os.o(.data)
    my_PWR_all_count                         0x20000992   Data           1  my_os.o(.data)
    temp8                                    0x20000993   Data           1  my_os.o(.data)
    my_heart_count                           0x20000994   Data           1  my_os.o(.data)
    CC1101_960data_Efield_STATUS             0x20000995   Data           1  my_os.o(.data)
    my_update_length                         0x2000099c   Data           4  bsp_iap.o(.data)
    my_i_5a_radio                            0x200009a0   Data           8  my_zsq_param.o(.data)
    my_i_50a_radio                           0x200009a8   Data           8  my_zsq_param.o(.data)
    my_i_300a_radio                          0x200009b0   Data           8  my_zsq_param.o(.data)
    my_10A_gatedata                          0x200009b8   Data           8  my_zsq_param.o(.data)
    my_100A_gatedata                         0x200009c0   Data           8  my_zsq_param.o(.data)
    pxCurrentTCB                             0x200009f8   Data           4  tasks.o(.data)
    __stdout                                 0x20000a48   Data           4  stdout.o(.data)
    pFlash                                   0x20000a50   Data          32  stm32l4xx_hal_flash.o(.bss)
    hadc1                                    0x20000a70   Data         104  adc.o(.bss)
    hadc2                                    0x20000ad8   Data         104  adc.o(.bss)
    hdma_adc1                                0x20000b40   Data          72  adc.o(.bss)
    hdma_adc2                                0x20000b88   Data          72  adc.o(.bss)
    huart2                                   0x20000bd0   Data         112  usart.o(.bss)
    hdac1                                    0x20000c40   Data          20  dac.o(.bss)
    rsbuf2                                   0x20000c58   Data         200  my_gloabal_val.o(.bss)
    USART2_my_frame                          0x20000d20   Data         100  my_gloabal_val.o(.bss)
    my_wave_record                           0x20000d84   Data       48000  my_gloabal_val.o(.bss)
    my_wave_record_sec2                      0x2000c904   Data        5760  my_gloabal_val.o(.bss)
    my_wave_record_sec3                      0x2000df84   Data        5760  my_gloabal_val.o(.bss)
    ADC2_GetValue                            0x2000f604   Data          18  my_gloabal_val.o(.bss)
    ADC2_Filer_value_buf_1                   0x2000f616   Data          18  my_gloabal_val.o(.bss)
    ADC2_Filer_value_buf_2                   0x2000f628   Data          72  my_gloabal_val.o(.bss)
    ADC2_Filer_value_buf_3                   0x2000f670   Data          72  my_gloabal_val.o(.bss)
    ADC1_GetValue                            0x2000f6b8   Data          48  my_gloabal_val.o(.bss)
    ADC1_GetValue_Aver                       0x2000f6e8   Data          16  my_gloabal_val.o(.bss)
    ADC1_Filer_value_buf                     0x2000f6f8   Data          64  my_gloabal_val.o(.bss)
    my_temp8_buf1                            0x2000f738   Data        2000  my_gloabal_val.o(.bss)
    my_RTC_time                              0x2000ff08   Data          20  my_gloabal_val.o(.bss)
    htim6                                    0x2000ff1c   Data          60  tim.o(.bss)
    htim7                                    0x2000ff58   Data          60  tim.o(.bss)
    hrtc                                     0x2000ff94   Data          36  rtc.o(.bss)
    WAVE_half_ave_Current1                   0x2000ffb8   Data          72  my_wave_rec.o(.bss)
    WAVE_all_ave_Current1                    0x20010000   Data          72  my_wave_rec.o(.bss)
    WAVE_all_ave_E_Field1                    0x20010048   Data          72  my_wave_rec.o(.bss)
    WAVE_half_ave_Current2                   0x20010090   Data         288  my_wave_rec.o(.bss)
    WAVE_all_ave_Current2                    0x200101b0   Data         288  my_wave_rec.o(.bss)
    WAVE_all_ave_E_Field2                    0x200102d0   Data         288  my_wave_rec.o(.bss)
    WAVE_half_ave_Current3                   0x200103f0   Data         288  my_wave_rec.o(.bss)
    WAVE_all_ave_Current3                    0x20010510   Data         288  my_wave_rec.o(.bss)
    WAVE_all_ave_E_Field3                    0x20010630   Data         288  my_wave_rec.o(.bss)
    htim17                                   0x20010750   Data          60  stm32l4xx_hal_timebase_tim.o(.bss)
    hspi3                                    0x2001078c   Data         100  spi.o(.bss)
    my_CC1101_re_buf                         0x200107f0   Data        5000  my_cc1101.o(.bss)
    my_CC1101_COM_Fram_buf                   0x20011b78   Data        2000  my_cc1101.o(.bss)
    ulBuf_Flash_App                          0x20012348   Data        2048  bsp_iap.o(.bss)
    xQueueRegistry                           0x20015b58   Data          64  queue.o(.bss)
    __initial_sp                             0x200160b0   Data           0  startup_stm32l471xx.o(STACK)



==============================================================================

Memory Map of the image

  Image Entry point : 0x08000189

  Load Region LR_IROM1 (Base: 0x08000000, Size: 0x00011fa8, Max: 0x00080000, ABSOLUTE, COMPRESSED[0x00011630])

    Execution Region ER_IROM1 (Base: 0x08000000, Size: 0x00011558, Max: 0x00080000, ABSOLUTE)

    Base Addr    Size         Type   Attr      Idx    E Section Name        Object

    0x08000000   0x00000188   Data   RO         4607    RESET               startup_stm32l471xx.o
    0x08000188   0x00000000   Code   RO         7793  * .ARM.Collect$$$$00000000  mc_w.l(entry.o)
    0x08000188   0x00000004   Code   RO         8087    .ARM.Collect$$$$00000001  mc_w.l(entry2.o)
    0x0800018c   0x00000004   Code   RO         8090    .ARM.Collect$$$$00000004  mc_w.l(entry5.o)
    0x08000190   0x00000000   Code   RO         8092    .ARM.Collect$$$$00000008  mc_w.l(entry7b.o)
    0x08000190   0x00000000   Code   RO         8094    .ARM.Collect$$$$0000000A  mc_w.l(entry8b.o)
    0x08000190   0x00000008   Code   RO         8095    .ARM.Collect$$$$0000000B  mc_w.l(entry9a.o)
    0x08000198   0x00000000   Code   RO         8097    .ARM.Collect$$$$0000000D  mc_w.l(entry10a.o)
    0x08000198   0x00000000   Code   RO         8099    .ARM.Collect$$$$0000000F  mc_w.l(entry11a.o)
    0x08000198   0x00000004   Code   RO         8088    .ARM.Collect$$$$00002712  mc_w.l(entry2.o)
    0x0800019c   0x000000da   Code   RO         6544    .emb_text           port.o
    0x08000276   0x00000002   PAD
    0x08000278   0x00000024   Code   RO         4608    .text               startup_stm32l471xx.o
    0x0800029c   0x00000068   Code   RO         7796    .text               mc_w.l(uldiv.o)
    0x08000304   0x00000024   Code   RO         7798    .text               mc_w.l(memcpya.o)
    0x08000328   0x00000024   Code   RO         7800    .text               mc_w.l(memseta.o)
    0x0800034c   0x0000000e   Code   RO         7802    .text               mc_w.l(strlen.o)
    0x0800035a   0x0000015e   Code   RO         8067    .text               mf_w.l(dadd.o)
    0x080004b8   0x000000ea   Code   RO         8069    .text               mf_w.l(dmul.o)
    0x080005a2   0x000000de   Code   RO         8071    .text               mf_w.l(ddiv.o)
    0x08000680   0x00000022   Code   RO         8073    .text               mf_w.l(dflti.o)
    0x080006a2   0x0000001a   Code   RO         8075    .text               mf_w.l(dfltui.o)
    0x080006bc   0x0000003e   Code   RO         8077    .text               mf_w.l(dfixi.o)
    0x080006fa   0x00000032   Code   RO         8079    .text               mf_w.l(dfixui.o)
    0x0800072c   0x00000026   Code   RO         8081    .text               mf_w.l(f2d.o)
    0x08000752   0x00000002   PAD
    0x08000754   0x00000030   Code   RO         8083    .text               mf_w.l(cdcmple.o)
    0x08000784   0x00000030   Code   RO         8085    .text               mf_w.l(cdrcmple.o)
    0x080007b4   0x0000002c   Code   RO         8102    .text               mc_w.l(uidiv.o)
    0x080007e0   0x0000001e   Code   RO         8104    .text               mc_w.l(llshl.o)
    0x080007fe   0x00000020   Code   RO         8106    .text               mc_w.l(llushr.o)
    0x0800081e   0x00000024   Code   RO         8108    .text               mc_w.l(llsshr.o)
    0x08000842   0x00000000   Code   RO         8117    .text               mc_w.l(iusefp.o)
    0x08000842   0x000000ba   Code   RO         8118    .text               mf_w.l(depilogue.o)
    0x080008fc   0x000000a2   Code   RO         8120    .text               mf_w.l(dsqrt.o)
    0x0800099e   0x00000030   Code   RO         8122    .text               mf_w.l(dfixul.o)
    0x080009ce   0x00000002   PAD
    0x080009d0   0x00000024   Code   RO         8124    .text               mc_w.l(init.o)
    0x080009f4   0x00000056   Code   RO         8134    .text               mc_w.l(__dczerorl2.o)
    0x08000a4a   0x0000008e   Code   RO          837    i.ADC_DMAConvCplt   stm32l4xx_hal_adc.o
    0x08000ad8   0x0000001e   Code   RO          838    i.ADC_DMAError      stm32l4xx_hal_adc.o
    0x08000af6   0x0000000e   Code   RO          839    i.ADC_DMAHalfConvCplt  stm32l4xx_hal_adc.o
    0x08000b04   0x000000a0   Code   RO          841    i.ADC_Enable        stm32l4xx_hal_adc.o
    0x08000ba4   0x0000002c   Code   RO         4838    i.BusFault_Handler  stm32l4xx_it.o
    0x08000bd0   0x0000000e   Code   RO         6009    i.CC1101ClrRXBuff   my_cc1101.o
    0x08000bde   0x0000000e   Code   RO         6010    i.CC1101ClrTXBuff   my_cc1101.o
    0x08000bec   0x0000000e   Code   RO         6011    i.CC1101GetRXCnt    my_cc1101.o
    0x08000bfa   0x00000002   PAD
    0x08000bfc   0x000000b8   Code   RO         6012    i.CC1101Init        my_cc1101.o
    0x08000cb4   0x00000046   Code   RO         6013    i.CC1101ReadMultiReg  my_cc1101.o
    0x08000cfa   0x00000020   Code   RO         6014    i.CC1101ReadReg     my_cc1101.o
    0x08000d1a   0x00000020   Code   RO         6015    i.CC1101ReadStatus  my_cc1101.o
    0x08000d3a   0x00000002   PAD
    0x08000d3c   0x00000168   Code   RO         6016    i.CC1101RecPacket   my_cc1101.o
    0x08000ea4   0x0000002e   Code   RO         6017    i.CC1101Reset       my_cc1101.o
    0x08000ed2   0x00000002   PAD
    0x08000ed4   0x000000f4   Code   RO         6018    i.CC1101SendPacket_add  my_cc1101.o
    0x08000fc8   0x00000038   Code   RO         6019    i.CC1101SetAddress  my_cc1101.o
    0x08001000   0x0000000a   Code   RO         6020    i.CC1101SetIdle     my_cc1101.o
    0x0800100a   0x00000018   Code   RO         6021    i.CC1101SetSYNC     my_cc1101.o
    0x08001022   0x0000000e   Code   RO         6022    i.CC1101SetSleep    my_cc1101.o
    0x08001030   0x0000002a   Code   RO         6023    i.CC1101SetTRMode   my_cc1101.o
    0x0800105a   0x00000014   Code   RO         6025    i.CC1101WriteCmd    my_cc1101.o
    0x0800106e   0x00000030   Code   RO         6026    i.CC1101WriteMultiReg  my_cc1101.o
    0x0800109e   0x0000001c   Code   RO         6027    i.CC1101WriteReg    my_cc1101.o
    0x080010ba   0x00000002   PAD
    0x080010bc   0x00000014   Code   RO         6028    i.CC_CSN_HIGH       my_cc1101.o
    0x080010d0   0x00000024   Code   RO         6029    i.CC_CSN_LOW        my_cc1101.o
    0x080010f4   0x00000494   Code   RO         5836    i.Callback01        freertos.o
    0x08001588   0x00000010   Code   RO         4839    i.DMA1_Channel1_IRQHandler  stm32l4xx_it.o
    0x08001598   0x00000010   Code   RO         4840    i.DMA2_Channel4_IRQHandler  stm32l4xx_it.o
    0x080015a8   0x0000002c   Code   RO          525    i.DMA_SetConfig     stm32l4xx_hal_dma.o
    0x080015d4   0x00000002   Code   RO         4841    i.DebugMon_Handler  stm32l4xx_it.o
    0x080015d6   0x0000000a   Code   RO         4842    i.EXTI0_IRQHandler  stm32l4xx_it.o
    0x080015e0   0x0000000a   Code   RO         4843    i.EXTI1_IRQHandler  stm32l4xx_it.o
    0x080015ea   0x0000000a   Code   RO         4844    i.EXTI9_5_IRQHandler  stm32l4xx_it.o
    0x080015f4   0x00000078   Code   RO         1696    i.FLASH_FlushCaches  stm32l4xx_hal_flash_ex.o
    0x0800166c   0x00000038   Code   RO         1697    i.FLASH_MassErase   stm32l4xx_hal_flash_ex.o
    0x080016a4   0x00000058   Code   RO         1706    i.FLASH_PageErase   stm32l4xx_hal_flash_ex.o
    0x080016fc   0x00000018   Code   RO         2161    i.FLASH_Program_DoubleWord  stm32l4xx_hal_flash.o
    0x08001714   0x0000002c   Code   RO         2162    i.FLASH_Program_Fast  stm32l4xx_hal_flash.o
    0x08001740   0x00000134   Code   RO         2163    i.FLASH_SetErrorCode  stm32l4xx_hal_flash.o
    0x08001874   0x000000dc   Code   RO         2164    i.FLASH_WaitForLastOperation  stm32l4xx_hal_flash.o
    0x08001950   0x00000158   Code   RO         1107    i.HAL_ADCEx_MultiModeConfigChannel  stm32l4xx_hal_adc_ex.o
    0x08001aa8   0x000005ec   Code   RO          843    i.HAL_ADC_ConfigChannel  stm32l4xx_hal_adc.o
    0x08002094   0x00000002   Code   RO          844    i.HAL_ADC_ConvCpltCallback  stm32l4xx_hal_adc.o
    0x08002096   0x00000002   Code   RO          845    i.HAL_ADC_ConvHalfCpltCallback  stm32l4xx_hal_adc.o
    0x08002098   0x00000002   Code   RO          847    i.HAL_ADC_ErrorCallback  stm32l4xx_hal_adc.o
    0x0800209a   0x00000002   PAD
    0x0800209c   0x00000320   Code   RO          852    i.HAL_ADC_Init      stm32l4xx_hal_adc.o
    0x080023bc   0x00000184   Code   RO         4994    i.HAL_ADC_MspInit   adc.o
    0x08002540   0x00000168   Code   RO          859    i.HAL_ADC_Start_DMA  stm32l4xx_hal_adc.o
    0x080026a8   0x00000002   Code   RO         3231    i.HAL_DACEx_DMAUnderrunCallbackCh2  stm32l4xx_hal_dac_ex.o
    0x080026aa   0x00000160   Code   RO         3331    i.HAL_DAC_ConfigChannel  stm32l4xx_hal_dac.o
    0x0800280a   0x00000002   Code   RO         3334    i.HAL_DAC_DMAUnderrunCallbackCh1  stm32l4xx_hal_dac.o
    0x0800280c   0x00000010   Code   RO         3339    i.HAL_DAC_GetValue  stm32l4xx_hal_dac.o
    0x0800281c   0x0000008a   Code   RO         3340    i.HAL_DAC_IRQHandler  stm32l4xx_hal_dac.o
    0x080028a6   0x00000028   Code   RO         3341    i.HAL_DAC_Init      stm32l4xx_hal_dac.o
    0x080028ce   0x00000002   PAD
    0x080028d0   0x0000005c   Code   RO         5097    i.HAL_DAC_MspInit   dac.o
    0x0800292c   0x0000002c   Code   RO         3344    i.HAL_DAC_SetValue  stm32l4xx_hal_dac.o
    0x08002958   0x0000006c   Code   RO         3345    i.HAL_DAC_Start     stm32l4xx_hal_dac.o
    0x080029c4   0x00000058   Code   RO          527    i.HAL_DMA_Abort_IT  stm32l4xx_hal_dma.o
    0x08002a1c   0x000000e6   Code   RO          531    i.HAL_DMA_IRQHandler  stm32l4xx_hal_dma.o
    0x08002b02   0x00000002   PAD
    0x08002b04   0x00000110   Code   RO          532    i.HAL_DMA_Init      stm32l4xx_hal_dma.o
    0x08002c14   0x0000009c   Code   RO          536    i.HAL_DMA_Start_IT  stm32l4xx_hal_dma.o
    0x08002cb0   0x00000020   Code   RO          319    i.HAL_Delay         stm32l4xx_hal.o
    0x08002cd0   0x00000114   Code   RO         1707    i.HAL_FLASHEx_Erase  stm32l4xx_hal_flash_ex.o
    0x08002de4   0x00000014   Code   RO         2168    i.HAL_FLASH_Lock    stm32l4xx_hal_flash.o
    0x08002df8   0x000000c8   Code   RO         2173    i.HAL_FLASH_Program  stm32l4xx_hal_flash.o
    0x08002ec0   0x0000002c   Code   RO         2175    i.HAL_FLASH_Unlock  stm32l4xx_hal_flash.o
    0x08002eec   0x000002ec   Code   RO         5563    i.HAL_GPIO_EXTI_Callback  my_exit.o
    0x080031d8   0x0000001c   Code   RO         1024    i.HAL_GPIO_EXTI_IRQHandler  stm32l4xx_hal_gpio.o
    0x080031f4   0x00000208   Code   RO         1025    i.HAL_GPIO_Init     stm32l4xx_hal_gpio.o
    0x080033fc   0x00000010   Code   RO         1027    i.HAL_GPIO_ReadPin  stm32l4xx_hal_gpio.o
    0x0800340c   0x0000000a   Code   RO         1029    i.HAL_GPIO_WritePin  stm32l4xx_hal_gpio.o
    0x08003416   0x00000002   PAD
    0x08003418   0x0000000c   Code   RO          323    i.HAL_GetTick       stm32l4xx_hal.o
    0x08003424   0x00000010   Code   RO          327    i.HAL_IncTick       stm32l4xx_hal.o
    0x08003434   0x00000016   Code   RO          328    i.HAL_Init          stm32l4xx_hal.o
    0x0800344a   0x00000002   PAD
    0x0800344c   0x00000088   Code   RO         5926    i.HAL_InitTick      stm32l4xx_hal_timebase_tim.o
    0x080034d4   0x00000090   Code   RO         4615    i.HAL_MspInit       stm32l4xx_hal_msp.o
    0x08003564   0x0000001c   Code   RO         1898    i.HAL_NVIC_ClearPendingIRQ  stm32l4xx_hal_cortex.o
    0x08003580   0x0000001c   Code   RO         1899    i.HAL_NVIC_DisableIRQ  stm32l4xx_hal_cortex.o
    0x0800359c   0x0000001a   Code   RO         1900    i.HAL_NVIC_EnableIRQ  stm32l4xx_hal_cortex.o
    0x080035b6   0x00000082   Code   RO         1906    i.HAL_NVIC_SetPriority  stm32l4xx_hal_cortex.o
    0x08003638   0x00000028   Code   RO         1907    i.HAL_NVIC_SetPriorityGrouping  stm32l4xx_hal_cortex.o
    0x08003660   0x00000044   Code   RO         1908    i.HAL_NVIC_SystemReset  stm32l4xx_hal_cortex.o
    0x080036a4   0x0000008c   Code   RO          621    i.HAL_PWREx_ControlVoltageScaling  stm32l4xx_hal_pwr_ex.o
    0x08003730   0x00000010   Code   RO          648    i.HAL_PWREx_GetVoltageRange  stm32l4xx_hal_pwr_ex.o
    0x08003740   0x0000048c   Code   RO         2040    i.HAL_RCCEx_PeriphCLKConfig  stm32l4xx_hal_rcc_ex.o
    0x08003bcc   0x000001e8   Code   RO         1797    i.HAL_RCC_ClockConfig  stm32l4xx_hal_rcc.o
    0x08003db4   0x00000044   Code   RO         1800    i.HAL_RCC_GetClockConfig  stm32l4xx_hal_rcc.o
    0x08003df8   0x0000000c   Code   RO         1801    i.HAL_RCC_GetHCLKFreq  stm32l4xx_hal_rcc.o
    0x08003e04   0x0000002c   Code   RO         1803    i.HAL_RCC_GetPCLK1Freq  stm32l4xx_hal_rcc.o
    0x08003e30   0x0000002c   Code   RO         1804    i.HAL_RCC_GetPCLK2Freq  stm32l4xx_hal_rcc.o
    0x08003e5c   0x00000174   Code   RO         1805    i.HAL_RCC_GetSysClockFreq  stm32l4xx_hal_rcc.o
    0x08003fd0   0x0000064c   Code   RO         1808    i.HAL_RCC_OscConfig  stm32l4xx_hal_rcc.o
    0x0800461c   0x0000004c   Code   RO         4124    i.HAL_RTC_GetDate   stm32l4xx_hal_rtc.o
    0x08004668   0x00000060   Code   RO         4126    i.HAL_RTC_GetTime   stm32l4xx_hal_rtc.o
    0x080046c8   0x000000e8   Code   RO         4127    i.HAL_RTC_Init      stm32l4xx_hal_rtc.o
    0x080047b0   0x00000024   Code   RO         5434    i.HAL_RTC_MspInit   rtc.o
    0x080047d4   0x00000124   Code   RO         4133    i.HAL_RTC_SetDate   stm32l4xx_hal_rtc.o
    0x080048f8   0x00000148   Code   RO         4134    i.HAL_RTC_SetTime   stm32l4xx_hal_rtc.o
    0x08004a40   0x0000003a   Code   RO         4135    i.HAL_RTC_WaitForSynchro  stm32l4xx_hal_rtc.o
    0x08004a7a   0x00000008   Code   RO         4266    i.HAL_SPI_GetState  stm32l4xx_hal_spi.o
    0x08004a82   0x000000c0   Code   RO         4268    i.HAL_SPI_Init      stm32l4xx_hal_spi.o
    0x08004b42   0x00000002   PAD
    0x08004b44   0x00000058   Code   RO         5967    i.HAL_SPI_MspInit   spi.o
    0x08004b9c   0x0000028e   Code   RO         4277    i.HAL_SPI_TransmitReceive  stm32l4xx_hal_spi.o
    0x08004e2a   0x00000028   Code   RO         1909    i.HAL_SYSTICK_CLKSourceConfig  stm32l4xx_hal_cortex.o
    0x08004e52   0x00000034   Code   RO         1911    i.HAL_SYSTICK_Config  stm32l4xx_hal_cortex.o
    0x08004e86   0x00000002   Code   RO         2269    i.HAL_TIMEx_BreakCallback  stm32l4xx_hal_tim_ex.o
    0x08004e88   0x00000002   Code   RO         2270    i.HAL_TIMEx_CommutationCallback  stm32l4xx_hal_tim_ex.o
    0x08004e8a   0x00000002   PAD
    0x08004e8c   0x0000006c   Code   RO         2288    i.HAL_TIMEx_MasterConfigSynchronization  stm32l4xx_hal_tim_ex.o
    0x08004ef8   0x00000034   Code   RO         2576    i.HAL_TIM_Base_Init  stm32l4xx_hal_tim.o
    0x08004f2c   0x0000007c   Code   RO         5386    i.HAL_TIM_Base_MspInit  tim.o
    0x08004fa8   0x0000001e   Code   RO         2581    i.HAL_TIM_Base_Start_IT  stm32l4xx_hal_tim.o
    0x08004fc6   0x00000002   Code   RO         2605    i.HAL_TIM_IC_CaptureCallback  stm32l4xx_hal_tim.o
    0x08004fc8   0x00000196   Code   RO         2618    i.HAL_TIM_IRQHandler  stm32l4xx_hal_tim.o
    0x0800515e   0x00000002   Code   RO         2621    i.HAL_TIM_OC_DelayElapsedCallback  stm32l4xx_hal_tim.o
    0x08005160   0x00000002   Code   RO         2648    i.HAL_TIM_PWM_PulseFinishedCallback  stm32l4xx_hal_tim.o
    0x08005162   0x00000002   PAD
    0x08005164   0x0000001c   Code   RO         4639    i.HAL_TIM_PeriodElapsedCallback  main.o
    0x08005180   0x00000530   Code   RO         5322    i.HAL_TIM_PeriodElapsedCallback2  my_time.o
    0x080056b0   0x00000002   Code   RO         2659    i.HAL_TIM_TriggerCallback  stm32l4xx_hal_tim.o
    0x080056b2   0x00000002   Code   RO         3474    i.HAL_UARTEx_WakeupCallback  stm32l4xx_hal_uart_ex.o
    0x080056b4   0x00000002   Code   RO         3550    i.HAL_UART_ErrorCallback  stm32l4xx_hal_uart.o
    0x080056b6   0x00000002   PAD
    0x080056b8   0x00000190   Code   RO         3553    i.HAL_UART_IRQHandler  stm32l4xx_hal_uart.o
    0x08005848   0x00000078   Code   RO         3554    i.HAL_UART_Init     stm32l4xx_hal_uart.o
    0x080058c0   0x00000064   Code   RO         5055    i.HAL_UART_MspInit  usart.o
    0x08005924   0x000000bc   Code   RO         3559    i.HAL_UART_Receive_IT  stm32l4xx_hal_uart.o
    0x080059e0   0x000000b8   Code   RO         5240    i.HAL_UART_RxCpltCallback  my_usart_change.o
    0x08005a98   0x000000c6   Code   RO         3562    i.HAL_UART_Transmit  stm32l4xx_hal_uart.o
    0x08005b5e   0x00000002   Code   RO         3565    i.HAL_UART_TxCpltCallback  stm32l4xx_hal_uart.o
    0x08005b60   0x0000002c   Code   RO         4845    i.HardFault_Handler  stm32l4xx_it.o
    0x08005b8c   0x0000009a   Code   RO         6433    i.IAP_Write_App_Bin  bsp_iap.o
    0x08005c26   0x00000002   PAD
    0x08005c28   0x00000164   Code   RO         4995    i.MX_ADC1_Init      adc.o
    0x08005d8c   0x000000c4   Code   RO         4996    i.MX_ADC2_Init      adc.o
    0x08005e50   0x00000070   Code   RO         5098    i.MX_DAC1_Init      dac.o
    0x08005ec0   0x00000060   Code   RO         4969    i.MX_DMA_Init       dma.o
    0x08005f20   0x0000011c   Code   RO         5837    i.MX_FREERTOS_Init  freertos.o
    0x0800603c   0x00000220   Code   RO         4811    i.MX_GPIO_Init      gpio.o
    0x0800625c   0x00000048   Code   RO         5435    i.MX_RTC_Init       rtc.o
    0x080062a4   0x00000068   Code   RO         5968    i.MX_SPI3_Init      spi.o
    0x0800630c   0x0000005c   Code   RO         5387    i.MX_TIM6_Init      tim.o
    0x08006368   0x00000058   Code   RO         5388    i.MX_TIM7_Init      tim.o
    0x080063c0   0x00000054   Code   RO         5056    i.MX_USART2_UART_Init  usart.o
    0x08006414   0x0000002c   Code   RO         4846    i.MemManage_Handler  stm32l4xx_it.o
    0x08006440   0x00000028   Code   RO         4847    i.NMI_Handler       stm32l4xx_it.o
    0x08006468   0x00000010   Code   RO         1913    i.NVIC_GetPriorityGrouping  stm32l4xx_hal_cortex.o
    0x08006478   0x00000028   Code   RO         1914    i.NVIC_SetPriority  stm32l4xx_hal_cortex.o
    0x080064a0   0x00000002   Code   RO         5838    i.PostSleepProcessing  freertos.o
    0x080064a2   0x00000002   Code   RO         5839    i.PreSleepProcessing  freertos.o
    0x080064a4   0x000001ec   Code   RO         2043    i.RCCEx_PLLSAI1_Config  stm32l4xx_hal_rcc_ex.o
    0x08006690   0x000001ac   Code   RO         2044    i.RCCEx_PLLSAI2_Config  stm32l4xx_hal_rcc_ex.o
    0x0800683c   0x000000a0   Code   RO         1809    i.RCC_SetFlashLatencyFromMSIRange  stm32l4xx_hal_rcc.o
    0x080068dc   0x0000011c   Code   RO         6031    i.RF_RecvHandler_intrrupt_get_data_to_buf  my_cc1101.o
    0x080069f8   0x00000016   Code   RO         4136    i.RTC_Bcd2ToByte    stm32l4xx_hal_rtc.o
    0x08006a0e   0x0000001a   Code   RO         4137    i.RTC_ByteToBcd2    stm32l4xx_hal_rtc.o
    0x08006a28   0x0000003e   Code   RO         4138    i.RTC_EnterInitMode  stm32l4xx_hal_rtc.o
    0x08006a66   0x00000064   Code   RO         4306    i.SPI_EndRxTxTransaction  stm32l4xx_hal_spi.o
    0x08006aca   0x00000002   PAD
    0x08006acc   0x00000030   Code   RO         6032    i.SPI_ExchangeByte  my_cc1101.o
    0x08006afc   0x000000b0   Code   RO         4311    i.SPI_WaitFifoStateUntilTimeout  stm32l4xx_hal_spi.o
    0x08006bac   0x000000a8   Code   RO         4312    i.SPI_WaitFlagStateUntilTimeout  stm32l4xx_hal_spi.o
    0x08006c54   0x00000024   Code   RO         6482    i.STMFLASH_Read     bsp_stm_flash.o
    0x08006c78   0x00000008   Code   RO         6483    i.STMFLASH_ReadDoubleWord  bsp_stm_flash.o
    0x08006c80   0x00000122   Code   RO         6485    i.STMFLASH_Write    bsp_stm_flash.o
    0x08006da2   0x0000002e   Code   RO         6487    i.STMFLASH_Write_NoCheck_64bit  bsp_stm_flash.o
    0x08006dd0   0x00000050   Code   RO         5840    i.StartDefaultTask  freertos.o
    0x08006e20   0x00000250   Code   RO         5841    i.StartTask02       freertos.o
    0x08007070   0x000002bc   Code   RO         5842    i.StartTask03       freertos.o
    0x0800732c   0x0000018c   Code   RO         5843    i.StartTask04       freertos.o
    0x080074b8   0x0000025c   Code   RO         5844    i.StartTask08       freertos.o
    0x08007714   0x00000008   Code   RO         4848    i.SysTick_Handler   stm32l4xx_it.o
    0x0800771c   0x000000c8   Code   RO         4640    i.SystemClock_Config  main.o
    0x080077e4   0x00000050   Code   RO            5    i.SystemInit        system_stm32l4xx.o
    0x08007834   0x00000010   Code   RO         4849    i.TIM1_TRG_COM_TIM17_IRQHandler  stm32l4xx_it.o
    0x08007844   0x00000018   Code   RO         4850    i.TIM6_DAC_IRQHandler  stm32l4xx_it.o
    0x0800785c   0x00000010   Code   RO         4851    i.TIM7_IRQHandler   stm32l4xx_it.o
    0x0800786c   0x000000c0   Code   RO         2660    i.TIM_Base_SetConfig  stm32l4xx_hal_tim.o
    0x0800792c   0x000000f8   Code   RO         3567    i.UART_AdvFeatureConfig  stm32l4xx_hal_uart.o
    0x08007a24   0x00000074   Code   RO         3568    i.UART_CheckIdleState  stm32l4xx_hal_uart.o
    0x08007a98   0x00000018   Code   RO         3569    i.UART_DMAAbortOnError  stm32l4xx_hal_uart.o
    0x08007ab0   0x00000020   Code   RO         3579    i.UART_EndRxTransfer  stm32l4xx_hal_uart.o
    0x08007ad0   0x00000020   Code   RO         3580    i.UART_EndTransmit_IT  stm32l4xx_hal_uart.o
    0x08007af0   0x0000008a   Code   RO         3582    i.UART_Receive_IT   stm32l4xx_hal_uart.o
    0x08007b7a   0x00000002   PAD
    0x08007b7c   0x0000048e   Code   RO         3583    i.UART_SetConfig    stm32l4xx_hal_uart.o
    0x0800800a   0x0000006a   Code   RO         3584    i.UART_Transmit_IT  stm32l4xx_hal_uart.o
    0x08008074   0x0000006c   Code   RO         3585    i.UART_WaitOnFlagUntilTimeout  stm32l4xx_hal_uart.o
    0x080080e0   0x00000010   Code   RO         4852    i.USART2_IRQHandler  stm32l4xx_it.o
    0x080080f0   0x00000192   Code   RO         5185    i.USART_printf      my_usart.o
    0x08008282   0x00000002   PAD
    0x08008284   0x00000030   Code   RO         4853    i.UsageFault_Handler  stm32l4xx_it.o
    0x080082b4   0x00000004   Code   RO         4641    i._Error_Handler    main.o
    0x080082b8   0x00000020   Code   RO         8039    i.__0printf         mc_w.l(printfa.o)
    0x080082d8   0x00000014   Code   RO         7775    i.__hardfp_fabs     m_wm.l(fabs.o)
    0x080082ec   0x0000007a   Code   RO         7781    i.__hardfp_sqrt     m_wm.l(sqrt.o)
    0x08008366   0x0000000e   Code   RO         8128    i.__scatterload_copy  mc_w.l(handlers.o)
    0x08008374   0x00000002   Code   RO         8129    i.__scatterload_null  mc_w.l(handlers.o)
    0x08008376   0x0000000e   Code   RO         8130    i.__scatterload_zeroinit  mc_w.l(handlers.o)
    0x08008384   0x0000000c   Code   RO         8112    i.__set_errno       mc_w.l(errno.o)
    0x08008390   0x0000018a   Code   RO         8046    i._fp_digits        mc_w.l(printfa.o)
    0x0800851a   0x00000002   PAD
    0x0800851c   0x000006e2   Code   RO         8047    i._printf_core      mc_w.l(printfa.o)
    0x08008bfe   0x00000024   Code   RO         8048    i._printf_post_padding  mc_w.l(printfa.o)
    0x08008c22   0x0000002e   Code   RO         8049    i._printf_pre_padding  mc_w.l(printfa.o)
    0x08008c50   0x0000003c   Code   RO         7324    i.eTaskConfirmSleepModeStatus  tasks.o
    0x08008c8c   0x00000044   Code   RO         5475    i.filter_1          my_adc.o
    0x08008cd0   0x0000001c   Code   RO         5187    i.fputc             my_usart.o
    0x08008cec   0x00000318   Code   RO         5596    i.fun_Judege_It_cache2  my_wave_rec.o
    0x08009004   0x00000634   Code   RO         5597    i.fun_Judege_It_cache3  my_wave_rec.o
    0x08009638   0x0000030c   Code   RO         5598    i.fun_Judege_It_end  my_wave_rec.o
    0x08009944   0x0000034c   Code   RO         5599    i.fun_my_wave1_to_wave2  my_wave_rec.o
    0x08009c90   0x000004a2   Code   RO         5600    i.fun_real_all_Current  my_wave_rec.o
    0x0800a132   0x00000002   PAD
    0x0800a134   0x000002a8   Code   RO         5601    i.fun_real_all_dianchang  my_wave_rec.o
    0x0800a3dc   0x000002e8   Code   RO         5602    i.fun_real_half_Current  my_wave_rec.o
    0x0800a6c4   0x00000128   Code   RO         5603    i.fun_wave2_to_wave3  my_wave_rec.o
    0x0800a7ec   0x00000010   Code   RO         6788    i.inHandlerMode     cmsis_os.o
    0x0800a7fc   0x00000062   Code   RO         5188    i.itoa              my_usart.o
    0x0800a85e   0x00000002   PAD
    0x0800a860   0x000006b0   Code   RO         4642    i.main              main.o
    0x0800af10   0x0000000e   Code   RO         6790    i.makeFreeRtosPriority  cmsis_os.o
    0x0800af1e   0x00000002   PAD
    0x0800af20   0x000005f6   Code   RO         6033    i.my_101frame_analyse  my_cc1101.o
    0x0800b516   0x00000002   PAD
    0x0800b518   0x000004f4   Code   RO         5604    i.my_adc2_convert2  my_wave_rec.o
    0x0800ba0c   0x000002ac   Code   RO         5476    i.my_adc_1_convert  my_adc.o
    0x0800bcb8   0x000000bc   Code   RO         5477    i.my_adc_1_convert_dis  my_adc.o
    0x0800bd74   0x0000009e   Code   RO         5742    i.my_fun_101_send_long_data  my_101.o
    0x0800be12   0x00000002   PAD
    0x0800be14   0x00000058   Code   RO         5744    i.my_fun_101_send_short_data  my_101.o
    0x0800be6c   0x000000b2   Code   RO         6034    i.my_fun_101check_generate  my_cc1101.o
    0x0800bf1e   0x000000ee   Code   RO         6035    i.my_fun_101check_verify  my_cc1101.o
    0x0800c00c   0x00000230   Code   RO         5746    i.my_fun_101send_AC12T_Cyc_data  my_101.o
    0x0800c23c   0x0000022a   Code   RO         5747    i.my_fun_101send_AC_Rec_data  my_101.o
    0x0800c466   0x00000002   PAD
    0x0800c468   0x000000ec   Code   RO         5748    i.my_fun_101send_AC_data  my_101.o
    0x0800c554   0x00000074   Code   RO         5749    i.my_fun_101send_Alarm_status_data  my_101.o
    0x0800c5c8   0x000000ac   Code   RO         5750    i.my_fun_101send_DC_data  my_101.o
    0x0800c674   0x000000b8   Code   RO         6240    i.my_fun_CC1101_init_resume  my_os.o
    0x0800c72c   0x000000b8   Code   RO         6036    i.my_fun_CC1101_init_reum  my_cc1101.o
    0x0800c7e4   0x0000001c   Code   RO         6037    i.my_fun_CC1101_re_CCA_status  my_cc1101.o
    0x0800c800   0x000000c2   Code   RO         6038    i.my_fun_CC1101_send_long_data  my_cc1101.o
    0x0800c8c2   0x00000002   PAD
    0x0800c8c4   0x00000058   Code   RO         6241    i.my_fun_CC1101_test1  my_os.o
    0x0800c91c   0x000000d2   Code   RO         6243    i.my_fun_CC1101_time_dialog_rx2  my_os.o
    0x0800c9ee   0x00000002   PAD
    0x0800c9f0   0x0000010c   Code   RO         6244    i.my_fun_CC1101_time_dialog_tx2  my_os.o
    0x0800cafc   0x00000884   Code   RO         5519    i.my_fun_DAC_evref_auto_ajust  my_dac.o
    0x0800d380   0x00000354   Code   RO         6249    i.my_fun_RX_CC1101_text0_RX_OK  my_os.o
    0x0800d6d4   0x00000498   Code   RO         5520    i.my_fun_Set_DAC_I_ref  my_dac.o
    0x0800db6c   0x00000024   Code   RO         6250    i.my_fun_TX_CC1101_config  my_os.o
    0x0800db90   0x00000050   Code   RO         6251    i.my_fun_TX_CC1101_config2  my_os.o
    0x0800dbe0   0x00000024   Code   RO         6252    i.my_fun_TX_CC1101_heart  my_os.o
    0x0800dc04   0x0000003c   Code   RO         6253    i.my_fun_TX_CC1101_test0  my_os.o
    0x0800dc40   0x00000040   Code   RO         6254    i.my_fun_TX_CC1101_test1  my_os.o
    0x0800dc80   0x00000160   Code   RO         6255    i.my_fun_TX_CC1101_test2  my_os.o
    0x0800dde0   0x0000003c   Code   RO         6256    i.my_fun_TX_CC1101_test3  my_os.o
    0x0800de1c   0x0000006c   Code   RO         6257    i.my_fun_TX_CC1101_test4  my_os.o
    0x0800de88   0x0000003c   Code   RO         6258    i.my_fun_TX_CC1101_test5  my_os.o
    0x0800dec4   0x000000cc   Code   RO         5606    i.my_fun_current_exit_just  my_wave_rec.o
    0x0800df90   0x00000050   Code   RO         6039    i.my_fun_display_buf_16  my_cc1101.o
    0x0800dfe0   0x00000630   Code   RO         5607    i.my_fun_get_Line_stop_Efild  my_wave_rec.o
    0x0800e610   0x00000070   Code   RO         6259    i.my_fun_give_Queue  my_os.o
    0x0800e680   0x00000038   Code   RO         6264    i.my_fun_usart_init_resume  my_os.o
    0x0800e6b8   0x000000ac   Code   RO         5608    i.my_fun_wave1_to_wave2_old_data  my_wave_rec.o
    0x0800e764   0x0000001e   Code   RO         5609    i.my_fun_wave_rec   my_wave_rec.o
    0x0800e782   0x00000002   PAD
    0x0800e784   0x00000374   Code   RO         6434    i.my_fun_write_update_data_to_FLASH  bsp_iap.o
    0x0800eaf8   0x00000078   Code   RO         6041    i.my_read_all_reg   my_cc1101.o
    0x0800eb70   0x00000018   Code   RO         6792    i.osDelay           cmsis_os.o
    0x0800eb88   0x0000000a   Code   RO         6795    i.osKernelStart     cmsis_os.o
    0x0800eb92   0x00000012   Code   RO         6804    i.osMessageCreate   cmsis_os.o
    0x0800eba4   0x0000000c   Code   RO         6810    i.osMutexCreate     cmsis_os.o
    0x0800ebb0   0x00000010   Code   RO         6828    i.osSystickHandler  cmsis_os.o
    0x0800ebc0   0x00000030   Code   RO         6829    i.osThreadCreate    cmsis_os.o
    0x0800ebf0   0x00000028   Code   RO         6840    i.osTimerCreate     cmsis_os.o
    0x0800ec18   0x00000068   Code   RO         6842    i.osTimerStart      cmsis_os.o
    0x0800ec80   0x00000098   Code   RO         7326    i.prvAddCurrentTaskToDelayedList  tasks.o
    0x0800ed18   0x000000b4   Code   RO         7327    i.prvAddNewTaskToReadyList  tasks.o
    0x0800edcc   0x00000064   Code   RO         7645    i.prvCheckForValidListAndQueue  timers.o
    0x0800ee30   0x00000064   Code   RO         7328    i.prvCheckTasksWaitingTermination  tasks.o
    0x0800ee94   0x0000002a   Code   RO         7164    i.prvCopyDataFromQueue  queue.o
    0x0800eebe   0x0000007c   Code   RO         7165    i.prvCopyDataToQueue  queue.o
    0x0800ef3a   0x00000012   Code   RO         7329    i.prvDeleteTCB      tasks.o
    0x0800ef4c   0x0000004c   Code   RO         7330    i.prvGetExpectedIdleTime  tasks.o
    0x0800ef98   0x00000028   Code   RO         7646    i.prvGetNextExpireTime  timers.o
    0x0800efc0   0x0000007c   Code   RO         6627    i.prvHeapInit       heap_4.o
    0x0800f03c   0x0000007c   Code   RO         7331    i.prvIdleTask       tasks.o
    0x0800f0b8   0x0000001c   Code   RO         7166    i.prvInitialiseMutex  queue.o
    0x0800f0d4   0x00000026   Code   RO         7167    i.prvInitialiseNewQueue  queue.o
    0x0800f0fa   0x000000b2   Code   RO         7332    i.prvInitialiseNewTask  tasks.o
    0x0800f1ac   0x0000004e   Code   RO         7647    i.prvInitialiseNewTimer  timers.o
    0x0800f1fa   0x00000002   PAD
    0x0800f1fc   0x00000068   Code   RO         7333    i.prvInitialiseTaskLists  tasks.o
    0x0800f264   0x00000068   Code   RO         6628    i.prvInsertBlockIntoFreeList  heap_4.o
    0x0800f2cc   0x00000058   Code   RO         7648    i.prvInsertTimerInActiveList  timers.o
    0x0800f324   0x0000001a   Code   RO         7168    i.prvIsQueueEmpty   queue.o
    0x0800f33e   0x0000001e   Code   RO         7169    i.prvIsQueueFull    queue.o
    0x0800f35c   0x00000064   Code   RO         7649    i.prvProcessExpiredTimer  timers.o
    0x0800f3c0   0x00000124   Code   RO         7650    i.prvProcessReceivedCommands  timers.o
    0x0800f4e4   0x00000074   Code   RO         7651    i.prvProcessTimerOrBlockTask  timers.o
    0x0800f558   0x00000034   Code   RO         7334    i.prvResetNextTaskUnblockTime  tasks.o
    0x0800f58c   0x0000002c   Code   RO         7652    i.prvSampleTimeNow  timers.o
    0x0800f5b8   0x000000a0   Code   RO         7653    i.prvSwitchTimerLists  timers.o
    0x0800f658   0x00000040   Code   RO         6545    i.prvTaskExitError  port.o
    0x0800f698   0x0000001e   Code   RO         6697    i.prvTestWaitCondition  event_groups.o
    0x0800f6b6   0x0000001a   Code   RO         7654    i.prvTimerTask      timers.o
    0x0800f6d0   0x0000007e   Code   RO         7170    i.prvUnlockQueue    queue.o
    0x0800f74e   0x00000002   PAD
    0x0800f750   0x0000013c   Code   RO         6629    i.pvPortMalloc      heap_4.o
    0x0800f88c   0x00000020   Code   RO         7337    i.pvTaskIncrementMutexHeldCount  tasks.o
    0x0800f8ac   0x0000002c   Code   RO         6546    i.pxPortInitialiseStack  port.o
    0x0800f8d8   0x00000028   Code   RO         7608    i.uxListRemove      list.o
    0x0800f900   0x0000001c   Code   RO         7342    i.uxTaskResetEventItemValue  tasks.o
    0x0800f91c   0x00000010   Code   RO         6700    i.vEventGroupSetBitsCallback  event_groups.o
    0x0800f92c   0x0000001a   Code   RO         7609    i.vListInitialise   list.o
    0x0800f946   0x00000006   Code   RO         7610    i.vListInitialiseItem  list.o
    0x0800f94c   0x00000034   Code   RO         7611    i.vListInsert       list.o
    0x0800f980   0x00000018   Code   RO         7612    i.vListInsertEnd    list.o
    0x0800f998   0x00000054   Code   RO         6548    i.vPortEnterCritical  port.o
    0x0800f9ec   0x0000003c   Code   RO         6549    i.vPortExitCritical  port.o
    0x0800fa28   0x00000094   Code   RO         6630    i.vPortFree         heap_4.o
    0x0800fabc   0x0000005c   Code   RO         6550    i.vPortSetupTimerInterrupt  port.o
    0x0800fb18   0x0000015c   Code   RO         6551    i.vPortSuppressTicksAndSleep  port.o
    0x0800fc74   0x00000078   Code   RO         6552    i.vPortValidateInterruptPriority  port.o
    0x0800fcec   0x0000002c   Code   RO         7174    i.vQueueAddToRegistry  queue.o
    0x0800fd18   0x0000004a   Code   RO         7177    i.vQueueWaitForMessageRestricted  queue.o
    0x0800fd62   0x00000002   PAD
    0x0800fd64   0x0000005c   Code   RO         7343    i.vTaskDelay        tasks.o
    0x0800fdc0   0x0000000c   Code   RO         7346    i.vTaskMissedYield  tasks.o
    0x0800fdcc   0x00000038   Code   RO         7347    i.vTaskPlaceOnEventList  tasks.o
    0x0800fe04   0x00000040   Code   RO         7348    i.vTaskPlaceOnEventListRestricted  tasks.o
    0x0800fe44   0x0000006c   Code   RO         7349    i.vTaskPlaceOnUnorderedEventList  tasks.o
    0x0800feb0   0x000000b0   Code   RO         7350    i.vTaskPriorityInherit  tasks.o
    0x0800ff60   0x00000030   Code   RO         7353    i.vTaskSetTimeOutState  tasks.o
    0x0800ff90   0x00000094   Code   RO         7354    i.vTaskStartScheduler  tasks.o
    0x08010024   0x00000040   Code   RO         7355    i.vTaskStepTick     tasks.o
    0x08010064   0x00000010   Code   RO         7357    i.vTaskSuspendAll   tasks.o
    0x08010074   0x0000008c   Code   RO         7358    i.vTaskSwitchContext  tasks.o
    0x08010100   0x0000001a   Code   RO         6702    i.xEventGroupCreate  event_groups.o
    0x0801011a   0x000000d4   Code   RO         6704    i.xEventGroupSetBits  event_groups.o
    0x080101ee   0x00000002   PAD
    0x080101f0   0x0000015a   Code   RO         6706    i.xEventGroupWaitBits  event_groups.o
    0x0801034a   0x00000002   PAD
    0x0801034c   0x0000013c   Code   RO         6553    i.xPortStartScheduler  port.o
    0x08010488   0x00000034   Code   RO         6554    i.xPortSysTickHandler  port.o
    0x080104bc   0x00000022   Code   RO         7178    i.xQueueCreateMutex  queue.o
    0x080104de   0x00000058   Code   RO         7179    i.xQueueGenericCreate  queue.o
    0x08010536   0x00000002   PAD
    0x08010538   0x000001c4   Code   RO         7180    i.xQueueGenericReceive  queue.o
    0x080106fc   0x00000098   Code   RO         7181    i.xQueueGenericReset  queue.o
    0x08010794   0x000001a8   Code   RO         7182    i.xQueueGenericSend  queue.o
    0x0801093c   0x000000fe   Code   RO         7183    i.xQueueGenericSendFromISR  queue.o
    0x08010a3a   0x00000002   PAD
    0x08010a3c   0x0000008c   Code   RO         7359    i.xTaskCheckForTimeOut  tasks.o
    0x08010ac8   0x00000066   Code   RO         7360    i.xTaskCreate       tasks.o
    0x08010b2e   0x00000002   PAD
    0x08010b30   0x00000020   Code   RO         7362    i.xTaskGetSchedulerState  tasks.o
    0x08010b50   0x0000000c   Code   RO         7363    i.xTaskGetTickCount  tasks.o
    0x08010b5c   0x00000148   Code   RO         7365    i.xTaskIncrementTick  tasks.o
    0x08010ca4   0x000000c8   Code   RO         7366    i.xTaskPriorityDisinherit  tasks.o
    0x08010d6c   0x0000009c   Code   RO         7367    i.xTaskRemoveFromEventList  tasks.o
    0x08010e08   0x000000b0   Code   RO         7368    i.xTaskRemoveFromUnorderedEventList  tasks.o
    0x08010eb8   0x00000104   Code   RO         7369    i.xTaskResumeAll    tasks.o
    0x08010fbc   0x00000036   Code   RO         7657    i.xTimerCreate      timers.o
    0x08010ff2   0x00000002   PAD
    0x08010ff4   0x00000058   Code   RO         7658    i.xTimerCreateTimerTask  timers.o
    0x0801104c   0x00000084   Code   RO         7659    i.xTimerGenericCommand  timers.o
    0x080110d0   0x00000034   Code   RO         7665    i.xTimerPendFunctionCallFromISR  timers.o
    0x08011104   0x00000048   Data   RO            6    .constdata          system_stm32l4xx.o
    0x0801114c   0x00000014   Data   RO         4643    .constdata          main.o
    0x08011160   0x00000078   Data   RO         5845    .constdata          freertos.o
    0x080111d8   0x0000005e   Data   RO         6043    .constdata          my_cc1101.o
    0x08011236   0x00000002   PAD
    0x08011238   0x00000061   Data   RO         5323    .conststring        my_time.o
    0x08011299   0x00000003   PAD
    0x0801129c   0x00000044   Data   RO         5478    .conststring        my_adc.o
    0x080112e0   0x00000089   Data   RO         5521    .conststring        my_dac.o
    0x08011369   0x00000003   PAD
    0x0801136c   0x0000005a   Data   RO         5564    .conststring        my_exit.o
    0x080113c6   0x00000002   PAD
    0x080113c8   0x000000da   Data   RO         5611    .conststring        my_wave_rec.o
    0x080114a2   0x00000002   PAD
    0x080114a4   0x00000094   Data   RO         5846    .conststring        freertos.o
    0x08011538   0x00000020   Data   RO         8126    Region$$Table       anon$$obj.o


    Execution Region RW_IRAM1 (Base: 0x20000000, Size: 0x000160b0, Max: 0x00018000, ABSOLUTE, COMPRESSED[0x000000d8])

    Base Addr    Size         Type   Attr      Idx    E Section Name        Object

    0x20000000   0x00000004   Data   RW            7    .data               system_stm32l4xx.o
    0x20000004   0x00000004   Data   RW          344    .data               stm32l4xx_hal.o
    0x20000008   0x00000001   Data   RW         4644    .data               main.o
    0x20000009   0x00000003   PAD
    0x2000000c   0x00000004   Data   RW         5000    .data               adc.o
    0x20000010   0x00000043   Data   RW         5161    .data               my_gloabal_val.o
    0x20000053   0x00000001   Data   RW         5241    .data               my_usart_change.o
    0x20000054   0x0000000a   Data   RW         5324    .data               my_time.o
    0x2000005e   0x00000002   PAD
    0x20000060   0x00000010   Data   RW         5479    .data               my_adc.o
    0x20000070   0x00000030   Data   RW         5522    .data               my_dac.o
    0x200000a0   0x00000001   Data   RW         5565    .data               my_exit.o
    0x200000a1   0x00000007   PAD
    0x200000a8   0x000000b0   Data   RW         5612    .data               my_wave_rec.o
    0x20000158   0x0000079d   Data   RW         5753    .data               my_101.o
    0x200008f5   0x00000003   PAD
    0x200008f8   0x00000036   Data   RW         5847    .data               freertos.o
    0x2000092e   0x00000002   PAD
    0x20000930   0x0000005c   Data   RW         6044    .data               my_cc1101.o
    0x2000098c   0x0000000d   Data   RW         6265    .data               my_os.o
    0x20000999   0x00000003   PAD
    0x2000099c   0x00000004   Data   RW         6436    .data               bsp_iap.o
    0x200009a0   0x00000028   Data   RW         6535    .data               my_zsq_param.o
    0x200009c8   0x00000018   Data   RW         6555    .data               port.o
    0x200009e0   0x00000018   Data   RW         6635    .data               heap_4.o
    0x200009f8   0x0000003c   Data   RW         7372    .data               tasks.o
    0x20000a34   0x00000014   Data   RW         7667    .data               timers.o
    0x20000a48   0x00000004   Data   RW         8101    .data               mc_w.l(stdout.o)
    0x20000a4c   0x00000004   Data   RW         8113    .data               mc_w.l(errno.o)
    0x20000a50   0x00000020   Zero   RW         2176    .bss                stm32l4xx_hal_flash.o
    0x20000a70   0x00000160   Zero   RW         4999    .bss                adc.o
    0x20000bd0   0x00000070   Zero   RW         5057    .bss                usart.o
    0x20000c40   0x00000014   Zero   RW         5099    .bss                dac.o
    0x20000c54   0x00000004   PAD
    0x20000c58   0x0000f2c4   Zero   RW         5160    .bss                my_gloabal_val.o
    0x2000ff1c   0x00000078   Zero   RW         5389    .bss                tim.o
    0x2000ff94   0x00000024   Zero   RW         5436    .bss                rtc.o
    0x2000ffb8   0x00000798   Zero   RW         5610    .bss                my_wave_rec.o
    0x20010750   0x0000003c   Zero   RW         5929    .bss                stm32l4xx_hal_timebase_tim.o
    0x2001078c   0x00000064   Zero   RW         5969    .bss                spi.o
    0x200107f0   0x00001b58   Zero   RW         6042    .bss                my_cc1101.o
    0x20012348   0x00000800   Zero   RW         6435    .bss                bsp_iap.o
    0x20012b48   0x00000810   Zero   RW         6488    .bss                bsp_stm_flash.o
    0x20013358   0x00002800   Zero   RW         6634    .bss                heap_4.o
    0x20015b58   0x00000040   Zero   RW         7189    .bss                queue.o
    0x20015b98   0x000000f0   Zero   RW         7371    .bss                tasks.o
    0x20015c88   0x00000028   Zero   RW         7666    .bss                timers.o
    0x20015cb0   0x00000400   Zero   RW         4605    STACK               startup_stm32l471xx.o


==============================================================================

Image component sizes


      Code (inc. data)   RO Data    RW Data    ZI Data      Debug   Object Name

       940        110          0          4        352       2894   adc.o
      1038        518          0          4       2048       2596   bsp_iap.o
       380         12          0          0       2064       3546   bsp_stm_flash.o
       302          8          0          0          0      18127   cmsis_os.o
       204         34          0          0         20       1661   dac.o
        96          6          0          0          0        790   dma.o
       630          6          0          0          0      14856   event_groups.o
      3832        720        268         54          0       9156   freertos.o
       544         28          0          0          0       1183   gpio.o
       692         62          0         24      10240      14327   heap_4.o
       148          0          0          0          0       3586   list.o
      1944        534         20          1          0      26018   main.o
      1884        202          0       1949          0       9501   my_101.o
       940        152         68         16          0       2619   my_adc.o
      4188        538         94         92       7000      23199   my_cc1101.o
      3356        498        137         48          0       2728   my_dac.o
       748        262         90          1          0       1356   my_exit.o
         0          0          0         67      62148       3511   my_gloabal_val.o
      2626        912          0         13          0      13530   my_os.o
      1328        244         97         10          0       4869   my_time.o
       528          6          0          0          0       4662   my_usart.o
       184         28          0          1          0       1641   my_usart_change.o
     10168       1240        218        176       1944      17005   my_wave_rec.o
         0          0          0         40          0        420   my_zsq_param.o
      1398        114          0         24          0      13358   port.o
      1936         22          0          0         64      15757   queue.o
       108         34          0          0         36       1423   rtc.o
       192         38          0          0        100       1625   spi.o
        36          8        392          0       1024        808   startup_stm32l471xx.o
        82         10          0          4          0       3556   stm32l4xx_hal.o
      3028         84          0          0          0       9209   stm32l4xx_hal_adc.o
       344         12          0          0          0       1779   stm32l4xx_hal_adc_ex.o
       468         42          0          0          0      33549   stm32l4xx_hal_cortex.o
       700          0          0          0          0       5719   stm32l4xx_hal_dac.o
         2          0          0          0          0        991   stm32l4xx_hal_dac_ex.o
       790         10          0          0          0       4314   stm32l4xx_hal_dma.o
       860         50          0          0         32       5550   stm32l4xx_hal_flash.o
       540         28          0          0          0       3207   stm32l4xx_hal_flash_ex.o
       574         40          0          0          0       3734   stm32l4xx_hal_gpio.o
       144          4          0          0          0        898   stm32l4xx_hal_msp.o
       156         18          0          0          0       1358   stm32l4xx_hal_pwr_ex.o
      2800        106          0          0          0       7733   stm32l4xx_hal_rcc.o
      2084         44          0          0          0       3916   stm32l4xx_hal_rcc_ex.o
      1192         22          0          0          0       7362   stm32l4xx_hal_rtc.o
      1298          0          0          0          0       6060   stm32l4xx_hal_spi.o
       688         32          0          0          0       5719   stm32l4xx_hal_tim.o
       112         10          0          0          0       2586   stm32l4xx_hal_tim_ex.o
       136         18          0          0         60       1505   stm32l4xx_hal_timebase_tim.o
      2880         56          0          0          0      12184   stm32l4xx_hal_uart.o
         2          0          0          0          0        964   stm32l4xx_hal_uart_ex.o
       364        188          0          0          0      11268   stm32l4xx_it.o
        80         12         72          4          0     826173   system_stm32l4xx.o
      3434        458          0         60        240      28996   tasks.o
       304         64          0          0        120       2167   tim.o
      1370        120          0         20         40      13250   timers.o
       184         32          0          0        112       1646   usart.o

    ----------------------------------------------------------------------
     65058       7796       1500       2632      87648    1222145   Object Totals
         0          0         32          0          0          0   (incl. Generated)
        72          0         12         20          4          0   (incl. Padding)

    ----------------------------------------------------------------------

      Code (inc. data)   RO Data    RW Data    ZI Data      Debug   Library Member Name

        20          0          0          0          0        124   fabs.o
       122          0          0          0          0        148   sqrt.o
        86          0          0          0          0          0   __dczerorl2.o
         0          0          0          0          0          0   entry.o
         0          0          0          0          0          0   entry10a.o
         0          0          0          0          0          0   entry11a.o
         8          4          0          0          0          0   entry2.o
         4          0          0          0          0          0   entry5.o
         0          0          0          0          0          0   entry7b.o
         0          0          0          0          0          0   entry8b.o
         8          4          0          0          0          0   entry9a.o
        12          6          0          4          0         68   errno.o
        30          0          0          0          0          0   handlers.o
        36          8          0          0          0         68   init.o
         0          0          0          0          0          0   iusefp.o
        30          0          0          0          0         68   llshl.o
        36          0          0          0          0         68   llsshr.o
        32          0          0          0          0         68   llushr.o
        36          0          0          0          0         68   memcpya.o
        36          0          0          0          0        108   memseta.o
      2270         90          0          0          0        452   printfa.o
         0          0          0          4          0          0   stdout.o
        14          0          0          0          0         68   strlen.o
        44          0          0          0          0         80   uidiv.o
       104          0          0          0          0         92   uldiv.o
        48          0          0          0          0         68   cdcmple.o
        48          0          0          0          0         68   cdrcmple.o
       350          0          0          0          0        148   dadd.o
       222          0          0          0          0        100   ddiv.o
       186          0          0          0          0        176   depilogue.o
        62          0          0          0          0         80   dfixi.o
        50          0          0          0          0         76   dfixui.o
        48          0          0          0          0         68   dfixul.o
        34          0          0          0          0         76   dflti.o
        26          0          0          0          0         76   dfltui.o
       234          0          0          0          0         96   dmul.o
       162          0          0          0          0        100   dsqrt.o
        38          0          0          0          0         68   f2d.o

    ----------------------------------------------------------------------
      4442        112          0          8          0       2680   Library Totals
         6          0          0          0          0          0   (incl. Padding)

    ----------------------------------------------------------------------

      Code (inc. data)   RO Data    RW Data    ZI Data      Debug   Library Name

       142          0          0          0          0        272   m_wm.l
      2786        112          0          8          0       1208   mc_w.l
      1508          0          0          0          0       1200   mf_w.l

    ----------------------------------------------------------------------
      4442        112          0          8          0       2680   Library Totals

    ----------------------------------------------------------------------

==============================================================================


      Code (inc. data)   RO Data    RW Data    ZI Data      Debug   

     69500       7908       1500       2640      87648    1190961   Grand Totals
     69500       7908       1500        216      87648    1190961   ELF Image Totals (compressed)
     69500       7908       1500        216          0          0   ROM Totals

==============================================================================

    Total RO  Size (Code + RO Data)                71000 (  69.34kB)
    Total RW  Size (RW Data + ZI Data)             90288 (  88.17kB)
    Total ROM Size (Code + RO Data + RW Data)      71216 (  69.55kB)

==============================================================================

