Component: ARM Compiler 5.06 update 4 (build 422) Tool: armlink [4d35d2]

==============================================================================

Section Cross References

    main.o(i.HAL_TIM_PeriodElapsedCallback) refers to stm32f1xx_hal.o(i.HAL_IncTick) for HAL_IncTick
    main.o(i.HAL_TIM_PeriodElapsedCallback) refers to my_time.o(i.HAL_TIM_PeriodElapsedCallback2) for HAL_TIM_PeriodElapsedCallback2
    main.o(i.HAL_TIM_PeriodElapsedCallback) refers to tim.o(.bss) for htim6
    main.o(i.SystemClock_Config) refers to stm32f1xx_hal_rcc.o(i.HAL_RCC_OscConfig) for HAL_RCC_OscConfig
    main.o(i.SystemClock_Config) refers to main.o(i.Error_Handler) for Error_Handler
    main.o(i.SystemClock_Config) refers to stm32f1xx_hal_rcc.o(i.HAL_RCC_ClockConfig) for HAL_RCC_ClockConfig
    main.o(i.SystemClock_Config) refers to stm32f1xx_hal_rcc_ex.o(i.HAL_RCCEx_PeriphCLKConfig) for HAL_RCCEx_PeriphCLKConfig
    main.o(i.SystemClock_Config) refers to stm32f1xx_hal_rcc.o(i.HAL_RCC_GetHCLKFreq) for HAL_RCC_GetHCLKFreq
    main.o(i.SystemClock_Config) refers to stm32f1xx_hal_cortex.o(i.HAL_SYSTICK_Config) for HAL_SYSTICK_Config
    main.o(i.SystemClock_Config) refers to stm32f1xx_hal_cortex.o(i.HAL_SYSTICK_CLKSourceConfig) for HAL_SYSTICK_CLKSourceConfig
    main.o(i.SystemClock_Config) refers to stm32f1xx_hal_cortex.o(i.HAL_NVIC_SetPriority) for HAL_NVIC_SetPriority
    main.o(i.main) refers to memseta.o(.text) for __aeabi_memclr4
    main.o(i.main) refers to stm32f1xx_hal.o(i.HAL_Init) for HAL_Init
    main.o(i.main) refers to main.o(i.SystemClock_Config) for SystemClock_Config
    main.o(i.main) refers to gpio.o(i.MX_GPIO_Init) for MX_GPIO_Init
    main.o(i.main) refers to usart.o(i.MX_USART3_UART_Init) for MX_USART3_UART_Init
    main.o(i.main) refers to spi.o(i.MX_SPI1_Init) for MX_SPI1_Init
    main.o(i.main) refers to rtc.o(i.MX_RTC_Init) for MX_RTC_Init
    main.o(i.main) refers to usart.o(i.MX_USART1_UART_Init) for MX_USART1_UART_Init
    main.o(i.main) refers to usart.o(i.MX_USART2_UART_Init) for MX_USART2_UART_Init
    main.o(i.main) refers to spi.o(i.MX_SPI3_Init) for MX_SPI3_Init
    main.o(i.main) refers to tim.o(i.MX_TIM6_Init) for MX_TIM6_Init
    main.o(i.main) refers to stm32f1xx_hal_cortex.o(i.HAL_NVIC_DisableIRQ) for HAL_NVIC_DisableIRQ
    main.o(i.main) refers to stm32f1xx_hal.o(i.HAL_Delay) for HAL_Delay
    main.o(i.main) refers to printfa.o(i.__0printf) for __2printf
    main.o(i.main) refers to bsp_usart1.o(i.USART_printf) for USART_printf
    main.o(i.main) refers to stm32f1xx_hal_rcc.o(i.HAL_RCC_GetSysClockFreq) for HAL_RCC_GetSysClockFreq
    main.o(i.main) refers to stm32f1xx_hal_uart.o(i.HAL_UART_Receive_IT) for HAL_UART_Receive_IT
    main.o(i.main) refers to wdz_eeprom.o(i.MY_Value_init) for MY_Value_init
    main.o(i.main) refers to bsp_stm_flash.o(i.STMFLASH_Read) for STMFLASH_Read
    main.o(i.main) refers to bsp_stm_flash.o(i.STMFLASH_Write) for STMFLASH_Write
    main.o(i.main) refers to stm32f1xx_hal_tim.o(i.HAL_TIM_Base_Stop_IT) for HAL_TIM_Base_Stop_IT
    main.o(i.main) refers to stm32f1xx_hal_rtc.o(i.HAL_RTC_SetDate) for HAL_RTC_SetDate
    main.o(i.main) refers to stm32f1xx_hal_rtc.o(i.HAL_RTC_SetTime) for HAL_RTC_SetTime
    main.o(i.main) refers to stm32f1xx_hal_gpio.o(i.HAL_GPIO_WritePin) for HAL_GPIO_WritePin
    main.o(i.main) refers to my_cc1101.o(i.CC1101ReadReg) for CC1101ReadReg
    main.o(i.main) refers to my_cc1101.o(i.CC1101Init) for CC1101Init
    main.o(i.main) refers to my_cc1101.o(i.my_read_all_reg) for my_read_all_reg
    main.o(i.main) refers to my_cc1101.o(i.CC1101WriteCmd) for CC1101WriteCmd
    main.o(i.main) refers to my_cc1101.o(i.CC1101WriteReg) for CC1101WriteReg
    main.o(i.main) refers to my_cc1101.o(i.CC1101SetIdle) for CC1101SetIdle
    main.o(i.main) refers to my_cc1101.o(i.CC1101SetTRMode) for CC1101SetTRMode
    main.o(i.main) refers to my_cc1101.o(i.CC1101ReadStatus) for CC1101ReadStatus
    main.o(i.main) refers to stm32f1xx_hal_tim.o(i.HAL_TIM_Base_Start_IT) for HAL_TIM_Base_Start_IT
    main.o(i.main) refers to bsp_led.o(i.my_speaker_long_voice) for my_speaker_long_voice
    main.o(i.main) refers to bsp_led.o(i.my_speaker_short_cycle_voice) for my_speaker_short_cycle_voice
    main.o(i.main) refers to freertos.o(i.MX_FREERTOS_Init) for MX_FREERTOS_Init
    main.o(i.main) refers to cmsis_os.o(i.osKernelStart) for osKernelStart
    main.o(i.main) refers to wdz_m35.o(i.my_at_senddata) for my_at_senddata
    main.o(i.main) refers to main.o(.data) for my_system_restart_status
    main.o(i.main) refers to my_cc1101.o(.data) for my_CC1101_chip_address
    main.o(i.main) refers to usart.o(.bss) for huart3
    main.o(i.main) refers to my_def_value.o(.bss) for rsbuf3
    main.o(i.main) refers to my_def_value.o(.data) for rsbuf3pt_write
    main.o(i.main) refers to main.o(.bss) for my_FLASH_rx_buf1
    main.o(i.main) refers to tim.o(.bss) for htim6
    main.o(i.main) refers to rtc.o(.bss) for hrtc
[...]
    my_fun_101check_generate                 0x08009d6b   Thumb Code   206  my_cc1101.o(i.my_fun_101check_generate)
    my_fun_101check_verify                   0x08009e39   Thumb Code   268  my_cc1101.o(i.my_fun_101check_verify)
    my_fun_CC1101_TX_OK                      0x08009f5d   Thumb Code    74  my_os.o(i.my_fun_CC1101_TX_OK)
    my_fun_CC1101_TX_config_parmeter         0x08009fe5   Thumb Code   204  my_os.o(i.my_fun_CC1101_TX_config_parmeter)
    my_fun_CC1101_init_resume                0x0800a0f9   Thumb Code   140  my_os.o(i.my_fun_CC1101_init_resume)
    my_fun_CC1101_init_reum                  0x0800a1ed   Thumb Code   104  my_cc1101.o(i.my_fun_CC1101_init_reum)
    my_fun_CC1101_re_CCA_status              0x0800a259   Thumb Code    24  my_cc1101.o(i.my_fun_CC1101_re_CCA_status)
    my_fun_CC1101_test1                      0x0800a275   Thumb Code   120  my_os.o(i.my_fun_CC1101_test1)
    my_fun_CC1101_time_dialog_rx2            0x0800a3b5   Thumb Code   148  my_os.o(i.my_fun_CC1101_time_dialog_rx2)
    my_fun_CC1101_time_dialog_tx3            0x0800a46d   Thumb Code   160  my_os.o(i.my_fun_CC1101_time_dialog_tx3)
    my_fun_GPRS_RX_Rec_data                  0x0800a539   Thumb Code   246  my_os.o(i.my_fun_GPRS_RX_Rec_data)
    my_fun_GPRS_RX_change_parameter          0x0800a6ad   Thumb Code   922  my_os.o(i.my_fun_GPRS_RX_change_parameter)
    my_fun_GPRS_RX_query_data                0x0800abdd   Thumb Code    64  my_os.o(i.my_fun_GPRS_RX_query_data)
    my_fun_GPRS_RX_query_data2               0x0800ac4d   Thumb Code    64  my_os.o(i.my_fun_GPRS_RX_query_data2)
    my_fun_GPRS_RX_test1                     0x0800acbd   Thumb Code   620  my_os.o(i.my_fun_GPRS_RX_test1)
    my_fun_GPRS_RX_turn_led                  0x0800b115   Thumb Code   242  my_os.o(i.my_fun_GPRS_RX_turn_led)
    my_fun_GPRS_TX_ALarm_data_yaoxin_yaoce   0x0800b2b9   Thumb Code  4540  my_os.o(i.my_fun_GPRS_TX_ALarm_data_yaoxin_yaoce)
    my_fun_GPRS_TX_CYC2                      0x0800c4d5   Thumb Code   578  my_os.o(i.my_fun_GPRS_TX_CYC2)
    my_fun_GPRS_TX_CYC2_B                    0x0800c759   Thumb Code  1084  my_os.o(i.my_fun_GPRS_TX_CYC2_B)
    my_fun_GPRS_TX_CYC3                      0x0800cb95   Thumb Code   424  my_os.o(i.my_fun_GPRS_TX_CYC3)
    my_fun_GPRS_TX_CYC3_B                    0x0800cd75   Thumb Code   520  my_os.o(i.my_fun_GPRS_TX_CYC3_B)
    my_fun_GPRS_TX_CYC4                      0x0800cfbd   Thumb Code   110  my_os.o(i.my_fun_GPRS_TX_CYC4)
    my_fun_GPRS_TX_CYC4_B                    0x0800d05d   Thumb Code   110  my_os.o(i.my_fun_GPRS_TX_CYC4_B)
    my_fun_GPRS_TX_CYC5                      0x0800d0fd   Thumb Code   232  my_os.o(i.my_fun_GPRS_TX_CYC5)
    my_fun_GPRS_TX_Call_0                    0x0800d219   Thumb Code   226  my_os.o(i.my_fun_GPRS_TX_Call_0)
    my_fun_GPRS_TX_OK                        0x0800d331   Thumb Code    66  my_os.o(i.my_fun_GPRS_TX_OK)
    my_fun_GPRS_TX_OK_80                     0x0800d391   Thumb Code    66  my_os.o(i.my_fun_GPRS_TX_OK_80)
    my_fun_GPRS_TX_RESET                     0x0800d3f1   Thumb Code   300  my_os.o(i.my_fun_GPRS_TX_RESET)
    my_fun_GPRS_TX_RTC_data                  0x0800d551   Thumb Code   384  my_os.o(i.my_fun_GPRS_TX_RTC_data)
    my_fun_GPRS_TX_RTC_data_read             0x0800d711   Thumb Code   384  my_os.o(i.my_fun_GPRS_TX_RTC_data_read)
    my_fun_GPRS_TX_TIME_RTC                  0x0800d8d1   Thumb Code   138  my_os.o(i.my_fun_GPRS_TX_TIME_RTC)
    my_fun_GPRS_TX_TurnLED                   0x0800d9b5   Thumb Code   156  my_os.o(i.my_fun_GPRS_TX_TurnLED)
    my_fun_GPRS_TX_catalog                   0x0800daa1   Thumb Code   624  my_os.o(i.my_fun_GPRS_TX_catalog)
    my_fun_GPRS_TX_changeparameter           0x0800dde5   Thumb Code   454  my_os.o(i.my_fun_GPRS_TX_changeparameter)
    my_fun_GPRS_TX_file_data_1               0x0800e041   Thumb Code     2  my_os.o(i.my_fun_GPRS_TX_file_data_1)
    my_fun_GPRS_TX_file_data_2               0x0800e043   Thumb Code     2  my_os.o(i.my_fun_GPRS_TX_file_data_2)
    my_fun_GPRS_TX_file_data_3               0x0800e045   Thumb Code    42  my_os.o(i.my_fun_GPRS_TX_file_data_3)
    my_fun_GPRS_TX_heart_toserver_data       0x0800e07d   Thumb Code    82  my_os.o(i.my_fun_GPRS_TX_heart_toserver_data)
    my_fun_GPRS_TX_query_data                0x0800e0e5   Thumb Code   700  my_os.o(i.my_fun_GPRS_TX_query_data)
    my_fun_GPRS_TX_query_data2               0x0800e439   Thumb Code  1118  my_os.o(i.my_fun_GPRS_TX_query_data2)
    my_fun_GPRS_TX_start1                    0x0800e899   Thumb Code   100  my_os.o(i.my_fun_GPRS_TX_start1)
    my_fun_GPRS_TX_start1_server             0x0800e929   Thumb Code   100  my_os.o(i.my_fun_GPRS_TX_start1_server)
    my_fun_GPRS_TX_start2                    0x0800e9b9   Thumb Code   100  my_os.o(i.my_fun_GPRS_TX_start2)
    my_fun_GPRS_TX_start2_server             0x0800ea49   Thumb Code   184  my_os.o(i.my_fun_GPRS_TX_start2_server)
    my_fun_GPRS_TX_start3                    0x0800eb2d   Thumb Code   222  my_os.o(i.my_fun_GPRS_TX_start3)
    my_fun_GPRS_TX_start3_server             0x0800ec55   Thumb Code   100  my_os.o(i.my_fun_GPRS_TX_start3_server)
    my_fun_GPRS_TX_start4_server             0x0800ece5   Thumb Code   222  my_os.o(i.my_fun_GPRS_TX_start4_server)
    my_fun_GPRS_TX_test1                     0x0800ee0d   Thumb Code    76  my_os.o(i.my_fun_GPRS_TX_test1)
    my_fun_GPRS_TX_test_data                 0x0800ee81   Thumb Code   308  my_os.o(i.my_fun_GPRS_TX_test_data)
    my_fun_GPRS_TX_xinhaoqiangdu             0x0800efed   Thumb Code   112  my_os.o(i.my_fun_GPRS_TX_xinhaoqiangdu)
    my_fun_M35_resume_init                   0x0800f0b1   Thumb Code    56  my_os.o(i.my_fun_M35_resume_init)
    my_fun_dialog_CC1101_RX_0                0x0800f121   Thumb Code   228  my_os.o(i.my_fun_dialog_CC1101_RX_0)
    my_fun_dialog_CC1101_RX_1                0x0800f295   Thumb Code  2572  my_os.o(i.my_fun_dialog_CC1101_RX_1)
    my_fun_display_buf_16                    0x0800fdc9   Thumb Code    54  my_cc1101.o(i.my_fun_display_buf_16)
    my_fun_display_fram_16                   0x0800fe21   Thumb Code   192  my_cc1101.o(i.my_fun_display_fram_16)
    my_fun_give_Queue                        0x0800ff29   Thumb Code   116  my_os.o(i.my_fun_give_Queue)
    my_fun_gprs_time_dialog_rx               0x0800ffbd   Thumb Code   162  my_os.o(i.my_fun_gprs_time_dialog_rx)
    my_fun_gprs_time_dialog_tx               0x08010091   Thumb Code   178  my_os.o(i.my_fun_gprs_time_dialog_tx)
    my_fun_task_heap_value                   0x08010171   Thumb Code   148  my_os.o(i.my_fun_task_heap_value)
    my_fun_usart_init_resume                 0x080102e5   Thumb Code    72  my_os.o(i.my_fun_usart_init_resume)
    my_fun_write_update_data_to_FLASH        0x0801034d   Thumb Code   376  bsp_iap.o(i.my_fun_write_update_data_to_FLASH)
    my_gprs_generate_101MCU_data             0x080106c5   Thumb Code   188  my_gprs.o(i.my_gprs_generate_101MCU_data)
    my_gprs_generate_101analog_data          0x080107a1   Thumb Code   200  my_gprs.o(i.my_gprs_generate_101analog_data)
    my_gprs_generate_101single_data          0x0801088d   Thumb Code   200  my_gprs.o(i.my_gprs_generate_101single_data)
    my_init_m35                              0x08010975   Thumb Code   918  wdz_m35.o(i.my_init_m35)
    my_read_all_reg                          0x08010ea9   Thumb Code    76  my_cc1101.o(i.my_read_all_reg)
    my_speaker_long_voice                    0x08010f21   Thumb Code    28  bsp_led.o(i.my_speaker_long_voice)
    my_speaker_short_cycle_voice             0x08010f41   Thumb Code    54  bsp_led.o(i.my_speaker_short_cycle_voice)
    my_val_writeto_eeprom                    0x08010f7d   Thumb Code    76  wdz_eeprom.o(i.my_val_writeto_eeprom)
    osDelay                                  0x08010fc9   Thumb Code    24  cmsis_os.o(i.osDelay)
    osKernelStart                            0x08010fe1   Thumb Code    10  cmsis_os.o(i.osKernelStart)
    osMessageCreate                          0x08010feb   Thumb Code    18  cmsis_os.o(i.osMessageCreate)
    osMutexCreate                            0x08010ffd   Thumb Code    12  cmsis_os.o(i.osMutexCreate)
    osSemaphoreCreate                        0x08011009   Thumb Code    50  cmsis_os.o(i.osSemaphoreCreate)
    osSystickHandler                         0x0801103b   Thumb Code    16  cmsis_os.o(i.osSystickHandler)
    osThreadCreate                           0x0801104b   Thumb Code    58  cmsis_os.o(i.osThreadCreate)
    osTimerCreate                            0x08011085   Thumb Code    36  cmsis_os.o(i.osTimerCreate)
    osTimerStart                             0x080110ad   Thumb Code    92  cmsis_os.o(i.osTimerStart)
    pvPortMalloc                             0x08011951   Thumb Code   254  heap_4.o(i.pvPortMalloc)
    pvTaskIncrementMutexHeldCount            0x08011a65   Thumb Code    26  tasks.o(i.pvTaskIncrementMutexHeldCount)
    pxPortInitialiseStack                    0x08011a85   Thumb Code    26  port.o(i.pxPortInitialiseStack)
    uxListRemove                             0x08011aa5   Thumb Code    40  list.o(i.uxListRemove)
    uxTaskGetStackHighWaterMark              0x08011acd   Thumb Code    34  tasks.o(i.uxTaskGetStackHighWaterMark)
    uxTaskResetEventItemValue                0x08011af5   Thumb Code    24  tasks.o(i.uxTaskResetEventItemValue)
    vEventGroupSetBitsCallback               0x08011b11   Thumb Code    16  event_groups.o(i.vEventGroupSetBitsCallback)
    vListInitialise                          0x08011b21   Thumb Code    26  list.o(i.vListInitialise)
    vListInitialiseItem                      0x08011b3b   Thumb Code     6  list.o(i.vListInitialiseItem)
    vListInsert                              0x08011b41   Thumb Code    52  list.o(i.vListInsert)
    vListInsertEnd                           0x08011b75   Thumb Code    24  list.o(i.vListInsertEnd)
    vPortEnterCritical                       0x08011b8d   Thumb Code    58  port.o(i.vPortEnterCritical)
    vPortExitCritical                        0x08011bd1   Thumb Code    40  port.o(i.vPortExitCritical)
    vPortFree                                0x08011bfd   Thumb Code   112  heap_4.o(i.vPortFree)
    vPortSetupTimerInterrupt                 0x08011c75   Thumb Code    26  port.o(i.vPortSetupTimerInterrupt)
    vPortValidateInterruptPriority           0x08011c95   Thumb Code    78  port.o(i.vPortValidateInterruptPriority)
    vPortYield                               0x08011cf1   Thumb Code    18  port.o(i.vPortYield)
    vQueueAddToRegistry                      0x08011d09   Thumb Code    38  queue.o(i.vQueueAddToRegistry)
    vQueueWaitForMessageRestricted           0x08011d35   Thumb Code    66  queue.o(i.vQueueWaitForMessageRestricted)
    vTaskDelay                               0x08011d79   Thumb Code    94  tasks.o(i.vTaskDelay)
    vTaskMissedYield                         0x08011de9   Thumb Code     8  tasks.o(i.vTaskMissedYield)
    vTaskPlaceOnEventList                    0x08011df5   Thumb Code    94  tasks.o(i.vTaskPlaceOnEventList)
    vTaskPlaceOnEventListRestricted          0x08011e65   Thumb Code   100  tasks.o(i.vTaskPlaceOnEventListRestricted)
    vTaskPlaceOnUnorderedEventList           0x08011ed9   Thumb Code   132  tasks.o(i.vTaskPlaceOnUnorderedEventList)
    vTaskPriorityInherit                     0x08011f71   Thumb Code   164  tasks.o(i.vTaskPriorityInherit)
    vTaskSetTimeOutState                     0x08012021   Thumb Code    28  tasks.o(i.vTaskSetTimeOutState)
    vTaskStartScheduler                      0x08012045   Thumb Code    80  tasks.o(i.vTaskStartScheduler)
    vTaskSuspendAll                          0x080120ad   Thumb Code    12  tasks.o(i.vTaskSuspendAll)
    vTaskSwitchContext                       0x080120bd   Thumb Code   106  tasks.o(i.vTaskSwitchContext)
    wdz_GPRS_101check_generate               0x0801213d   Thumb Code    80  my_gprs.o(i.wdz_GPRS_101check_generate)
    wdz_GPRS_string_to_array                 0x0801218d   Thumb Code   122  my_gprs.o(i.wdz_GPRS_string_to_array)
    xEventGroupCreate                        0x0801220d   Thumb Code    26  event_groups.o(i.xEventGroupCreate)
    xEventGroupSetBits                       0x08012227   Thumb Code   178  event_groups.o(i.xEventGroupSetBits)
    xEventGroupSetBitsFromISR                0x080122d9   Thumb Code    30  event_groups.o(i.xEventGroupSetBitsFromISR)
    xEventGroupWaitBits                      0x080122fd   Thumb Code   266  event_groups.o(i.xEventGroupWaitBits)
    xPortStartScheduler                      0x08012409   Thumb Code   140  port.o(i.xPortStartScheduler)
    xPortSysTickHandler                      0x080124a9   Thumb Code    28  port.o(i.xPortSysTickHandler)
    xQueueCreateCountingSemaphore            0x080124c9   Thumb Code    74  queue.o(i.xQueueCreateCountingSemaphore)
    xQueueCreateMutex                        0x08012513   Thumb Code    76  queue.o(i.xQueueCreateMutex)
    xQueueGenericCreate                      0x0801255f   Thumb Code   106  queue.o(i.xQueueGenericCreate)
    xQueueGenericReceive                     0x080125c9   Thumb Code   346  queue.o(i.xQueueGenericReceive)
    xQueueGenericReset                       0x08012723   Thumb Code   120  queue.o(i.xQueueGenericReset)
    xQueueGenericSend                        0x0801279b   Thumb Code   322  queue.o(i.xQueueGenericSend)
    xQueueGenericSendFromISR                 0x080128dd   Thumb Code   172  queue.o(i.xQueueGenericSendFromISR)
    xTaskCheckForTimeOut                     0x08012989   Thumb Code   108  tasks.o(i.xTaskCheckForTimeOut)
    xTaskGenericCreate                       0x080129fd   Thumb Code   288  tasks.o(i.xTaskGenericCreate)
    xTaskGetSchedulerState                   0x08012b35   Thumb Code    24  tasks.o(i.xTaskGetSchedulerState)
    xTaskGetTickCount                        0x08012b55   Thumb Code     6  tasks.o(i.xTaskGetTickCount)
    xTaskIncrementTick                       0x08012b61   Thumb Code   272  tasks.o(i.xTaskIncrementTick)
    xTaskPriorityDisinherit                  0x08012c9d   Thumb Code   160  tasks.o(i.xTaskPriorityDisinherit)
    xTaskRemoveFromEventList                 0x08012d49   Thumb Code   114  tasks.o(i.xTaskRemoveFromEventList)
    xTaskRemoveFromUnorderedEventList        0x08012dd5   Thumb Code   126  tasks.o(i.xTaskRemoveFromUnorderedEventList)
    xTaskResumeAll                           0x08012e69   Thumb Code   200  tasks.o(i.xTaskResumeAll)
    xTimerCreate                             0x08012f51   Thumb Code    80  timers.o(i.xTimerCreate)
    xTimerCreateTimerTask                    0x08012fa1   Thumb Code    58  timers.o(i.xTimerCreateTimerTask)
    xTimerGenericCommand                     0x08012fed   Thumb Code   114  timers.o(i.xTimerGenericCommand)
    xTimerPendFunctionCallFromISR            0x08013065   Thumb Code    48  timers.o(i.xTimerPendFunctionCallFromISR)
    AHBPrescTable                            0x08013216   Data          16  system_stm32f1xx.o(.constdata)
    APBPrescTable                            0x08013226   Data           8  system_stm32f1xx.o(.constdata)
    Region$$Table$$Base                      0x08013290   Number         0  anon$$obj.o(Region$$Table)
    Region$$Table$$Limit                     0x080132b0   Number         0  anon$$obj.o(Region$$Table)
    my_usart1_tx_buf1                        0x20000000   Data         270  main.o(.data)
    my_system_restart_status                 0x2000010e   Data           1  main.o(.data)
    DTU_ADDRESS                              0x20000110   Data           2  main.o(.data)
    my_RTC_date                              0x20000112   Data           4  main.o(.data)
    my_RTC_time                              0x20000116   Data           3  main.o(.data)
    my_sys_verson                            0x20000119   Data          15  main.o(.data)
    my_sys_init_flash                        0x20000128   Data           1  my_def_value.o(.data)
    rsbuf1pt_write                           0x2000012a   Data           2  my_def_value.o(.data)
    rsbuf1pt_read                            0x2000012c   Data           2  my_def_value.o(.data)
    rsbuf1pt_TEMP_read                       0x2000012e   Data           2  my_def_value.o(.data)
    rsbuf1pt_COMM_read                       0x20000130   Data           2  my_def_value.o(.data)
    rsbuf2pt_write                           0x20000132   Data           2  my_def_value.o(.data)
    rsbuf2pt_read                            0x20000134   Data           2  my_def_value.o(.data)
    rsbuf2pt_TEMP_read                       0x20000136   Data           2  my_def_value.o(.data)
    rsbuf2pt_COMM_read                       0x20000138   Data           2  my_def_value.o(.data)
    rsbuf3pt_write                           0x2000013a   Data           2  my_def_value.o(.data)
    rsbuf3pt_read                            0x2000013c   Data           2  my_def_value.o(.data)
    rsbuf3pt_TEMP_read                       0x2000013e   Data           2  my_def_value.o(.data)
    rsbuf3pt_COMM_read                       0x20000140   Data           2  my_def_value.o(.data)
    rsbuf4pt_write                           0x20000142   Data           2  my_def_value.o(.data)
    rsbuf4pt_read                            0x20000144   Data           2  my_def_value.o(.data)
    rsbuf4pt_TEMP_read                       0x20000146   Data           2  my_def_value.o(.data)
    rsbuf4pt_COMM_read                       0x20000148   Data           2  my_def_value.o(.data)
    rsbuf5pt_write                           0x2000014a   Data           2  my_def_value.o(.data)
    rsbuf5pt_read                            0x2000014c   Data           2  my_def_value.o(.data)
    rsbuf5pt_TEMP_read                       0x2000014e   Data           2  my_def_value.o(.data)
    rsbuf5pt_COMM_read                       0x20000150   Data           2  my_def_value.o(.data)
    RE_ALarmData_Status                      0x20000152   Data           1  my_def_value.o(.data)
    RE_CycleData_Status                      0x20000153   Data           1  my_def_value.o(.data)
    MY_433_ALarmdata_number                  0x20000154   Data           1  my_def_value.o(.data)
    MY_433_ALarmdata_NOtime_status           0x20000155   Data           1  my_def_value.o(.data)
    MY_433_ALarmdata_Time_status             0x20000156   Data           1  my_def_value.o(.data)
    MY_433_Alarmdata_NOtime_WriteAddress     0x20000157   Data           1  my_def_value.o(.data)
    MY_433_Call_Single_data_buf              0x20000158   Data         256  my_def_value.o(.data)
    MY_433_Call_Analog_data_buf              0x20000258   Data         256  my_def_value.o(.data)
    MY_433_Call_Time_data_buf                0x20000358   Data           7  my_def_value.o(.data)
    MY_433_Call_Single_data_number           0x2000035f   Data           1  my_def_value.o(.data)
    MY_433_Call_Analog_data_number           0x20000360   Data           1  my_def_value.o(.data)
    MY_433_Call_Status                       0x20000361   Data           1  my_def_value.o(.data)
    MY_IP                                    0x20000362   Data           4  my_def_value.o(.data)
    MY_PORT                                  0x20000366   Data           2  my_def_value.o(.data)
    MY_Table1_Alarmdata_StartAddress         0x20000368   Data           4  my_def_value.o(.data)
    MY_Table1_Alarmdata_EndAddress           0x2000036c   Data           4  my_def_value.o(.data)
    MY_Table1_Alarmdata_WriteAddress         0x20000370   Data           4  my_def_value.o(.data)
    MY_Table1_Alarmdata_ReadAddress          0x20000374   Data           4  my_def_value.o(.data)
    MY_Table2_Cycledata_StartAddress         0x20000378   Data           4  my_def_value.o(.data)
    MY_Table2_Cycledata_EndAddress           0x2000037c   Data           4  my_def_value.o(.data)
    MY_Table2_Cycledata_WriteAddress         0x20000380   Data           4  my_def_value.o(.data)
    MY_Table2_Cycledata_ReadAddress          0x20000384   Data           4  my_def_value.o(.data)
    MY_Table2_Newdata_status                 0x20000388   Data           1  my_def_value.o(.data)
    MY_Table1_Newdata_status                 0x20000389   Data           1  my_def_value.o(.data)
    MY_MCU_RsBuf                             0x2000038a   Data           8  my_def_value.o(.data)
    MY_MCU_getdata_status                    0x20000392   Data           1  my_def_value.o(.data)
    TimingDelay                              0x20000394   Data           4  my_def_value.o(.data)
    GPRS_Heartdata_error_count               0x20000398   Data           1  my_def_value.o(.data)
    Transmint_to_GPRS_hearttime              0x2000039a   Data           2  my_def_value.o(.data)
    Transmint_to_GPRS_Cycledata              0x2000039c   Data           2  my_def_value.o(.data)
    USART1_address_first                     0x2000039e   Data           2  my_def_value.o(.data)
    USART1_address_second                    0x200003a0   Data           2  my_def_value.o(.data)
    USART1_length                            0x200003a2   Data           1  my_def_value.o(.data)
    USART1_FRAME_status                      0x200003a3   Data           1  my_def_value.o(.data)
    USART1_TRANSMINT_STATUS                  0x200003a4   Data           1  my_def_value.o(.data)
    USART1_RESIVER_STATUS                    0x200003a5   Data           1  my_def_value.o(.data)
    link_status_GPRS                         0x200003a6   Data           1  my_def_value.o(.data)
    link_status_433                          0x200003a7   Data           1  my_def_value.o(.data)
    wdz_433_heart_count                      0x200003a8   Data           1  my_def_value.o(.data)
    T_year                                   0x200003ac   Data           4  my_def_value.o(.data)
    T_month                                  0x200003b0   Data           4  my_def_value.o(.data)
    T_day                                    0x200003b4   Data           4  my_def_value.o(.data)
    T_hh                                     0x200003b8   Data           4  my_def_value.o(.data)
    T_mm                                     0x200003bc   Data           4  my_def_value.o(.data)
    T_ss                                     0x200003c0   Data           4  my_def_value.o(.data)
    rtcbuffer                                0x200003c4   Data           7  my_def_value.o(.data)
    MY_H_speed_cyc                           0x200003cc   Data           2  my_def_value.o(.data)
    MY_H_speed_heart                         0x200003ce   Data           2  my_def_value.o(.data)
    MY_M_speed_cyc                           0x200003d0   Data           2  my_def_value.o(.data)
    MY_M_speed_heart                         0x200003d2   Data           2  my_def_value.o(.data)
    MY_L_speed_cyc                           0x200003d4   Data           2  my_def_value.o(.data)
    MY_L_speed_heart                         0x200003d6   Data           2  my_def_value.o(.data)
    MY_Speed_H_Gate                          0x200003d8   Data           4  my_def_value.o(.data)
    MY_Speed_L_Gate                          0x200003dc   Data           4  my_def_value.o(.data)
    MY_ACT_CYC_DTU                           0x200003e0   Data           2  my_def_value.o(.data)
    MY_ACT_Heart_DTU                         0x200003e2   Data           2  my_def_value.o(.data)
    my_act_cyc_dtu_delay                     0x200003e4   Data           1  my_def_value.o(.data)
    my_AD_value                              0x200003e8   Data           4  my_def_value.o(.data)
    my_AD_SUN_value                          0x200003ec   Data           4  my_def_value.o(.data)
    my_UART1_Status                          0x200003f0   Data           1  my_usart.o(.data)
    my_UART2_Status                          0x200003f1   Data           1  my_usart.o(.data)
    my_UART3_Status                          0x200003f2   Data           1  my_usart.o(.data)
    my_cyc_data_write_cn                     0x200003f4   Data           2  wdz_eeprom.o(.data)
    MY_GPRS_MCU_RsBuf                        0x200003f6   Data           8  wdz_eeprom.o(.data)
    MY_GPRS_Call_Time_data_buf               0x200003fe   Data           7  wdz_eeprom.o(.data)
    MY_GPRS_Call_Single_data_number          0x20000405   Data           1  wdz_eeprom.o(.data)
    MY_GPRS_Call_Analog_data_number          0x20000406   Data           1  wdz_eeprom.o(.data)
    MY_GPRS_Call_Status                      0x20000407   Data           1  wdz_eeprom.o(.data)
    MY_GPRS_Cycle_Transmintdata_status       0x20000408   Data           1  wdz_eeprom.o(.data)
    MY_GPRS_ALarmdata_NOtime_status          0x20000409   Data           1  wdz_eeprom.o(.data)
    MY_GPRS_ALarmdata_Time_status            0x2000040a   Data           1  wdz_eeprom.o(.data)
    MY_GPRS_ALarmdata_number                 0x2000040b   Data           1  wdz_eeprom.o(.data)
    MY_GPRS_ALarm_Transmintdata_status       0x2000040c   Data           1  wdz_eeprom.o(.data)
    FLASH_DTU                                0x2000040d   Data           1  wdz_eeprom.o(.data)
    temp                                     0x2000040e   Data           1  wdz_eeprom.o(.data)
    my_tim6_count                            0x20000410   Data           2  my_time.o(.data)
    my_tim6_old_count                        0x20000412   Data           2  my_time.o(.data)
    MY_CC1101_STATUS                         0x20000414   Data           1  my_cc_tx_rx.o(.data)
    MY_TX_RX_STEP                            0x20000415   Data           1  my_cc_tx_rx.o(.data)
    Cmd_CC1101_TX                            0x20000416   Data          70  my_cc_tx_rx.o(.data)
    my_cmd_cc1101_step                       0x2000045c   Data           2  my_cc_tx_rx.o(.data)
    my_temp                                  0x2000045e   Data           1  my_cc_tx_rx.o(.data)
    j                                        0x20000460   Data           4  my_cc_tx_rx.o(.data)
    my_CC1101_sync_word                      0x20000464   Data           2  my_cc1101.o(.data)
    my_CC1101_chip_address                   0x20000466   Data           1  my_cc1101.o(.data)
    my_cc1101_dest_address                   0x20000467   Data           1  my_cc1101.o(.data)
    my_CC1101_change_channer                 0x20000468   Data           1  my_cc1101.o(.data)
    PaTabel                                  0x20000469   Data           8  my_cc1101.o(.data)
    COM_TxNeed                               0x20000471   Data           1  my_cc1101.o(.data)
    COM_TimeOut                              0x20000472   Data           1  my_cc1101.o(.data)
    COM_RxCounter                            0x20000473   Data           1  my_cc1101.o(.data)
    COM_TxCounter                            0x20000474   Data           1  my_cc1101.o(.data)
    RS_buf_status                            0x20000475   Data           2  my_cc1101.o(.data)
    my_RSSI_dbm_all                          0x20000477   Data           1  my_cc1101.o(.data)
    my_CC1101_re_buf_pt_write                0x20000478   Data           2  my_cc1101.o(.data)
    my_CC1101_re_buf_pt_read                 0x2000047a   Data           2  my_cc1101.o(.data)
    my_CC1101_Frame_status                   0x2000047c   Data           1  my_cc1101.o(.data)
    my_get_client_add                        0x2000047d   Data           1  my_cc1101.o(.data)
    my_pb1_count                             0x2000047e   Data           2  my_exit.o(.data)
    my_pb0_count                             0x20000480   Data           2  my_exit.o(.data)
    my_pc13_count                            0x20000482   Data           2  my_exit.o(.data)
    my_get_count                             0x20000484   Data           1  my_exit.o(.data)
    GPRS_Status                              0x20000485   Data           1  wdz_m35.o(.data)
    MESS_Status                              0x20000486   Data           1  wdz_m35.o(.data)
    NET_Status                               0x20000487   Data           1  wdz_m35.o(.data)
    NET_Server_status                        0x20000488   Data           1  wdz_m35.o(.data)
    MY_AT_CSQ_Value                          0x20000489   Data           1  wdz_m35.o(.data)
    USART2_address_first                     0x2000048c   Data           2  wdz_101.o(.data)
    USART2_address_second                    0x2000048e   Data           2  wdz_101.o(.data)
    USART2_length                            0x20000490   Data           1  wdz_101.o(.data)
    USART2_FRAME_status                      0x20000491   Data           1  wdz_101.o(.data)
    USART2_TRANSMINT_STATUS                  0x20000492   Data           1  wdz_101.o(.data)
    USART2_RESIVER_STATUS                    0x20000493   Data           1  wdz_101.o(.data)
    USART3_address_first                     0x20000494   Data           2  wdz_101.o(.data)
    USART3_address_second                    0x20000496   Data           2  wdz_101.o(.data)
    USART3_length                            0x20000498   Data           1  wdz_101.o(.data)
    USART3_FRAME_status                      0x20000499   Data           1  wdz_101.o(.data)
    USART3_TRANSMINT_STATUS                  0x2000049a   Data           1  wdz_101.o(.data)
    USART3_RESIVER_STATUS                    0x2000049b   Data           1  wdz_101.o(.data)
    USART4_address_first                     0x2000049c   Data           2  wdz_101.o(.data)
    USART4_address_second                    0x2000049e   Data           2  wdz_101.o(.data)
    USART4_length                            0x200004a0   Data           1  wdz_101.o(.data)
    USART4_FRAME_status                      0x200004a1   Data           1  wdz_101.o(.data)
    USART4_TRANSMINT_STATUS                  0x200004a2   Data           1  wdz_101.o(.data)
    USART4_RESIVER_STATUS                    0x200004a3   Data           1  wdz_101.o(.data)
    my_433_anlag_flag                        0x200004a4   Data           1  wdz_101.o(.data)
    WDZ_101FCB                               0x200004a5   Data           1  wdz_101.o(.data)
    MY_433_Link_count                        0x200004a8   Data           4  wdz_101.o(.data)
    my_alarm_count                           0x200004ac   Data           4  wdz_101.o(.data)
    my_temp_address                          0x200004b0   Data           1  wdz_101.o(.data)
    MY_Bat_value                             0x200004b2   Data           2  wdz_mcu.o(.data)
    MY_Sun_value                             0x200004b4   Data           2  wdz_mcu.o(.data)
    MY_Temperature_value                     0x200004b6   Data           2  wdz_mcu.o(.data)
    MY_Humidity_value                        0x200004b8   Data           2  wdz_mcu.o(.data)
    defaultTaskHandle                        0x200004bc   Data           4  freertos.o(.data)
    myTask02Handle                           0x200004c0   Data           4  freertos.o(.data)
    myTask03Handle                           0x200004c4   Data           4  freertos.o(.data)
    myTask04Handle                           0x200004c8   Data           4  freertos.o(.data)
    myTask05Handle                           0x200004cc   Data           4  freertos.o(.data)
    myTask06Handle                           0x200004d0   Data           4  freertos.o(.data)
    myTask07Handle                           0x200004d4   Data           4  freertos.o(.data)
    myTask08Handle                           0x200004d8   Data           4  freertos.o(.data)
    myQueue01Handle                          0x200004dc   Data           4  freertos.o(.data)
    myQueue02Handle                          0x200004e0   Data           4  freertos.o(.data)
    myQueue03Handle                          0x200004e4   Data           4  freertos.o(.data)
    myQueue04Handle                          0x200004e8   Data           4  freertos.o(.data)
    myTimer01Handle                          0x200004ec   Data           4  freertos.o(.data)
    myMutex01Handle                          0x200004f0   Data           4  freertos.o(.data)
    myBinarySem01Handle                      0x200004f4   Data           4  freertos.o(.data)
    myBinarySem02Handle                      0x200004f8   Data           4  freertos.o(.data)
    xCreatedEventGroup                       0x200004fc   Data           4  freertos.o(.data)
    xCreatedEventGroup2                      0x20000500   Data           4  freertos.o(.data)
    my_os_count1                             0x20000504   Data           2  freertos.o(.data)
    my_cc_count                              0x20000506   Data           1  freertos.o(.data)
    my_gprs_TX_status                        0x20000507   Data           1  freertos.o(.data)
    my_cc1101_tx_wait_time                   0x20000508   Data           2  freertos.o(.data)
    my_cc1101_record_Efild_status            0x2000050a   Data           1  freertos.o(.data)
    my_CC1101_ERROR_count                    0x2000050b   Data           1  freertos.o(.data)
    my_CC1101_ERROR_OLD                      0x2000050c   Data           2  freertos.o(.data)
    my_101_DIR                               0x2000050e   Data           1  my_os.o(.data)
    my_101_PRM                               0x2000050f   Data           1  my_os.o(.data)
    my_101_FCB                               0x20000510   Data           1  my_os.o(.data)
    my_101_FCV                               0x20000511   Data           1  my_os.o(.data)
    my_101_FC                                0x20000512   Data           1  my_os.o(.data)
    my_101_add_low                           0x20000513   Data           1  my_os.o(.data)
    my_101_add_high                          0x20000514   Data           1  my_os.o(.data)
    my_101_TI                                0x20000515   Data           1  my_os.o(.data)
    my_101_VSQ_1_7                           0x20000516   Data           1  my_os.o(.data)
    my_101_VSQ_8_SQ                          0x20000517   Data           1  my_os.o(.data)
    my_101_COT_low                           0x20000518   Data           1  my_os.o(.data)
    my_101_COT_high                          0x20000519   Data           1  my_os.o(.data)
    my_cc1101_tx_buf                         0x2000051a   Data          64  my_os.o(.data)
    my_GPRS_all_step                         0x2000055a   Data           2  my_os.o(.data)
    my_GPRS_all_count                        0x2000055c   Data           1  my_os.o(.data)
    my_CC1101_all_step                       0x2000055e   Data           2  my_os.o(.data)
    my_CC1101_all_count                      0x20000560   Data           1  my_os.o(.data)
    temp8                                    0x20000561   Data           1  my_os.o(.data)
    query_data                               0x20000562   Data           2  my_os.o(.data)
    query_data2                              0x20000564   Data           2  my_os.o(.data)
    my_tx_rec_count_all                      0x20000566   Data           1  my_os.o(.data)
    my_tx_rec_count_finish                   0x20000567   Data           1  my_os.o(.data)
    my_indicator_tx_index                    0x20000568   Data           1  my_os.o(.data)
    my_CC1101_record_wave_last_index         0x20000569   Data           1  my_os.o(.data)
    my_CC1101_receive_cmd_ID                 0x2000056a   Data           1  my_os.o(.data)
    my_gprs_count_time                       0x2000056c   Data           2  my_os.o(.data)
    my_gprs_RTC_buf                          0x2000056e   Data           7  my_os.o(.data)
    my_get_data_buf                          0x20000575   Data           2  my_os.o(.data)
    my_file_catalog_status                   0x20000577   Data           1  my_os.o(.data)
    my_file_RTC_start_time                   0x20000578   Data           7  my_os.o(.data)
    my_file_RTC_end_time                     0x2000057f   Data           7  my_os.o(.data)
    my_file_part                             0x20000586   Data           2  my_os.o(.data)
    my_GPRS_heart_count                      0x20000588   Data           1  my_os.o(.data)
    my_cc1101_error_count                    0x20000589   Data           1  my_os.o(.data)
    my_ZSQ_time_count                        0x2000058a   Data           6  my_os.o(.data)
    my_query_index                           0x20000590   Data           1  my_os.o(.data)
    my_query_record_index                    0x20000591   Data           1  my_os.o(.data)
    my_update_length                         0x20000594   Data           4  bsp_iap.o(.data)
    uCRCErrorWorkaroundCheck                 0x2000059c   Data           1  stm32f1xx_hal_spi_ex.o(.data)
    SystemCoreClock                          0x200005a0   Data           4  system_stm32f1xx.o(.data)
    pxCurrentTCB                             0x200005cc   Data           4  tasks.o(.data)
    __stdout                                 0x20000610   Data           4  stdout.o(.data)
    my_FLASH_rx_buf1                         0x20000614   Data         200  main.o(.bss)
    my_FLASH_tx_buf1                         0x200006dc   Data         200  main.o(.bss)
    huart4                                   0x200007a4   Data          64  usart.o(.bss)
    huart5                                   0x200007e4   Data          64  usart.o(.bss)
    huart1                                   0x20000824   Data          64  usart.o(.bss)
    huart2                                   0x20000864   Data          64  usart.o(.bss)
    huart3                                   0x200008a4   Data          64  usart.o(.bss)
    hspi1                                    0x200008e4   Data          88  spi.o(.bss)
    hspi3                                    0x2000093c   Data          88  spi.o(.bss)
    hrtc                                     0x20000994   Data          20  rtc.o(.bss)
    rsbuf1                                   0x200009a8   Data         256  my_def_value.o(.bss)
    rsbuf2                                   0x20000aa8   Data         256  my_def_value.o(.bss)
    rsbuf3                                   0x20000ba8   Data         256  my_def_value.o(.bss)
    rsbuf4                                   0x20000ca8   Data         256  my_def_value.o(.bss)
    rsbuf5                                   0x20000da8   Data         256  my_def_value.o(.bss)
    txbuf1                                   0x20000ea8   Data         256  my_def_value.o(.bss)
    txbuf2                                   0x20000fa8   Data         256  my_def_value.o(.bss)
    txbuf3                                   0x200010a8   Data         256  my_def_value.o(.bss)
    txbuf4                                   0x200011a8   Data         256  my_def_value.o(.bss)
    txbuf5                                   0x200012a8   Data         256  my_def_value.o(.bss)
    SPI_TXBuffer                             0x200013a8   Data         256  my_def_value.o(.bss)
    SPI_RXBuffer                             0x200014a8   Data         256  my_def_value.o(.bss)
    MY_433_Alarmdata_NOtimeBuf               0x200015a8   Data         256  my_def_value.o(.bss)
    MY_433_Alarmdata_TimeBuf                 0x200016a8   Data         256  my_def_value.o(.bss)
    USART1_my_frame                          0x200017a8   Data         256  my_def_value.o(.bss)
    COM_RxBuffer                             0x200020b8   Data          65  my_cc1101.o(.bss)
    COM_TxBuffer                             0x200020f9   Data          65  my_cc1101.o(.bss)
    my_CC1101_re_buf                         0x2000213a   Data        5000  my_cc1101.o(.bss)
    my_CC1101_COM_Fram_buf                   0x200034c2   Data        5000  my_cc1101.o(.bss)
    USART2_my_frame                          0x2000484a   Data         256  wdz_101.o(.bss)
    USART3_my_frame                          0x2000494a   Data         100  wdz_101.o(.bss)
    USART4_my_frame                          0x200049ae   Data         100  wdz_101.o(.bss)
    my_433_anlag_buf                         0x20004a12   Data         110  wdz_101.o(.bss)
    htim2                                    0x20004a80   Data          60  tim.o(.bss)
    htim3                                    0x20004abc   Data          60  tim.o(.bss)
    htim4                                    0x20004af8   Data          60  tim.o(.bss)
    htim5                                    0x20004b34   Data          60  tim.o(.bss)
    htim6                                    0x20004b70   Data          60  tim.o(.bss)
    my_indicator_data                        0x20004bac   Data         321  my_os.o(.bss)
    my_indicator_parameter_data              0x20004cee   Data         108  my_os.o(.bss)
    my_indicator_alarm_data                  0x20004d5a   Data         327  my_os.o(.bss)
    my_indicator_record_data                 0x20004ea2   Data       11610  my_os.o(.bss)
    my_file_catalog_buf                      0x20007bfc   Data          15  my_os.o(.bss)
    my_zsq_value                             0x20007c0c   Data          14  my_os.o(.bss)
    htim8                                    0x20007c1c   Data          60  stm32f1xx_hal_timebase_tim.o(.bss)
    pFlash                                   0x20008458   Data          32  stm32f1xx_hal_flash.o(.bss)
    xQueueRegistry                           0x20008478   Data          64  queue.o(.bss)
    __initial_sp                             0x2000e290   Data           0  startup_stm32f103xe.o(STACK)



==============================================================================

Memory Map of the image

  Image Entry point : 0x08000131

  Load Region LR_IROM1 (Base: 0x08000000, Size: 0x000138c4, Max: 0x00080000, ABSOLUTE, COMPRESSED[0x00013350])

    Execution Region ER_IROM1 (Base: 0x08000000, Size: 0x000132b0, Max: 0x00080000, ABSOLUTE)

    Base Addr    Size         Type   Attr      Idx    E Section Name        Object

    0x08000000   0x00000130   Data   RO         5428    RESET               startup_stm32f103xe.o
    0x08000130   0x00000000   Code   RO         6619  * .ARM.Collect$$$$00000000  mc_w.l(entry.o)
    0x08000130   0x00000004   Code   RO         6931    .ARM.Collect$$$$00000001  mc_w.l(entry2.o)
    0x08000134   0x00000004   Code   RO         6934    .ARM.Collect$$$$00000004  mc_w.l(entry5.o)
    0x08000138   0x00000000   Code   RO         6936    .ARM.Collect$$$$00000008  mc_w.l(entry7b.o)
    0x08000138   0x00000000   Code   RO         6938    .ARM.Collect$$$$0000000A  mc_w.l(entry8b.o)
    0x08000138   0x00000008   Code   RO         6939    .ARM.Collect$$$$0000000B  mc_w.l(entry9a.o)
    0x08000140   0x00000000   Code   RO         6941    .ARM.Collect$$$$0000000D  mc_w.l(entry10a.o)
    0x08000140   0x00000000   Code   RO         6943    .ARM.Collect$$$$0000000F  mc_w.l(entry11a.o)
    0x08000140   0x00000004   Code   RO         6932    .ARM.Collect$$$$00002712  mc_w.l(entry2.o)
    0x08000144   0x000000a2   Code   RO         6548    .emb_text           port.o
    0x080001e6   0x00000002   PAD
    0x080001e8   0x00000024   Code   RO         5429    .text               startup_stm32f103xe.o
    0x0800020c   0x00000020   Code   RO         6622    .text               mc_w.l(llushr.o)
    0x0800022c   0x00000024   Code   RO         6624    .text               mc_w.l(memcpya.o)
    0x08000250   0x00000024   Code   RO         6626    .text               mc_w.l(memseta.o)
    0x08000274   0x00000018   Code   RO         6628    .text               mc_w.l(strcat.o)
    0x0800028c   0x0000000e   Code   RO         6630    .text               mc_w.l(strlen.o)
    0x0800029a   0x0000001c   Code   RO         6632    .text               mc_w.l(strcmp.o)
    0x080002b6   0x00000012   Code   RO         6634    .text               mc_w.l(strcpy.o)
    0x080002c8   0x00000064   Code   RO         6899    .text               mf_w.l(fmul.o)
    0x0800032c   0x0000007c   Code   RO         6901    .text               mf_w.l(fdiv.o)
    0x080003a8   0x0000014e   Code   RO         6903    .text               mf_w.l(dadd.o)
    0x080004f6   0x000000e4   Code   RO         6905    .text               mf_w.l(dmul.o)
    0x080005da   0x000000de   Code   RO         6907    .text               mf_w.l(ddiv.o)
    0x080006b8   0x0000000a   Code   RO         6909    .text               mf_w.l(ffltui.o)
    0x080006c2   0x00000022   Code   RO         6911    .text               mf_w.l(dflti.o)
    0x080006e4   0x0000001a   Code   RO         6913    .text               mf_w.l(dfltui.o)
    0x080006fe   0x00000028   Code   RO         6915    .text               mf_w.l(ffixui.o)
    0x08000726   0x0000003e   Code   RO         6917    .text               mf_w.l(dfixi.o)
    0x08000764   0x00000032   Code   RO         6919    .text               mf_w.l(dfixui.o)
    0x08000796   0x00000026   Code   RO         6921    .text               mf_w.l(f2d.o)
    0x080007bc   0x00000030   Code   RO         6923    .text               mf_w.l(cdcmple.o)
    0x080007ec   0x00000038   Code   RO         6925    .text               mf_w.l(d2f.o)
    0x08000824   0x00000014   Code   RO         6927    .text               mf_w.l(cfcmple.o)
    0x08000838   0x00000014   Code   RO         6929    .text               mf_w.l(cfrcmple.o)
    0x0800084c   0x0000002c   Code   RO         6946    .text               mc_w.l(uidiv.o)
    0x08000878   0x00000062   Code   RO         6948    .text               mc_w.l(uldiv.o)
    0x080008da   0x0000001e   Code   RO         6950    .text               mc_w.l(llshl.o)
    0x080008f8   0x00000024   Code   RO         6952    .text               mc_w.l(llsshr.o)
    0x0800091c   0x00000000   Code   RO         6954    .text               mc_w.l(iusefp.o)
    0x0800091c   0x0000006e   Code   RO         6955    .text               mf_w.l(fepilogue.o)
    0x0800098a   0x000000ba   Code   RO         6957    .text               mf_w.l(depilogue.o)
    0x08000a44   0x00000030   Code   RO         6959    .text               mf_w.l(dfixul.o)
    0x08000a74   0x00000030   Code   RO         6961    .text               mf_w.l(cdrcmple.o)
    0x08000aa4   0x00000024   Code   RO         6963    .text               mc_w.l(init.o)
    0x08000ac8   0x00000056   Code   RO         6973    .text               mc_w.l(__dczerorl2.o)
    0x08000b1e   0x00000026   Code   RO          768    i.AT25_GetStatus    bsp_spi_flash.o
    0x08000b44   0x00000054   Code   RO          769    i.AT25_ReadByte     bsp_spi_flash.o
    0x08000b98   0x00000016   Code   RO          770    i.AT25_WaitReady    bsp_spi_flash.o
    0x08000bae   0x00000058   Code   RO          771    i.AT25_WriteByte    bsp_spi_flash.o
    0x08000c06   0x00000002   PAD
    0x08000c08   0x000000b0   Code   RO         1561    i.AT_GET_CSQ        wdz_m35.o
    0x08000cb8   0x00000064   Code   RO         1562    i.AT_Get_AT_Answer_string  wdz_m35.o
    0x08000d1c   0x000000a0   Code   RO         1563    i.AT_Get_Frame      wdz_m35.o
    0x08000dbc   0x00000140   Code   RO         1565    i.AT_M35_Reset      wdz_m35.o
    0x08000efc   0x0000002c   Code   RO          484    i.BusFault_Handler  stm32f1xx_it.o
    0x08000f28   0x0000000e   Code   RO         1272    i.CC1101ClrRXBuff   my_cc1101.o
    0x08000f36   0x0000000e   Code   RO         1273    i.CC1101ClrTXBuff   my_cc1101.o
    0x08000f44   0x0000000e   Code   RO         1274    i.CC1101GetRXCnt    my_cc1101.o
    0x08000f52   0x00000002   PAD
    0x08000f54   0x000000b8   Code   RO         1275    i.CC1101Init        my_cc1101.o
    0x0800100c   0x00000046   Code   RO         1276    i.CC1101ReadMultiReg  my_cc1101.o
    0x08001052   0x00000020   Code   RO         1277    i.CC1101ReadReg     my_cc1101.o
    0x08001072   0x00000020   Code   RO         1278    i.CC1101ReadStatus  my_cc1101.o
    0x08001092   0x00000002   PAD
    0x08001094   0x00000194   Code   RO         1279    i.CC1101RecPacket   my_cc1101.o
    0x08001228   0x0000002e   Code   RO         1280    i.CC1101Reset       my_cc1101.o
    0x08001256   0x00000002   PAD
    0x08001258   0x000000f0   Code   RO         1281    i.CC1101SendPacket_add  my_cc1101.o
    0x08001348   0x00000038   Code   RO         1282    i.CC1101SetAddress  my_cc1101.o
    0x08001380   0x0000000a   Code   RO         1283    i.CC1101SetIdle     my_cc1101.o
    0x0800138a   0x00000018   Code   RO         1284    i.CC1101SetSYNC     my_cc1101.o
    0x080013a2   0x0000002a   Code   RO         1285    i.CC1101SetTRMode   my_cc1101.o
    0x080013cc   0x00000014   Code   RO         1287    i.CC1101WriteCmd    my_cc1101.o
    0x080013e0   0x00000030   Code   RO         1288    i.CC1101WriteMultiReg  my_cc1101.o
    0x08001410   0x0000001c   Code   RO         1289    i.CC1101WriteReg    my_cc1101.o
    0x0800142c   0x00000014   Code   RO         1290    i.CC_CSN_HIGH       my_cc1101.o
    0x08001440   0x00000024   Code   RO         1291    i.CC_CSN_LOW        my_cc1101.o
    0x08001464   0x000009ec   Code   RO         2155    i.Callback01        freertos.o
    0x08001e50   0x00000002   Code   RO          485    i.DebugMon_Handler  stm32f1xx_it.o
    0x08001e52   0x0000000a   Code   RO          486    i.EXTI0_IRQHandler  stm32f1xx_it.o
    0x08001e5c   0x00000004   Code   RO            4    i.Error_Handler     main.o
    0x08001e60   0x00000028   Code   RO         5044    i.FLASH_MassErase   stm32f1xx_hal_flash_ex.o
    0x08001e88   0x00000028   Code   RO         5053    i.FLASH_PageErase   stm32f1xx_hal_flash_ex.o
    0x08001eb0   0x00000020   Code   RO         2814    i.FLASH_Program_HalfWord  stm32f1xx_hal_flash.o
    0x08001ed0   0x00000068   Code   RO         2815    i.FLASH_SetErrorCode  stm32f1xx_hal_flash.o
    0x08001f38   0x00000070   Code   RO         2816    i.FLASH_WaitForLastOperation  stm32f1xx_hal_flash.o
    0x08001fa8   0x0000001a   Code   RO         3476    i.HAL_Delay         stm32f1xx_hal.o
    0x08001fc2   0x00000002   PAD
    0x08001fc4   0x000000b0   Code   RO         5054    i.HAL_FLASHEx_Erase  stm32f1xx_hal_flash_ex.o
    0x08002074   0x00000014   Code   RO         2820    i.HAL_FLASH_Lock    stm32f1xx_hal_flash.o
    0x08002088   0x000000b0   Code   RO         2825    i.HAL_FLASH_Program  stm32f1xx_hal_flash.o
    0x08002138   0x0000002c   Code   RO         2827    i.HAL_FLASH_Unlock  stm32f1xx_hal_flash.o
    0x08002164   0x000000e8   Code   RO         1530    i.HAL_GPIO_EXTI_Callback  my_exit.o
    0x0800224c   0x0000001c   Code   RO         4845    i.HAL_GPIO_EXTI_IRQHandler  stm32f1xx_hal_gpio.o
    0x08002268   0x00000340   Code   RO         4846    i.HAL_GPIO_Init     stm32f1xx_hal_gpio.o
    0x080025a8   0x00000010   Code   RO         4848    i.HAL_GPIO_ReadPin  stm32f1xx_hal_gpio.o
    0x080025b8   0x0000000c   Code   RO         4850    i.HAL_GPIO_WritePin  stm32f1xx_hal_gpio.o
    0x080025c4   0x0000000c   Code   RO         3480    i.HAL_GetTick       stm32f1xx_hal.o
    0x080025d0   0x00000010   Code   RO         3481    i.HAL_IncTick       stm32f1xx_hal.o
    0x080025e0   0x00000028   Code   RO         3482    i.HAL_Init          stm32f1xx_hal.o
    0x08002608   0x00000088   Code   RO         2726    i.HAL_InitTick      stm32f1xx_hal_timebase_tim.o
    0x08002690   0x0000008c   Code   RO          288    i.HAL_MspInit       stm32f1xx_hal_msp.o
    0x0800271c   0x0000001c   Code   RO         3150    i.HAL_NVIC_ClearPendingIRQ  stm32f1xx_hal_cortex.o
    0x08002738   0x0000001c   Code   RO         3151    i.HAL_NVIC_DisableIRQ  stm32f1xx_hal_cortex.o
    0x08002754   0x0000001a   Code   RO         3152    i.HAL_NVIC_EnableIRQ  stm32f1xx_hal_cortex.o
    0x0800276e   0x0000007c   Code   RO         3158    i.HAL_NVIC_SetPriority  stm32f1xx_hal_cortex.o
    0x080027ea   0x00000002   PAD
    0x080027ec   0x00000028   Code   RO         3159    i.HAL_NVIC_SetPriorityGrouping  stm32f1xx_hal_cortex.o
    0x08002814   0x00000044   Code   RO         3160    i.HAL_NVIC_SystemReset  stm32f1xx_hal_cortex.o
    0x08002858   0x00000018   Code   RO         3315    i.HAL_PWR_EnableBkUpAccess  stm32f1xx_hal_pwr.o
    0x08002870   0x00000164   Code   RO         3273    i.HAL_RCCEx_GetPeriphCLKFreq  stm32f1xx_hal_rcc_ex.o
    0x080029d4   0x0000017c   Code   RO         3274    i.HAL_RCCEx_PeriphCLKConfig  stm32f1xx_hal_rcc_ex.o
    0x08002b50   0x00000298   Code   RO         4910    i.HAL_RCC_ClockConfig  stm32f1xx_hal_rcc.o
    0x08002de8   0x00000044   Code   RO         4914    i.HAL_RCC_GetClockConfig  stm32f1xx_hal_rcc.o
    0x08002e2c   0x0000000c   Code   RO         4915    i.HAL_RCC_GetHCLKFreq  stm32f1xx_hal_rcc.o
    0x08002e38   0x0000002c   Code   RO         4917    i.HAL_RCC_GetPCLK1Freq  stm32f1xx_hal_rcc.o
    0x08002e64   0x0000002c   Code   RO         4918    i.HAL_RCC_GetPCLK2Freq  stm32f1xx_hal_rcc.o
    0x08002e90   0x000000b4   Code   RO         4919    i.HAL_RCC_GetSysClockFreq  stm32f1xx_hal_rcc.o
    0x08002f44   0x00000878   Code   RO         4922    i.HAL_RCC_OscConfig  stm32f1xx_hal_rcc.o
    0x080037bc   0x00000018   Code   RO         3603    i.HAL_RTCEx_BKUPRead  stm32f1xx_hal_rtc_ex.o
    0x080037d4   0x00000018   Code   RO         3604    i.HAL_RTCEx_BKUPWrite  stm32f1xx_hal_rtc_ex.o
    0x080037ec   0x00000052   Code   RO         4032    i.HAL_RTC_GetDate   stm32f1xx_hal_rtc.o
    0x0800383e   0x00000104   Code   RO         4034    i.HAL_RTC_GetTime   stm32f1xx_hal_rtc.o
    0x08003942   0x00000002   PAD
    0x08003944   0x000000d0   Code   RO         4035    i.HAL_RTC_Init      stm32f1xx_hal_rtc.o
    0x08003a14   0x00000050   Code   RO          443    i.HAL_RTC_MspInit   rtc.o
    0x08003a64   0x000000f8   Code   RO         4041    i.HAL_RTC_SetDate   stm32f1xx_hal_rtc.o
    0x08003b5c   0x000000dc   Code   RO         4042    i.HAL_RTC_SetTime   stm32f1xx_hal_rtc.o
    0x08003c38   0x00000040   Code   RO         4043    i.HAL_RTC_WaitForSynchro  stm32f1xx_hal_rtc.o
    0x08003c78   0x00000008   Code   RO         3788    i.HAL_SPI_GetState  stm32f1xx_hal_spi.o
    0x08003c80   0x0000008c   Code   RO         5011    i.HAL_SPI_Init      stm32f1xx_hal_spi_ex.o
    0x08003d0c   0x000000b4   Code   RO          395    i.HAL_SPI_MspInit   spi.o
    0x08003dc0   0x00000344   Code   RO         3799    i.HAL_SPI_TransmitReceive  stm32f1xx_hal_spi.o
    0x08004104   0x00000028   Code   RO         3161    i.HAL_SYSTICK_CLKSourceConfig  stm32f1xx_hal_cortex.o
    0x0800412c   0x00000034   Code   RO         3163    i.HAL_SYSTICK_Config  stm32f1xx_hal_cortex.o
    0x08004160   0x00000002   Code   RO         2917    i.HAL_TIMEx_BreakCallback  stm32f1xx_hal_tim_ex.o
    0x08004162   0x00000002   Code   RO         2918    i.HAL_TIMEx_CommutationCallback  stm32f1xx_hal_tim_ex.o
    0x08004164   0x00000062   Code   RO         2934    i.HAL_TIMEx_MasterConfigSynchronization  stm32f1xx_hal_tim_ex.o
    0x080041c6   0x00000034   Code   RO         4204    i.HAL_TIM_Base_Init  stm32f1xx_hal_tim.o
    0x080041fa   0x00000002   PAD
    0x080041fc   0x00000044   Code   RO         2115    i.HAL_TIM_Base_MspInit  tim.o
    0x08004240   0x0000001e   Code   RO         4209    i.HAL_TIM_Base_Start_IT  stm32f1xx_hal_tim.o
    0x0800425e   0x00000038   Code   RO         4212    i.HAL_TIM_Base_Stop_IT  stm32f1xx_hal_tim.o
    0x08004296   0x00000002   Code   RO         4233    i.HAL_TIM_IC_CaptureCallback  stm32f1xx_hal_tim.o
    0x08004298   0x00000196   Code   RO         4246    i.HAL_TIM_IRQHandler  stm32f1xx_hal_tim.o
    0x0800442e   0x00000002   Code   RO         4249    i.HAL_TIM_OC_DelayElapsedCallback  stm32f1xx_hal_tim.o
    0x08004430   0x00000002   Code   RO         4276    i.HAL_TIM_PWM_PulseFinishedCallback  stm32f1xx_hal_tim.o
    0x08004432   0x00000002   PAD
    0x08004434   0x00000028   Code   RO            5    i.HAL_TIM_PeriodElapsedCallback  main.o
    0x0800445c   0x00000204   Code   RO         1072    i.HAL_TIM_PeriodElapsedCallback2  my_time.o
    0x08004660   0x00000002   Code   RO         4287    i.HAL_TIM_TriggerCallback  stm32f1xx_hal_tim.o
    0x08004662   0x00000002   Code   RO         5162    i.HAL_UART_ErrorCallback  stm32f1xx_hal_uart.o
    0x08004664   0x000000da   Code   RO         5165    i.HAL_UART_IRQHandler  stm32f1xx_hal_uart.o
    0x0800473e   0x0000006e   Code   RO         5166    i.HAL_UART_Init     stm32f1xx_hal_uart.o
    0x080047ac   0x00000138   Code   RO          317    i.HAL_UART_MspInit  usart.o
    0x080048e4   0x00000086   Code   RO         5171    i.HAL_UART_Receive_IT  stm32f1xx_hal_uart.o
    0x0800496a   0x00000002   PAD
    0x0800496c   0x000001d0   Code   RO          737    i.HAL_UART_RxCpltCallback  my_usart.o
    0x08004b3c   0x000000f0   Code   RO         5174    i.HAL_UART_Transmit  stm32f1xx_hal_uart.o
    0x08004c2c   0x00000002   Code   RO         5177    i.HAL_UART_TxCpltCallback  stm32f1xx_hal_uart.o
    0x08004c2e   0x00000002   PAD
    0x08004c30   0x00000030   Code   RO          487    i.HardFault_Handler  stm32f1xx_it.o
    0x08004c60   0x00000068   Code   RO         2768    i.IAP_Write_App_Bin  bsp_iap.o
    0x08004cc8   0x000001dc   Code   RO         2156    i.MX_FREERTOS_Init  freertos.o
    0x08004ea4   0x00000124   Code   RO          370    i.MX_GPIO_Init      gpio.o
    0x08004fc8   0x00000088   Code   RO          444    i.MX_RTC_Init       rtc.o
    0x08005050   0x00000044   Code   RO          396    i.MX_SPI1_Init      spi.o
    0x08005094   0x00000044   Code   RO          397    i.MX_SPI3_Init      spi.o
    0x080050d8   0x00000044   Code   RO         2116    i.MX_TIM6_Init      tim.o
    0x0800511c   0x00000038   Code   RO          318    i.MX_USART1_UART_Init  usart.o
    0x08005154   0x00000038   Code   RO          319    i.MX_USART2_UART_Init  usart.o
    0x0800518c   0x00000038   Code   RO          320    i.MX_USART3_UART_Init  usart.o
    0x080051c4   0x000003b0   Code   RO          912    i.MY_Value_init     wdz_eeprom.o
    0x08005574   0x0000002c   Code   RO          488    i.MemManage_Handler  stm32f1xx_it.o
    0x080055a0   0x00000024   Code   RO          489    i.NMI_Handler       stm32f1xx_it.o
    0x080055c4   0x00000024   Code   RO          772    i.NSS_CS_DISABLE    bsp_spi_flash.o
    0x080055e8   0x00000048   Code   RO          773    i.NSS_CS_ENABLE     bsp_spi_flash.o
    0x08005630   0x00000010   Code   RO         3165    i.NVIC_GetPriorityGrouping  stm32f1xx_hal_cortex.o
    0x08005640   0x00000028   Code   RO         3166    i.NVIC_SetPriority  stm32f1xx_hal_cortex.o
    0x08005668   0x00000040   Code   RO          490    i.NVIC_SystemReset  stm32f1xx_it.o
    0x080056a8   0x00000040   Code   RO         1566    i.NVIC_SystemReset  wdz_m35.o
    0x080056e8   0x0000011c   Code   RO         1293    i.RF_RecvHandler_intrrupt_get_data_to_buf  my_cc1101.o
    0x08005804   0x00000016   Code   RO         4044    i.RTC_Bcd2ToByte    stm32f1xx_hal_rtc.o
    0x0800581a   0x0000001a   Code   RO         4045    i.RTC_ByteToBcd2    stm32f1xx_hal_rtc.o
    0x08005834   0x000000b6   Code   RO         4046    i.RTC_DateUpdate    stm32f1xx_hal_rtc.o
    0x080058ea   0x0000003a   Code   RO         4047    i.RTC_EnterInitMode  stm32f1xx_hal_rtc.o
    0x08005924   0x0000003a   Code   RO         4048    i.RTC_ExitInitMode  stm32f1xx_hal_rtc.o
    0x0800595e   0x0000003a   Code   RO         4049    i.RTC_IsLeapYear    stm32f1xx_hal_rtc.o
    0x08005998   0x00000018   Code   RO         4050    i.RTC_ReadAlarmCounter  stm32f1xx_hal_rtc.o
    0x080059b0   0x00000034   Code   RO         4051    i.RTC_ReadTimeCounter  stm32f1xx_hal_rtc.o
    0x080059e4   0x00000084   Code   RO         4052    i.RTC_WeekDayNum    stm32f1xx_hal_rtc.o
    0x08005a68   0x0000002e   Code   RO         4053    i.RTC_WriteAlarmCounter  stm32f1xx_hal_rtc.o
    0x08005a96   0x0000002e   Code   RO         4054    i.RTC_WriteTimeCounter  stm32f1xx_hal_rtc.o
    0x08005ac4   0x00000052   Code   RO          776    i.SPI_EE_BufferRead  bsp_spi_flash.o
    0x08005b16   0x0000006c   Code   RO          777    i.SPI_EE_BufferRead2  bsp_spi_flash.o
    0x08005b82   0x00000150   Code   RO          778    i.SPI_EE_BufferWrite  bsp_spi_flash.o
    0x08005cd2   0x0000006c   Code   RO          779    i.SPI_EE_BufferWrite2  bsp_spi_flash.o
    0x08005d3e   0x0000004e   Code   RO          780    i.SPI_EE_PageWrite  bsp_spi_flash.o
    0x08005d8c   0x00000030   Code   RO         1500    i.SPI_ExchangeByte  my_spi.o
    0x08005dbc   0x0000000a   Code   RO          781    i.SPI_ReadByte      bsp_spi_flash.o
    0x08005dc6   0x00000016   Code   RO          784    i.SPI_WREN          bsp_spi_flash.o
    0x08005ddc   0x00000114   Code   RO         3821    i.SPI_WaitOnFlagUntilTimeout  stm32f1xx_hal_spi.o
    0x08005ef0   0x00000030   Code   RO          785    i.SPI_WriteByte     bsp_spi_flash.o
    0x08005f20   0x00000022   Code   RO         1025    i.STMFLASH_Read     bsp_stm_flash.o
    0x08005f42   0x00000006   Code   RO         1026    i.STMFLASH_ReadHalfWord  bsp_stm_flash.o
    0x08005f48   0x00000100   Code   RO         1027    i.STMFLASH_Write    bsp_stm_flash.o
    0x08006048   0x0000002c   Code   RO         1028    i.STMFLASH_Write_NoCheck  bsp_stm_flash.o
    0x08006074   0x0000000a   Code   RO         2157    i.StartDefaultTask  freertos.o
    0x0800607e   0x00000002   PAD
    0x08006080   0x00000034   Code   RO         2158    i.StartTask02       freertos.o
    0x080060b4   0x000008c8   Code   RO         2159    i.StartTask03       freertos.o
    0x0800697c   0x00000408   Code   RO         2160    i.StartTask04       freertos.o
    0x08006d84   0x000005c8   Code   RO         2161    i.StartTask05       freertos.o
    0x0800734c   0x000001e8   Code   RO         2162    i.StartTask06       freertos.o
    0x08007534   0x00000274   Code   RO         2163    i.StartTask07       freertos.o
    0x080077a8   0x000002e0   Code   RO         2164    i.StartTask08       freertos.o
    0x08007a88   0x00000008   Code   RO          491    i.SysTick_Handler   stm32f1xx_it.o
    0x08007a90   0x00000090   Code   RO            6    i.SystemClock_Config  main.o
    0x08007b20   0x00000058   Code   RO         5393    i.SystemInit        system_stm32f1xx.o
    0x08007b78   0x00000010   Code   RO          492    i.TIM6_IRQHandler   stm32f1xx_it.o
    0x08007b88   0x00000010   Code   RO          493    i.TIM8_UP_IRQHandler  stm32f1xx_it.o
    0x08007b98   0x00000090   Code   RO         4288    i.TIM_Base_SetConfig  stm32f1xx_hal_tim.o
    0x08007c28   0x00000030   Code   RO         5184    i.UART_EndTransmit_IT  stm32f1xx_hal_uart.o
    0x08007c58   0x000000bc   Code   RO         5185    i.UART_Receive_IT   stm32f1xx_hal_uart.o
    0x08007d14   0x000001c8   Code   RO         5186    i.UART_SetConfig    stm32f1xx_hal_uart.o
    0x08007edc   0x00000070   Code   RO         5187    i.UART_Transmit_IT  stm32f1xx_hal_uart.o
    0x08007f4c   0x000000fa   Code   RO         5188    i.UART_WaitOnFlagUntilTimeout  stm32f1xx_hal_uart.o
    0x08008046   0x00000002   PAD
    0x08008048   0x00000010   Code   RO          494    i.USART1_IRQHandler  stm32f1xx_it.o
    0x08008058   0x00000010   Code   RO          495    i.USART2_IRQHandler  stm32f1xx_it.o
    0x08008068   0x00000010   Code   RO          496    i.USART3_IRQHandler  stm32f1xx_it.o
    0x08008078   0x000001ac   Code   RO          632    i.USART_printf      bsp_usart1.o
    0x08008224   0x0000002c   Code   RO          497    i.UsageFault_Handler  stm32f1xx_it.o
    0x08008250   0x00000020   Code   RO         6871    i.__0printf         mc_w.l(printfa.o)
    0x08008270   0x0000000e   Code   RO         6967    i.__scatterload_copy  mc_w.l(handlers.o)
    0x0800827e   0x00000002   Code   RO         6968    i.__scatterload_null  mc_w.l(handlers.o)
    0x08008280   0x0000000e   Code   RO         6969    i.__scatterload_zeroinit  mc_w.l(handlers.o)
    0x0800828e   0x00000002   PAD
    0x08008290   0x00000184   Code   RO         6878    i._fp_digits        mc_w.l(printfa.o)
    0x08008414   0x000006dc   Code   RO         6879    i._printf_core      mc_w.l(printfa.o)
    0x08008af0   0x00000024   Code   RO         6880    i._printf_post_padding  mc_w.l(printfa.o)
    0x08008b14   0x0000002e   Code   RO         6881    i._printf_pre_padding  mc_w.l(printfa.o)
    0x08008b42   0x00000002   PAD
    0x08008b44   0x0000001c   Code   RO          634    i.fputc             bsp_usart1.o
    0x08008b60   0x0000006c   Code   RO         1567    i.get_string_number  wdz_m35.o
    0x08008bcc   0x00000010   Code   RO         5862    i.inHandlerMode     cmsis_os.o
    0x08008bdc   0x00000062   Code   RO          635    i.itoa              bsp_usart1.o
    0x08008c3e   0x00000002   PAD
    0x08008c40   0x00000580   Code   RO            7    i.main              main.o
    0x080091c0   0x0000000e   Code   RO         5864    i.makeFreeRtosPriority  cmsis_os.o
    0x080091ce   0x00000002   PAD
    0x080091d0   0x000008ec   Code   RO         1295    i.my_101frame_analyse  my_cc1101.o
    0x08009abc   0x000000a8   Code   RO         1568    i.my_AT_process_usart  wdz_m35.o
    0x08009b64   0x00000044   Code   RO          636    i.my_UART4_printf   bsp_usart1.o
    0x08009ba8   0x0000008c   Code   RO         1569    i.my_at_com         wdz_m35.o
    0x08009c34   0x00000118   Code   RO         1571    i.my_at_senddata    wdz_m35.o
    0x08009d4c   0x0000001e   Code   RO          916    i.my_buf1_to_buf2   wdz_eeprom.o
    0x08009d6a   0x000000ce   Code   RO         1296    i.my_fun_101check_generate  my_cc1101.o
    0x08009e38   0x00000124   Code   RO         1297    i.my_fun_101check_verify  my_cc1101.o
    0x08009f5c   0x00000088   Code   RO         2273    i.my_fun_CC1101_TX_OK  my_os.o
    0x08009fe4   0x00000114   Code   RO         2274    i.my_fun_CC1101_TX_config_parmeter  my_os.o
    0x0800a0f8   0x000000f4   Code   RO         2275    i.my_fun_CC1101_init_resume  my_os.o
    0x0800a1ec   0x0000006c   Code   RO         1298    i.my_fun_CC1101_init_reum  my_cc1101.o
    0x0800a258   0x0000001c   Code   RO         1299    i.my_fun_CC1101_re_CCA_status  my_cc1101.o
    0x0800a274   0x00000140   Code   RO         2277    i.my_fun_CC1101_test1  my_os.o
    0x0800a3b4   0x000000b8   Code   RO         2278    i.my_fun_CC1101_time_dialog_rx2  my_os.o
    0x0800a46c   0x000000cc   Code   RO         2279    i.my_fun_CC1101_time_dialog_tx3  my_os.o
    0x0800a538   0x00000174   Code   RO         2281    i.my_fun_GPRS_RX_Rec_data  my_os.o
    0x0800a6ac   0x00000530   Code   RO         2282    i.my_fun_GPRS_RX_change_parameter  my_os.o
    0x0800abdc   0x00000070   Code   RO         2283    i.my_fun_GPRS_RX_query_data  my_os.o
    0x0800ac4c   0x00000070   Code   RO         2284    i.my_fun_GPRS_RX_query_data2  my_os.o
    0x0800acbc   0x00000458   Code   RO         2285    i.my_fun_GPRS_RX_test1  my_os.o
    0x0800b114   0x000001a4   Code   RO         2287    i.my_fun_GPRS_RX_turn_led  my_os.o
    0x0800b2b8   0x0000121c   Code   RO         2291    i.my_fun_GPRS_TX_ALarm_data_yaoxin_yaoce  my_os.o
    0x0800c4d4   0x00000284   Code   RO         2293    i.my_fun_GPRS_TX_CYC2  my_os.o
    0x0800c758   0x0000043c   Code   RO         2294    i.my_fun_GPRS_TX_CYC2_B  my_os.o
    0x0800cb94   0x000001e0   Code   RO         2295    i.my_fun_GPRS_TX_CYC3  my_os.o
    0x0800cd74   0x00000248   Code   RO         2296    i.my_fun_GPRS_TX_CYC3_B  my_os.o
    0x0800cfbc   0x000000a0   Code   RO         2297    i.my_fun_GPRS_TX_CYC4  my_os.o
    0x0800d05c   0x000000a0   Code   RO         2298    i.my_fun_GPRS_TX_CYC4_B  my_os.o
    0x0800d0fc   0x0000011c   Code   RO         2299    i.my_fun_GPRS_TX_CYC5  my_os.o
    0x0800d218   0x00000118   Code   RO         2300    i.my_fun_GPRS_TX_Call_0  my_os.o
    0x0800d330   0x00000060   Code   RO         2301    i.my_fun_GPRS_TX_OK  my_os.o
    0x0800d390   0x00000060   Code   RO         2302    i.my_fun_GPRS_TX_OK_80  my_os.o
    0x0800d3f0   0x00000160   Code   RO         2303    i.my_fun_GPRS_TX_RESET  my_os.o
    0x0800d550   0x000001c0   Code   RO         2304    i.my_fun_GPRS_TX_RTC_data  my_os.o
    0x0800d710   0x000001c0   Code   RO         2305    i.my_fun_GPRS_TX_RTC_data_read  my_os.o
    0x0800d8d0   0x000000e4   Code   RO         2306    i.my_fun_GPRS_TX_TIME_RTC  my_os.o
    0x0800d9b4   0x000000ec   Code   RO         2307    i.my_fun_GPRS_TX_TurnLED  my_os.o
    0x0800daa0   0x00000344   Code   RO         2308    i.my_fun_GPRS_TX_catalog  my_os.o
    0x0800dde4   0x0000025c   Code   RO         2309    i.my_fun_GPRS_TX_changeparameter  my_os.o
    0x0800e040   0x00000002   Code   RO         2310    i.my_fun_GPRS_TX_file_data_1  my_os.o
    0x0800e042   0x00000002   Code   RO         2311    i.my_fun_GPRS_TX_file_data_2  my_os.o
    0x0800e044   0x00000038   Code   RO         2312    i.my_fun_GPRS_TX_file_data_3  my_os.o
    0x0800e07c   0x00000068   Code   RO         2313    i.my_fun_GPRS_TX_heart_toserver_data  my_os.o
    0x0800e0e4   0x00000354   Code   RO         2314    i.my_fun_GPRS_TX_query_data  my_os.o
    0x0800e438   0x0000045e   Code   RO         2315    i.my_fun_GPRS_TX_query_data2  my_os.o
    0x0800e896   0x00000002   PAD
    0x0800e898   0x00000090   Code   RO         2317    i.my_fun_GPRS_TX_start1  my_os.o
    0x0800e928   0x00000090   Code   RO         2318    i.my_fun_GPRS_TX_start1_server  my_os.o
    0x0800e9b8   0x00000090   Code   RO         2319    i.my_fun_GPRS_TX_start2  my_os.o
    0x0800ea48   0x000000e4   Code   RO         2320    i.my_fun_GPRS_TX_start2_server  my_os.o
    0x0800eb2c   0x00000128   Code   RO         2321    i.my_fun_GPRS_TX_start3  my_os.o
    0x0800ec54   0x00000090   Code   RO         2322    i.my_fun_GPRS_TX_start3_server  my_os.o
    0x0800ece4   0x00000128   Code   RO         2323    i.my_fun_GPRS_TX_start4_server  my_os.o
    0x0800ee0c   0x00000074   Code   RO         2324    i.my_fun_GPRS_TX_test1  my_os.o
    0x0800ee80   0x0000016c   Code   RO         2325    i.my_fun_GPRS_TX_test_data  my_os.o
    0x0800efec   0x000000c4   Code   RO         2326    i.my_fun_GPRS_TX_xinhaoqiangdu  my_os.o
    0x0800f0b0   0x00000070   Code   RO         2327    i.my_fun_M35_resume_init  my_os.o
    0x0800f120   0x00000174   Code   RO         2328    i.my_fun_dialog_CC1101_RX_0  my_os.o
    0x0800f294   0x00000b34   Code   RO         2329    i.my_fun_dialog_CC1101_RX_1  my_os.o
    0x0800fdc8   0x00000058   Code   RO         1301    i.my_fun_display_buf_16  my_cc1101.o
    0x0800fe20   0x00000108   Code   RO         1302    i.my_fun_display_fram_16  my_cc1101.o
    0x0800ff28   0x00000094   Code   RO         2333    i.my_fun_give_Queue  my_os.o
    0x0800ffbc   0x000000d4   Code   RO         2336    i.my_fun_gprs_time_dialog_rx  my_os.o
    0x08010090   0x000000e0   Code   RO         2337    i.my_fun_gprs_time_dialog_tx  my_os.o
    0x08010170   0x00000174   Code   RO         2342    i.my_fun_task_heap_value  my_os.o
    0x080102e4   0x00000068   Code   RO         2343    i.my_fun_usart_init_resume  my_os.o
    0x0801034c   0x00000378   Code   RO         2769    i.my_fun_write_update_data_to_FLASH  bsp_iap.o
    0x080106c4   0x000000dc   Code   RO         1677    i.my_gprs_generate_101MCU_data  my_gprs.o
    0x080107a0   0x000000ec   Code   RO         1678    i.my_gprs_generate_101analog_data  my_gprs.o
    0x0801088c   0x000000e8   Code   RO         1679    i.my_gprs_generate_101single_data  my_gprs.o
    0x08010974   0x00000534   Code   RO         1573    i.my_init_m35       wdz_m35.o
    0x08010ea8   0x00000078   Code   RO         1303    i.my_read_all_reg   my_cc1101.o
    0x08010f20   0x00000020   Code   RO          599    i.my_speaker_long_voice  bsp_led.o
    0x08010f40   0x0000003c   Code   RO          600    i.my_speaker_short_cycle_voice  bsp_led.o
    0x08010f7c   0x0000004c   Code   RO          924    i.my_val_writeto_eeprom  wdz_eeprom.o
    0x08010fc8   0x00000018   Code   RO         5865    i.osDelay           cmsis_os.o
    0x08010fe0   0x0000000a   Code   RO         5868    i.osKernelStart     cmsis_os.o
    0x08010fea   0x00000012   Code   RO         5876    i.osMessageCreate   cmsis_os.o
    0x08010ffc   0x0000000c   Code   RO         5880    i.osMutexCreate     cmsis_os.o
    0x08011008   0x00000032   Code   RO         5891    i.osSemaphoreCreate  cmsis_os.o
    0x0801103a   0x00000010   Code   RO         5897    i.osSystickHandler  cmsis_os.o
    0x0801104a   0x0000003a   Code   RO         5898    i.osThreadCreate    cmsis_os.o
    0x08011084   0x00000028   Code   RO         5909    i.osTimerCreate     cmsis_os.o
    0x080110ac   0x00000060   Code   RO         5911    i.osTimerStart      cmsis_os.o
    0x0801110c   0x00000054   Code   RO         6192    i.prvAddCurrentTaskToDelayedList  tasks.o
    0x08011160   0x00000042   Code   RO         6193    i.prvAllocateTCBAndStack  tasks.o
    0x080111a2   0x00000002   PAD
    0x080111a4   0x00000074   Code   RO         5612    i.prvCheckForValidListAndQueue  timers.o
    0x08011218   0x00000064   Code   RO         6194    i.prvCheckTasksWaitingTermination  tasks.o
    0x0801127c   0x0000002a   Code   RO         5433    i.prvCopyDataFromQueue  queue.o
    0x080112a6   0x00000080   Code   RO         5434    i.prvCopyDataToQueue  queue.o
    0x08011326   0x00000012   Code   RO         6195    i.prvDeleteTCB      tasks.o
    0x08011338   0x00000028   Code   RO         5613    i.prvGetNextExpireTime  timers.o
    0x08011360   0x0000007c   Code   RO         5719    i.prvHeapInit       heap_4.o
    0x080113dc   0x00000018   Code   RO         6196    i.prvIdleTask       tasks.o
    0x080113f4   0x00000062   Code   RO         6197    i.prvInitialiseTCBVariables  tasks.o
    0x08011456   0x00000002   PAD
    0x08011458   0x00000068   Code   RO         6198    i.prvInitialiseTaskLists  tasks.o
    0x080114c0   0x00000068   Code   RO         5720    i.prvInsertBlockIntoFreeList  heap_4.o
    0x08011528   0x00000058   Code   RO         5614    i.prvInsertTimerInActiveList  timers.o
    0x08011580   0x0000001a   Code   RO         5435    i.prvIsQueueEmpty   queue.o
    0x0801159a   0x0000001e   Code   RO         5436    i.prvIsQueueFull    queue.o
    0x080115b8   0x00000058   Code   RO         5615    i.prvProcessExpiredTimer  timers.o
    0x08011610   0x000000f8   Code   RO         5616    i.prvProcessReceivedCommands  timers.o
    0x08011708   0x00000064   Code   RO         5617    i.prvProcessTimerOrBlockTask  timers.o
    0x0801176c   0x00000034   Code   RO         6200    i.prvResetNextTaskUnblockTime  tasks.o
    0x080117a0   0x0000002c   Code   RO         5618    i.prvSampleTimeNow  timers.o
    0x080117cc   0x00000090   Code   RO         5619    i.prvSwitchTimerLists  timers.o
    0x0801185c   0x00000016   Code   RO         6201    i.prvTaskCheckFreeStackSpace  tasks.o
    0x08011872   0x00000002   PAD
    0x08011874   0x00000024   Code   RO         6549    i.prvTaskExitError  port.o
    0x08011898   0x0000001e   Code   RO         5777    i.prvTestWaitCondition  event_groups.o
    0x080118b6   0x0000001a   Code   RO         5620    i.prvTimerTask      timers.o
    0x080118d0   0x0000007e   Code   RO         5437    i.prvUnlockQueue    queue.o
    0x0801194e   0x00000002   PAD
    0x08011950   0x00000114   Code   RO         5721    i.pvPortMalloc      heap_4.o
    0x08011a64   0x00000020   Code   RO         6203    i.pvTaskIncrementMutexHeldCount  tasks.o
    0x08011a84   0x00000020   Code   RO         6550    i.pxPortInitialiseStack  port.o
    0x08011aa4   0x00000028   Code   RO         6512    i.uxListRemove      list.o
    0x08011acc   0x00000028   Code   RO         6206    i.uxTaskGetStackHighWaterMark  tasks.o
    0x08011af4   0x0000001c   Code   RO         6211    i.uxTaskResetEventItemValue  tasks.o
    0x08011b10   0x00000010   Code   RO         5781    i.vEventGroupSetBitsCallback  event_groups.o
    0x08011b20   0x0000001a   Code   RO         6513    i.vListInitialise   list.o
    0x08011b3a   0x00000006   Code   RO         6514    i.vListInitialiseItem  list.o
    0x08011b40   0x00000034   Code   RO         6515    i.vListInsert       list.o
    0x08011b74   0x00000018   Code   RO         6516    i.vListInsertEnd    list.o
    0x08011b8c   0x00000044   Code   RO         6552    i.vPortEnterCritical  port.o
    0x08011bd0   0x0000002c   Code   RO         6553    i.vPortExitCritical  port.o
    0x08011bfc   0x00000078   Code   RO         5722    i.vPortFree         heap_4.o
    0x08011c74   0x00000020   Code   RO         6554    i.vPortSetupTimerInterrupt  port.o
    0x08011c94   0x0000005c   Code   RO         6555    i.vPortValidateInterruptPriority  port.o
    0x08011cf0   0x00000018   Code   RO         6556    i.vPortYield        port.o
    0x08011d08   0x0000002c   Code   RO         5443    i.vQueueAddToRegistry  queue.o
    0x08011d34   0x00000042   Code   RO         5447    i.vQueueWaitForMessageRestricted  queue.o
    0x08011d76   0x00000002   PAD
    0x08011d78   0x00000070   Code   RO         6212    i.vTaskDelay        tasks.o
    0x08011de8   0x0000000c   Code   RO         6215    i.vTaskMissedYield  tasks.o
    0x08011df4   0x00000070   Code   RO         6217    i.vTaskPlaceOnEventList  tasks.o
    0x08011e64   0x00000074   Code   RO         6218    i.vTaskPlaceOnEventListRestricted  tasks.o
    0x08011ed8   0x00000098   Code   RO         6219    i.vTaskPlaceOnUnorderedEventList  tasks.o
    0x08011f70   0x000000b0   Code   RO         6220    i.vTaskPriorityInherit  tasks.o
    0x08012020   0x00000024   Code   RO         6224    i.vTaskSetTimeOutState  tasks.o
    0x08012044   0x00000068   Code   RO         6225    i.vTaskStartScheduler  tasks.o
    0x080120ac   0x00000010   Code   RO         6227    i.vTaskSuspendAll   tasks.o
    0x080120bc   0x00000080   Code   RO         6228    i.vTaskSwitchContext  tasks.o
    0x0801213c   0x00000050   Code   RO         1687    i.wdz_GPRS_101check_generate  my_gprs.o
    0x0801218c   0x00000080   Code   RO         1688    i.wdz_GPRS_string_to_array  my_gprs.o
    0x0801220c   0x0000001a   Code   RO         5784    i.xEventGroupCreate  event_groups.o
    0x08012226   0x000000b2   Code   RO         5786    i.xEventGroupSetBits  event_groups.o
    0x080122d8   0x00000024   Code   RO         5787    i.xEventGroupSetBitsFromISR  event_groups.o
    0x080122fc   0x0000010a   Code   RO         5789    i.xEventGroupWaitBits  event_groups.o
    0x08012406   0x00000002   PAD
    0x08012408   0x000000a0   Code   RO         6557    i.xPortStartScheduler  port.o
    0x080124a8   0x00000020   Code   RO         6558    i.xPortSysTickHandler  port.o
    0x080124c8   0x0000004a   Code   RO         5448    i.xQueueCreateCountingSemaphore  queue.o
    0x08012512   0x0000004c   Code   RO         5449    i.xQueueCreateMutex  queue.o
    0x0801255e   0x0000006a   Code   RO         5450    i.xQueueGenericCreate  queue.o
    0x080125c8   0x0000015a   Code   RO         5451    i.xQueueGenericReceive  queue.o
    0x08012722   0x00000078   Code   RO         5452    i.xQueueGenericReset  queue.o
    0x0801279a   0x00000142   Code   RO         5453    i.xQueueGenericSend  queue.o
    0x080128dc   0x000000ac   Code   RO         5454    i.xQueueGenericSendFromISR  queue.o
    0x08012988   0x00000074   Code   RO         6229    i.xTaskCheckForTimeOut  tasks.o
    0x080129fc   0x00000138   Code   RO         6230    i.xTaskGenericCreate  tasks.o
    0x08012b34   0x00000020   Code   RO         6234    i.xTaskGetSchedulerState  tasks.o
    0x08012b54   0x0000000c   Code   RO         6235    i.xTaskGetTickCount  tasks.o
    0x08012b60   0x0000013c   Code   RO         6237    i.xTaskIncrementTick  tasks.o
    0x08012c9c   0x000000ac   Code   RO         6240    i.xTaskPriorityDisinherit  tasks.o
    0x08012d48   0x0000008c   Code   RO         6241    i.xTaskRemoveFromEventList  tasks.o
    0x08012dd4   0x00000094   Code   RO         6242    i.xTaskRemoveFromUnorderedEventList  tasks.o
    0x08012e68   0x000000e8   Code   RO         6243    i.xTaskResumeAll    tasks.o
    0x08012f50   0x00000050   Code   RO         5623    i.xTimerCreate      timers.o
    0x08012fa0   0x0000004c   Code   RO         5624    i.xTimerCreateTimerTask  timers.o
    0x08012fec   0x00000078   Code   RO         5625    i.xTimerGenericCommand  timers.o
    0x08013064   0x00000034   Code   RO         5628    i.xTimerPendFunctionCallFromISR  timers.o
    0x08013098   0x0000005e   Data   RO         1305    .constdata          my_cc1101.o
    0x080130f6   0x00000002   PAD
    0x080130f8   0x00000045   Data   RO         1575    .constdata          wdz_m35.o
    0x0801313d   0x00000003   PAD
    0x08013140   0x000000d6   Data   RO         2165    .constdata          freertos.o
    0x08013216   0x00000018   Data   RO         5394    .constdata          system_stm32f1xx.o
    0x0801322e   0x00000002   PAD
    0x08013230   0x00000060   Data   RO         2166    .conststring        freertos.o
    0x08013290   0x00000020   Data   RO         6965    Region$$Table       anon$$obj.o


    Execution Region RW_IRAM1 (Base: 0x20000000, Size: 0x0000e290, Max: 0x00010000, ABSOLUTE, COMPRESSED[0x000000a0])

    Base Addr    Size         Type   Attr      Idx    E Section Name        Object

    0x20000000   0x00000128   Data   RW            9    .data               main.o
    0x20000128   0x000002c8   Data   RW          698    .data               my_def_value.o
    0x200003f0   0x00000003   Data   RW          738    .data               my_usart.o
    0x200003f3   0x00000001   PAD
    0x200003f4   0x0000001b   Data   RW          926    .data               wdz_eeprom.o
    0x2000040f   0x00000001   PAD
    0x20000410   0x00000004   Data   RW         1073    .data               my_time.o
    0x20000414   0x00000050   Data   RW         1191    .data               my_cc_tx_rx.o
    0x20000464   0x0000001a   Data   RW         1306    .data               my_cc1101.o
    0x2000047e   0x00000007   Data   RW         1531    .data               my_exit.o
    0x20000485   0x00000005   Data   RW         1576    .data               wdz_m35.o
    0x2000048a   0x00000002   PAD
    0x2000048c   0x00000025   Data   RW         1832    .data               wdz_101.o
    0x200004b1   0x00000001   PAD
    0x200004b2   0x00000008   Data   RW         2030    .data               wdz_mcu.o
    0x200004ba   0x00000002   PAD
    0x200004bc   0x00000052   Data   RW         2167    .data               freertos.o
    0x2000050e   0x00000084   Data   RW         2345    .data               my_os.o
    0x20000592   0x00000002   PAD
    0x20000594   0x00000004   Data   RW         2771    .data               bsp_iap.o
    0x20000598   0x00000004   Data   RW         3488    .data               stm32f1xx_hal.o
    0x2000059c   0x00000001   Data   RW         5013    .data               stm32f1xx_hal_spi_ex.o
    0x2000059d   0x00000003   PAD
    0x200005a0   0x00000004   Data   RW         5395    .data               system_stm32f1xx.o
    0x200005a4   0x00000010   Data   RW         5630    .data               timers.o
    0x200005b4   0x00000018   Data   RW         5727    .data               heap_4.o
    0x200005cc   0x00000038   Data   RW         6246    .data               tasks.o
    0x20000604   0x0000000c   Data   RW         6559    .data               port.o
    0x20000610   0x00000004   Data   RW         6945    .data               mc_w.l(stdout.o)
    0x20000614   0x00000190   Zero   RW            8    .bss                main.o
    0x200007a4   0x00000140   Zero   RW          321    .bss                usart.o
    0x200008e4   0x000000b0   Zero   RW          398    .bss                spi.o
    0x20000994   0x00000014   Zero   RW          445    .bss                rtc.o
    0x200009a8   0x00000f00   Zero   RW          697    .bss                my_def_value.o
    0x200018a8   0x00000810   Zero   RW         1029    .bss                bsp_stm_flash.o
    0x200020b8   0x00002792   Zero   RW         1304    .bss                my_cc1101.o
    0x2000484a   0x00000236   Zero   RW         1830    .bss                wdz_101.o
    0x20004a80   0x0000012c   Zero   RW         2117    .bss                tim.o
    0x20004bac   0x0000306e   Zero   RW         2344    .bss                my_os.o
    0x20007c1a   0x00000002   PAD
    0x20007c1c   0x0000003c   Zero   RW         2729    .bss                stm32f1xx_hal_timebase_tim.o
    0x20007c58   0x00000800   Zero   RW         2770    .bss                bsp_iap.o
    0x20008458   0x00000020   Zero   RW         2828    .bss                stm32f1xx_hal_flash.o
    0x20008478   0x00000040   Zero   RW         5460    .bss                queue.o
    0x200084b8   0x00000028   Zero   RW         5629    .bss                timers.o
    0x200084e0   0x000058c0   Zero   RW         5726    .bss                heap_4.o
    0x2000dda0   0x000000f0   Zero   RW         6245    .bss                tasks.o
    0x2000de90   0x00000400   Zero   RW         5426    STACK               startup_stm32f103xe.o


==============================================================================

Image component sizes


      Code (inc. data)   RO Data    RW Data    ZI Data      Debug   Object Name

       992        518          0          4       2048       2568   bsp_iap.o
        92         10          0          0          0       1155   bsp_led.o
      1132         22          0          0          0       9441   bsp_spi_flash.o
       340         14          0          0       2064       3438   bsp_stm_flash.o
       622          6          0          0          0       5228   bsp_usart1.o
       354          8          0          0          0      13423   cmsis_os.o
       552          6          0          0          0       6100   event_groups.o
      9690       1310        310         82          0      13522   freertos.o
       292         22          0          0          0       1011   gpio.o
       624         64          0         24      22720       4295   heap_4.o
       148          0          0          0          0       3510   list.o
      1596        496          0        296        400     549219   main.o
      5008        548         94         26      10130      25195   my_cc1101.o
         0          0          0         80          0       1139   my_cc_tx_rx.o
         0          0          0        712       3840       5822   my_def_value.o
       232         84          0          7          0       1172   my_exit.o
       896        106          0          0          0      28693   my_gprs.o
     25094       5108          0        132      12398      43911   my_os.o
        48          4          0          0          0        543   my_spi.o
       516        124          0          4          0       2961   my_time.o
       464         58          0          3          0       1857   my_usart.o
       682         86          0         12          0       8654   port.o
      1678          6          0          0         64      14793   queue.o
       216         20          0          0         20       1603   rtc.o
       316         38          0          0        176       2202   spi.o
        36          8        304          0       1024        784   startup_stm32f103xe.o
        94         16          0          4          0       3103   stm32f1xx_hal.o
       462         42          0          0          0      28861   stm32f1xx_hal_cortex.o
       488         52          0          0         32       4226   stm32f1xx_hal_flash.o
       256         26          0          0          0       2667   stm32f1xx_hal_flash_ex.o
       888         46          0          0          0       4166   stm32f1xx_hal_gpio.o
       140         10          0          0          0        870   stm32f1xx_hal_msp.o
        24          4          0          0          0        527   stm32f1xx_hal_pwr.o
      3180        110          0          0          0       6489   stm32f1xx_hal_rcc.o
       736         46          0          0          0       2405   stm32f1xx_hal_rcc_ex.o
      1786         18          0          0          0      13176   stm32f1xx_hal_rtc.o
        48         10          0          0          0       1819   stm32f1xx_hal_rtc_ex.o
      1120          0          0          0          0       3401   stm32f1xx_hal_spi.o
       140          6          0          1          0       1390   stm32f1xx_hal_spi_ex.o
       696         20          0          0          0       6162   stm32f1xx_hal_tim.o
       102          0          0          0          0       2310   stm32f1xx_hal_tim_ex.o
       136         18          0          0         60       1532   stm32f1xx_hal_timebase_tim.o
      1760          6          0          0          0       8615   stm32f1xx_hal_uart.o
       380        200          0          0          0      10085   stm32f1xx_it.o
        88         18         24          4          0       1191   system_stm32f1xx.o
      3112        428          0         56        240      24879   tasks.o
       136         20          0          0        300       1686   tim.o
      1222        112          0         16         40      11182   timers.o
       480         54          0          0        320       2922   usart.o
         0          0          0         37        566       2880   wdz_101.o
      1050         80          0         27          0       4912   wdz_eeprom.o
      2848        706         69          5          0       9339   wdz_m35.o
         0          0          0          8          0        395   wdz_mcu.o

    ----------------------------------------------------------------------
     73038      10714        840       1552      56444     913429   Object Totals
         0          0         32          0          0          0   (incl. Generated)
        46          0          7         12          2          0   (incl. Padding)

    ----------------------------------------------------------------------

      Code (inc. data)   RO Data    RW Data    ZI Data      Debug   Library Member Name

        86          0          0          0          0          0   __dczerorl2.o
         0          0          0          0          0          0   entry.o
         0          0          0          0          0          0   entry10a.o
         0          0          0          0          0          0   entry11a.o
         8          4          0          0          0          0   entry2.o
         4          0          0          0          0          0   entry5.o
         0          0          0          0          0          0   entry7b.o
         0          0          0          0          0          0   entry8b.o
         8          4          0          0          0          0   entry9a.o
        30          0          0          0          0          0   handlers.o
        36          8          0          0          0         68   init.o
         0          0          0          0          0          0   iusefp.o
        30          0          0          0          0         68   llshl.o
        36          0          0          0          0         68   llsshr.o
        32          0          0          0          0         68   llushr.o
        36          0          0          0          0         68   memcpya.o
        36          0          0          0          0        108   memseta.o
      2258         90          0          0          0        452   printfa.o
         0          0          0          4          0          0   stdout.o
        24          0          0          0          0         68   strcat.o
        28          0          0          0          0         76   strcmp.o
        18          0          0          0          0         68   strcpy.o
        14          0          0          0          0         68   strlen.o
        44          0          0          0          0         80   uidiv.o
        98          0          0          0          0         92   uldiv.o
        48          0          0          0          0         68   cdcmple.o
        48          0          0          0          0         68   cdrcmple.o
        20          0          0          0          0         68   cfcmple.o
        20          0          0          0          0         68   cfrcmple.o
        56          0          0          0          0         88   d2f.o
       334          0          0          0          0        148   dadd.o
       222          0          0          0          0        100   ddiv.o
       186          0          0          0          0        176   depilogue.o
        62          0          0          0          0         80   dfixi.o
        50          0          0          0          0         76   dfixui.o
        48          0          0          0          0         68   dfixul.o
        34          0          0          0          0         76   dflti.o
        26          0          0          0          0         76   dfltui.o
       228          0          0          0          0         96   dmul.o
        38          0          0          0          0         68   f2d.o
       124          0          0          0          0         88   fdiv.o
       110          0          0          0          0        168   fepilogue.o
        40          0          0          0          0         68   ffixui.o
        10          0          0          0          0         68   ffltui.o
       100          0          0          0          0         76   fmul.o

    ----------------------------------------------------------------------
      4634        106          0          4          0       3144   Library Totals
         4          0          0          0          0          0   (incl. Padding)

    ----------------------------------------------------------------------

      Code (inc. data)   RO Data    RW Data    ZI Data      Debug   Library Name

      2826        106          0          4          0       1352   mc_w.l
      1804          0          0          0          0       1792   mf_w.l

    ----------------------------------------------------------------------
      4634        106          0          4          0       3144   Library Totals

    ----------------------------------------------------------------------

==============================================================================


      Code (inc. data)   RO Data    RW Data    ZI Data      Debug   

     77672      10820        840       1556      56444     897045   Grand Totals
     77672      10820        840        160      56444     897045   ELF Image Totals (compressed)
     77672      10820        840        160          0          0   ROM Totals

==============================================================================

    Total RO  Size (Code + RO Data)                78512 (  76.67kB)
    Total RW  Size (RW Data + ZI Data)             58000 (  56.64kB)
    Total ROM Size (Code + RO Data + RW Data)      78672 (  76.83kB)

==============================================================================

